Archive member included to satisfy reference by file (symbol)

c:/eclipse/gnu mcu eclipse/arm embedded gcc/8.2.1-1.7-20190524-0603/bin/../lib/gcc/arm-none-eabi/8.2.1/../../../../arm-none-eabi/lib/thumb/v7e-m+fp/hard\libc_nano.a(lib_a-exit.o)
                              c:/eclipse/gnu mcu eclipse/arm embedded gcc/8.2.1-1.7-20190524-0603/bin/../lib/gcc/arm-none-eabi/8.2.1/../../../../arm-none-eabi/lib/thumb/v7e-m+fp/hard/crt0.o (exit)
c:/eclipse/gnu mcu eclipse/arm embedded gcc/8.2.1-1.7-20190524-0603/bin/../lib/gcc/arm-none-eabi/8.2.1/../../../../arm-none-eabi/lib/thumb/v7e-m+fp/hard\libc_nano.a(lib_a-impure.o)
                              c:/eclipse/gnu mcu eclipse/arm embedded gcc/8.2.1-1.7-20190524-0603/bin/../lib/gcc/arm-none-eabi/8.2.1/../../../../arm-none-eabi/lib/thumb/v7e-m+fp/hard\libc_nano.a(lib_a-exit.o) (_global_impure_ptr)
c:/eclipse/gnu mcu eclipse/arm embedded gcc/8.2.1-1.7-20190524-0603/bin/../lib/gcc/arm-none-eabi/8.2.1/../../../../arm-none-eabi/lib/thumb/v7e-m+fp/hard\libc_nano.a(lib_a-init.o)
                              c:/eclipse/gnu mcu eclipse/arm embedded gcc/8.2.1-1.7-20190524-0603/bin/../lib/gcc/arm-none-eabi/8.2.1/../../../../arm-none-eabi/lib/thumb/v7e-m+fp/hard/crt0.o (__libc_init_array)
c:/eclipse/gnu mcu eclipse/arm embedded gcc/8.2.1-1.7-20190524-0603/bin/../lib/gcc/arm-none-eabi/8.2.1/../../../../arm-none-eabi/lib/thumb/v7e-m+fp/hard\libc_nano.a(lib_a-memcmp.o)
                              _build/nrf52832_xxaa/ble_advdata.c.o (memcmp)
c:/eclipse/gnu mcu eclipse/arm embedded gcc/8.2.1-1.7-20190524-0603/bin/../lib/gcc/arm-none-eabi/8.2.1/../../../../arm-none-eabi/lib/thumb/v7e-m+fp/hard\libc_nano.a(lib_a-memcpy-stub.o)
                              _build/nrf52832_xxaa/nrf_atfifo.c.o (memcpy)
c:/eclipse/gnu mcu eclipse/arm embedded gcc/8.2.1-1.7-20190524-0603/bin/../lib/gcc/arm-none-eabi/8.2.1/../../../../arm-none-eabi/lib/thumb/v7e-m+fp/hard\libc_nano.a(lib_a-memset.o)
                              c:/eclipse/gnu mcu eclipse/arm embedded gcc/8.2.1-1.7-20190524-0603/bin/../lib/gcc/arm-none-eabi/8.2.1/../../../../arm-none-eabi/lib/thumb/v7e-m+fp/hard/crt0.o (memset)
c:/eclipse/gnu mcu eclipse/arm embedded gcc/8.2.1-1.7-20190524-0603/bin/../lib/gcc/arm-none-eabi/8.2.1/../../../../arm-none-eabi/lib/thumb/v7e-m+fp/hard\libc_nano.a(lib_a-strlen.o)
                              _build/nrf52832_xxaa/nrf_fprintf_format.c.o (strlen)
c:/eclipse/gnu mcu eclipse/arm embedded gcc/8.2.1-1.7-20190524-0603/bin/../lib/gcc/arm-none-eabi/8.2.1/../../../../arm-none-eabi/lib/thumb/v7e-m+fp/hard\libnosys.a(_exit.o)
                              c:/eclipse/gnu mcu eclipse/arm embedded gcc/8.2.1-1.7-20190524-0603/bin/../lib/gcc/arm-none-eabi/8.2.1/../../../../arm-none-eabi/lib/thumb/v7e-m+fp/hard\libc_nano.a(lib_a-exit.o) (_exit)
c:/eclipse/gnu mcu eclipse/arm embedded gcc/8.2.1-1.7-20190524-0603/bin/../lib/gcc/arm-none-eabi/8.2.1/thumb/v7e-m+fp/hard\libgcc.a(_arm_addsubdf3.o)
                              _build/nrf52832_xxaa/arduino.cpp.o (__aeabi_f2d)
c:/eclipse/gnu mcu eclipse/arm embedded gcc/8.2.1-1.7-20190524-0603/bin/../lib/gcc/arm-none-eabi/8.2.1/thumb/v7e-m+fp/hard\libgcc.a(_arm_muldivdf3.o)
                              _build/nrf52832_xxaa/arduino.cpp.o (__aeabi_ddiv)
c:/eclipse/gnu mcu eclipse/arm embedded gcc/8.2.1-1.7-20190524-0603/bin/../lib/gcc/arm-none-eabi/8.2.1/thumb/v7e-m+fp/hard\libgcc.a(_arm_fixunsdfsi.o)
                              _build/nrf52832_xxaa/arduino.cpp.o (__aeabi_d2uiz)
c:/eclipse/gnu mcu eclipse/arm embedded gcc/8.2.1-1.7-20190524-0603/bin/../lib/gcc/arm-none-eabi/8.2.1/thumb/v7e-m+fp/hard\libgcc.a(_aeabi_ldivmod.o)
                              _build/nrf52832_xxaa/bsp.c.o (__aeabi_ldivmod)
c:/eclipse/gnu mcu eclipse/arm embedded gcc/8.2.1-1.7-20190524-0603/bin/../lib/gcc/arm-none-eabi/8.2.1/thumb/v7e-m+fp/hard\libgcc.a(_aeabi_uldivmod.o)
                              _build/nrf52832_xxaa/bsp.c.o (__aeabi_uldivmod)
c:/eclipse/gnu mcu eclipse/arm embedded gcc/8.2.1-1.7-20190524-0603/bin/../lib/gcc/arm-none-eabi/8.2.1/thumb/v7e-m+fp/hard\libgcc.a(_udivmoddi4.o)
                              c:/eclipse/gnu mcu eclipse/arm embedded gcc/8.2.1-1.7-20190524-0603/bin/../lib/gcc/arm-none-eabi/8.2.1/thumb/v7e-m+fp/hard\libgcc.a(_aeabi_ldivmod.o) (__udivmoddi4)
c:/eclipse/gnu mcu eclipse/arm embedded gcc/8.2.1-1.7-20190524-0603/bin/../lib/gcc/arm-none-eabi/8.2.1/thumb/v7e-m+fp/hard\libgcc.a(unwind-arm.o)
                              _build/nrf52832_xxaa/arduino.cpp.o (__aeabi_unwind_cpp_pr0)
c:/eclipse/gnu mcu eclipse/arm embedded gcc/8.2.1-1.7-20190524-0603/bin/../lib/gcc/arm-none-eabi/8.2.1/thumb/v7e-m+fp/hard\libgcc.a(libunwind.o)
                              c:/eclipse/gnu mcu eclipse/arm embedded gcc/8.2.1-1.7-20190524-0603/bin/../lib/gcc/arm-none-eabi/8.2.1/thumb/v7e-m+fp/hard\libgcc.a(unwind-arm.o) (restore_core_regs)
[...]
Memory Configuration

Name             Origin             Length             Attributes
FLASH            0x0000000000026000 0x000000000005a000 xr
RAM              0x0000000020002a98 0x000000000000d568 xrw
*default*        0x0000000000000000 0xffffffffffffffff

Linker script and memory map


.text           0x0000000000026000     0x1764
 *(.isr_vector)
 .isr_vector    0x0000000000026000      0x200 _build/nrf52832_xxaa/gcc_startup_nrf52.S.o
                0x0000000000026000                __isr_vector
 *(.text*)
 .text.deregister_tm_clones
                0x0000000000026200       0x1c c:/eclipse/gnu mcu eclipse/arm embedded gcc/8.2.1-1.7-20190524-0603/bin/../lib/gcc/arm-none-eabi/8.2.1/thumb/v7e-m+fp/hard/crtbegin.o
 .text.register_tm_clones
                0x000000000002621c       0x24 c:/eclipse/gnu mcu eclipse/arm embedded gcc/8.2.1-1.7-20190524-0603/bin/../lib/gcc/arm-none-eabi/8.2.1/thumb/v7e-m+fp/hard/crtbegin.o
 .text.__do_global_dtors_aux
                0x0000000000026240       0x28 c:/eclipse/gnu mcu eclipse/arm embedded gcc/8.2.1-1.7-20190524-0603/bin/../lib/gcc/arm-none-eabi/8.2.1/thumb/v7e-m+fp/hard/crtbegin.o
 .text.frame_dummy
                0x0000000000026268       0x24 c:/eclipse/gnu mcu eclipse/arm embedded gcc/8.2.1-1.7-20190524-0603/bin/../lib/gcc/arm-none-eabi/8.2.1/thumb/v7e-m+fp/hard/crtbegin.o
 .text          0x000000000002628c       0x74 c:/eclipse/gnu mcu eclipse/arm embedded gcc/8.2.1-1.7-20190524-0603/bin/../lib/gcc/arm-none-eabi/8.2.1/../../../../arm-none-eabi/lib/thumb/v7e-m+fp/hard/crt0.o
                0x000000000002628c                _start
                0x000000000002628c                _mainCRTStartup
 .text          0x0000000000026300       0x3c _build/nrf52832_xxaa/gcc_startup_nrf52.S.o
                0x0000000000026300                Reset_Handler
                0x0000000000026328                NMI_Handler
                0x000000000002632a                HardFault_Handler
                0x000000000002632c                MemoryManagement_Handler
                0x000000000002632e                BusFault_Handler
                0x0000000000026330                UsageFault_Handler
                0x0000000000026332                SVC_Handler
                0x0000000000026334                DebugMon_Handler
                0x0000000000026336                PendSV_Handler
                0x0000000000026338                SysTick_Handler
                0x000000000002633a                PDM_IRQHandler
                0x000000000002633a                TEMP_IRQHandler
                0x000000000002633a                QDEC_IRQHandler
                0x000000000002633a                TIMER3_IRQHandler
                0x000000000002633a                FPU_IRQHandler
                0x000000000002633a                SPIM0_SPIS0_TWIM0_TWIS0_SPI0_TWI0_IRQHandler
                0x000000000002633a                RADIO_IRQHandler
                0x000000000002633a                TIMER4_IRQHandler
                0x000000000002633a                I2S_IRQHandler
                0x000000000002633a                SWI4_EGU4_IRQHandler
                0x000000000002633a                TIMER0_IRQHandler
                0x000000000002633a                RTC0_IRQHandler
                0x000000000002633a                PWM1_IRQHandler
                0x000000000002633a                PWM2_IRQHandler
                0x000000000002633a                ECB_IRQHandler
                0x000000000002633a                SPIM1_SPIS1_TWIM1_TWIS1_SPI1_TWI1_IRQHandler
                0x000000000002633a                Default_Handler
                0x000000000002633a                SAADC_IRQHandler
                0x000000000002633a                CCM_AAR_IRQHandler
                0x000000000002633a                WDT_IRQHandler
                0x000000000002633a                GPIOTE_IRQHandler
                0x000000000002633a                SWI5_EGU5_IRQHandler
                0x000000000002633a                RNG_IRQHandler
                0x000000000002633a                RTC2_IRQHandler
                0x000000000002633a                PWM0_IRQHandler
                0x000000000002633a                SWI3_EGU3_IRQHandler
                0x000000000002633a                SWI1_EGU1_IRQHandler
                0x000000000002633a                SPIM2_SPIS2_SPI2_IRQHandler
                0x000000000002633a                NFCT_IRQHandler
                0x000000000002633a                TIMER1_IRQHandler
                0x000000000002633a                MWU_IRQHandler
                0x000000000002633a                TIMER2_IRQHandler
                0x000000000002633a                COMP_LPCOMP_IRQHandler
 .text.app_error_handler_bare
                0x000000000002633c       0x20 _build/nrf52832_xxaa/app_error.c.o
                0x000000000002633c                app_error_handler_bare
 .text.app_error_fault_handler
                0x000000000002635c       0x34 _build/nrf52832_xxaa/app_error_weak.c.o
                0x000000000002635c                app_error_fault_handler
 .text.RTC1_IRQHandler
                0x0000000000026390       0xa0 _build/nrf52832_xxaa/app_timer.c.o
                0x0000000000026390                RTC1_IRQHandler
 .text.SWI0_EGU0_IRQHandler
                0x0000000000026430      0x3e4 _build/nrf52832_xxaa/app_timer.c.o
                0x0000000000026430                SWI0_EGU0_IRQHandler
 .text.app_timer_start
                0x0000000000026814       0xac _build/nrf52832_xxaa/app_timer.c.o
                0x0000000000026814                app_timer_start
 .text.app_timer_stop
                0x00000000000268c0       0x74 _build/nrf52832_xxaa/app_timer.c.o
                0x00000000000268c0                app_timer_stop
 .text.app_util_critical_region_enter
                0x0000000000026934       0x4c _build/nrf52832_xxaa/app_util_platform.c.o
                0x0000000000026934                app_util_critical_region_enter
 .text.app_util_critical_region_exit
                0x0000000000026980       0x30 _build/nrf52832_xxaa/app_util_platform.c.o
                0x0000000000026980                app_util_critical_region_exit
 .text.nrf_atflags_set
                0x00000000000269b0       0x14 _build/nrf52832_xxaa/nrf_atflags.c.o
                0x00000000000269b0                nrf_atflags_set
 .text.nrf_atflags_clear
                0x00000000000269c4       0x14 _build/nrf52832_xxaa/nrf_atflags.c.o
                0x00000000000269c4                nrf_atflags_clear
 .text.nrf_atflags_get
                0x00000000000269d8       0x14 _build/nrf52832_xxaa/nrf_atflags.c.o
                0x00000000000269d8                nrf_atflags_get
 .text.nrf_atomic_u32_or
                0x00000000000269ec       0x18 _build/nrf52832_xxaa/nrf_atomic.c.o
                0x00000000000269ec                nrf_atomic_u32_or
 .text.nrf_atomic_u32_and
                0x0000000000026a04       0x18 _build/nrf52832_xxaa/nrf_atomic.c.o
                0x0000000000026a04                nrf_atomic_u32_and
 .text.nrf_section_iter_init
                0x0000000000026a1c       0x14 _build/nrf52832_xxaa/nrf_section_iter.c.o
                0x0000000000026a1c                nrf_section_iter_init
 .text.nrf_section_iter_next
                0x0000000000026a30       0x18 _build/nrf52832_xxaa/nrf_section_iter.c.o
                0x0000000000026a30                nrf_section_iter_next
 .text.SystemInit
                0x0000000000026a48      0x3b4 _build/nrf52832_xxaa/system_nrf52.c.o
                0x0000000000026a48                SystemInit
 .text.clock_irq_handler
                0x0000000000026dfc       0x44 _build/nrf52832_xxaa/nrf_drv_clock.c.o
 .text.soc_evt_handler
                0x0000000000026e40       0x28 _build/nrf52832_xxaa/nrf_drv_clock.c.o
 .text.sd_state_evt_handler
                0x0000000000026e68       0xa4 _build/nrf52832_xxaa/nrf_drv_clock.c.o
 .text.nrfx_clock_init
                0x0000000000026f0c       0x18 _build/nrf52832_xxaa/nrfx_clock.c.o
                0x0000000000026f0c                nrfx_clock_init
 .text.nrfx_clock_enable
                0x0000000000026f24       0x24 _build/nrf52832_xxaa/nrfx_clock.c.o
                0x0000000000026f24                nrfx_clock_enable
 .text.nrfx_clock_lfclk_stop
                0x0000000000026f48       0x18 _build/nrf52832_xxaa/nrfx_clock.c.o
                0x0000000000026f48                nrfx_clock_lfclk_stop
 .text.POWER_CLOCK_IRQHandler
                0x0000000000026f60       0x64 _build/nrf52832_xxaa/nrfx_clock.c.o
                0x0000000000026f60                POWER_CLOCK_IRQHandler
 .text.UARTE0_UART0_IRQHandler
                0x0000000000026fc4      0x1c0 _build/nrf52832_xxaa/nrfx_uart.c.o
                0x0000000000026fc4                UARTE0_UART0_IRQHandler
 .text.bsp_event_to_button_action_assign
                0x0000000000027184       0x58 _build/nrf52832_xxaa/bsp.c.o
                0x0000000000027184                bsp_event_to_button_action_assign
 .text.ble_evt_handler
                0x00000000000271dc       0xac _build/nrf52832_xxaa/bsp_btn_ble.c.o
 .text.startup.main
                0x0000000000027288        0x4 _build/nrf52832_xxaa/main.cpp.o
                0x0000000000027288                main
 .text.ble_evt_handler
                0x000000000002728c      0x1ec _build/nrf52832_xxaa/ble_conn_params.c.o
 .text.ble_evt_handler
                0x0000000000027478      0x124 _build/nrf52832_xxaa/ble_conn_state.c.o
 .text.ble_srv_is_notification_enabled
                0x000000000002759c        0x8 _build/nrf52832_xxaa/ble_srv_common.c.o
                0x000000000002759c                ble_srv_is_notification_enabled
 .text.nrf_sdh_is_enabled
                0x00000000000275a4        0xc _build/nrf52832_xxaa/nrf_sdh.c.o
                0x00000000000275a4                nrf_sdh_is_enabled
 .text.SWI2_EGU2_IRQHandler
                0x00000000000275b0       0x2c _build/nrf52832_xxaa/nrf_sdh.c.o
                0x00000000000275b0                SWI2_EGU2_IRQHandler
 .text.sd_ble_evt_get
                0x00000000000275dc        0x4 _build/nrf52832_xxaa/nrf_sdh_ble.c.o
 .text.nrf_sdh_ble_evts_poll.part.1
                0x00000000000275e0       0x54 _build/nrf52832_xxaa/nrf_sdh_ble.c.o
 .text.nrf_sdh_ble_evts_poll
                0x0000000000027634       0x10 _build/nrf52832_xxaa/nrf_sdh_ble.c.o
 .text.sd_evt_get
                0x0000000000027644        0x4 _build/nrf52832_xxaa/nrf_sdh_soc.c.o
 .text.nrf_sdh_soc_evts_poll
                0x0000000000027648       0x4c _build/nrf52832_xxaa/nrf_sdh_soc.c.o
 .text.exit     0x0000000000027694       0x28 c:/eclipse/gnu mcu eclipse/arm embedded gcc/8.2.1-1.7-20190524-0603/bin/../lib/gcc/arm-none-eabi/8.2.1/../../../../arm-none-eabi/lib/thumb/v7e-m+fp/hard\libc_nano.a(lib_a-exit.o)
                0x0000000000027694                exit
 .text.__libc_init_array
                0x00000000000276bc       0x48 c:/eclipse/gnu mcu eclipse/arm embedded gcc/8.2.1-1.7-20190524-0603/bin/../lib/gcc/arm-none-eabi/8.2.1/../../../../arm-none-eabi/lib/thumb/v7e-m+fp/hard\libc_nano.a(lib_a-init.o)
                0x00000000000276bc                __libc_init_array
 .text.memset   0x0000000000027704       0x10 c:/eclipse/gnu mcu eclipse/arm embedded gcc/8.2.1-1.7-20190524-0603/bin/../lib/gcc/arm-none-eabi/8.2.1/../../../../arm-none-eabi/lib/thumb/v7e-m+fp/hard\libc_nano.a(lib_a-memset.o)
                0x0000000000027704                memset
 .text._exit    0x0000000000027714        0x4 c:/eclipse/gnu mcu eclipse/arm embedded gcc/8.2.1-1.7-20190524-0603/bin/../lib/gcc/arm-none-eabi/8.2.1/../../../../arm-none-eabi/lib/thumb/v7e-m+fp/hard\libnosys.a(_exit.o)
                0x0000000000027714                _exit
 *(.init)
 .init          0x0000000000027718        0x4 c:/eclipse/gnu mcu eclipse/arm embedded gcc/8.2.1-1.7-20190524-0603/bin/../lib/gcc/arm-none-eabi/8.2.1/thumb/v7e-m+fp/hard/crti.o
                0x0000000000027718                _init
 .init          0x000000000002771c        0x8 c:/eclipse/gnu mcu eclipse/arm embedded gcc/8.2.1-1.7-20190524-0603/bin/../lib/gcc/arm-none-eabi/8.2.1/thumb/v7e-m+fp/hard/crtn.o
 *(.fini)
 .fini          0x0000000000027724        0x4 c:/eclipse/gnu mcu eclipse/arm embedded gcc/8.2.1-1.7-20190524-0603/bin/../lib/gcc/arm-none-eabi/8.2.1/thumb/v7e-m+fp/hard/crti.o
                0x0000000000027724                _fini
 .fini          0x0000000000027728        0x8 c:/eclipse/gnu mcu eclipse/arm embedded gcc/8.2.1-1.7-20190524-0603/bin/../lib/gcc/arm-none-eabi/8.2.1/thumb/v7e-m+fp/hard/crtn.o
 *crtbegin.o(.ctors)
 *crtbegin?.o(.ctors)
 *(EXCLUDE_FILE(*crtend.o *crtend?.o) .ctors)
 *(SORT_BY_NAME(.ctors.*))
 *(.ctors)
 *crtbegin.o(.dtors)
 *crtbegin?.o(.dtors)
 *(EXCLUDE_FILE(*crtend.o *crtend?.o) .dtors)
 *(SORT_BY_NAME(.dtors.*))
 *(.dtors)
 *(.rodata*)
 .rodata.delay_machine_code.8819
                0x0000000000027730        0x6 _build/nrf52832_xxaa/app_timer.c.o
 *fill*         0x0000000000027736        0x2 
 .rodata.sdh_stack_observers
                0x0000000000027738        0xc _build/nrf52832_xxaa/nrf_sdh.c.o
 .rodata.sdh_ble_observers
                0x0000000000027744        0xc _build/nrf52832_xxaa/nrf_sdh_ble.c.o
 .rodata.sdh_soc_observers
                0x0000000000027750        0xc _build/nrf52832_xxaa/nrf_sdh_soc.c.o
 .rodata._global_impure_ptr
                0x000000000002775c        0x4 c:/eclipse/gnu mcu eclipse/arm embedded gcc/8.2.1-1.7-20190524-0603/bin/../lib/gcc/arm-none-eabi/8.2.1/../../../../arm-none-eabi/lib/thumb/v7e-m+fp/hard\libc_nano.a(lib_a-impure.o)
                0x000000000002775c                _global_impure_ptr
 *(.eh_frame*)
 .eh_frame      0x0000000000027760        0x0 c:/eclipse/gnu mcu eclipse/arm embedded gcc/8.2.1-1.7-20190524-0603/bin/../lib/gcc/arm-none-eabi/8.2.1/thumb/v7e-m+fp/hard/crtbegin.o
 .eh_frame      0x0000000000027760        0x4 c:/eclipse/gnu mcu eclipse/arm embedded gcc/8.2.1-1.7-20190524-0603/bin/../lib/gcc/arm-none-eabi/8.2.1/thumb/v7e-m+fp/hard/crtend.o

.glue_7         0x0000000000027764        0x0
 .glue_7        0x0000000000027764        0x0 linker stubs

.glue_7t        0x0000000000027764        0x0
 .glue_7t       0x0000000000027764        0x0 linker stubs

.vfp11_veneer   0x0000000000027764        0x0
 .vfp11_veneer  0x0000000000027764        0x0 linker stubs

.v4_bx          0x0000000000027764        0x0
 .v4_bx         0x0000000000027764        0x0 linker stubs

.iplt           0x0000000000027764        0x0
 .iplt          0x0000000000027764        0x0 c:/eclipse/gnu mcu eclipse/arm embedded gcc/8.2.1-1.7-20190524-0603/bin/../lib/gcc/arm-none-eabi/8.2.1/thumb/v7e-m+fp/hard/crtbegin.o

.mem_section_dummy_rom

.sdh_ant_observers
                0x0000000000027764        0x0
                [!provide]                        PROVIDE (__start_sdh_ant_observers = .)
 *(SORT_BY_NAME(.sdh_ant_observers*))
                [!provide]                        PROVIDE (__stop_sdh_ant_observers = .)

.sdh_ble_observers
                0x0000000000027764       0x18
                0x0000000000027764                PROVIDE (__start_sdh_ble_observers = .)
 *(SORT_BY_NAME(.sdh_ble_observers*))
 .sdh_ble_observers0
                0x0000000000027764        0x8 _build/nrf52832_xxaa/ble_conn_state.c.o
 .sdh_ble_observers1
                0x000000000002776c        0x8 _build/nrf52832_xxaa/bsp_btn_ble.c.o
 .sdh_ble_observers1
                0x0000000000027774        0x8 _build/nrf52832_xxaa/ble_conn_params.c.o
                0x000000000002777c                PROVIDE (__stop_sdh_ble_observers = .)

.sdh_soc_observers
                0x000000000002777c        0x8
                0x000000000002777c                PROVIDE (__start_sdh_soc_observers = .)
 *(SORT_BY_NAME(.sdh_soc_observers*))
 .sdh_soc_observers0
                0x000000000002777c        0x8 _build/nrf52832_xxaa/nrf_drv_clock.c.o
                0x0000000000027784                PROVIDE (__stop_sdh_soc_observers = .)

.sdh_req_observers
                0x0000000000027784        0x0
                0x0000000000027784                PROVIDE (__start_sdh_req_observers = .)
 *(SORT_BY_NAME(.sdh_req_observers*))
                0x0000000000027784                PROVIDE (__stop_sdh_req_observers = .)

.sdh_state_observers
                0x0000000000027784        0x8
                0x0000000000027784                PROVIDE (__start_sdh_state_observers = .)
 *(SORT_BY_NAME(.sdh_state_observers*))
 .sdh_state_observers0
                0x0000000000027784        0x8 _build/nrf52832_xxaa/nrf_drv_clock.c.o
                0x000000000002778c                PROVIDE (__stop_sdh_state_observers = .)

.sdh_stack_observers
                0x000000000002778c       0x10
                0x000000000002778c                PROVIDE (__start_sdh_stack_observers = .)
 *(SORT_BY_NAME(.sdh_stack_observers*))
 .sdh_stack_observers0
                0x000000000002778c        0x8 _build/nrf52832_xxaa/nrf_sdh_ble.c.o
 .sdh_stack_observers0
                0x0000000000027794        0x8 _build/nrf52832_xxaa/nrf_sdh_soc.c.o
                0x000000000002779c                PROVIDE (__stop_sdh_stack_observers = .)

.log_const_data
                0x000000000002779c        0x0
                [!provide]                        PROVIDE (__start_log_const_data = .)
 *(SORT_BY_NAME(.log_const_data*))
                [!provide]                        PROVIDE (__stop_log_const_data = .)

.nrf_balloc     0x000000000002779c        0x0
                [!provide]                        PROVIDE (__start_nrf_balloc = .)
 *(.nrf_balloc)
                [!provide]                        PROVIDE (__stop_nrf_balloc = .)

.nrf_queue      0x000000000002779c        0x0
                [!provide]                        PROVIDE (__start_nrf_queue = .)
 *(.nrf_queue)
                [!provide]                        PROVIDE (__stop_nrf_queue = .)

.cli_command    0x000000000002779c        0x0
                [!provide]                        PROVIDE (__start_cli_command = .)
 *(.cli_command)
                [!provide]                        PROVIDE (__stop_cli_command = .)

.crypto_data    0x000000000002779c        0x0
                [!provide]                        PROVIDE (__start_crypto_data = .)
 *(SORT_BY_NAME(.crypto_data*))
                [!provide]                        PROVIDE (__stop_crypto_data = .)

.pwr_mgmt_data  0x000000000002779c        0x0
                [!provide]                        PROVIDE (__start_pwr_mgmt_data = .)
 *(SORT_BY_NAME(.pwr_mgmt_data*))
                [!provide]                        PROVIDE (__stop_pwr_mgmt_data = .)

.log_backends   0x000000000002779c        0x0
                [!provide]                        PROVIDE (__start_log_backends = .)
 *(SORT_BY_NAME(.log_backends*))
                [!provide]                        PROVIDE (__stop_log_backends = .)

.ARM.extab
 *(.ARM.extab* .gnu.linkonce.armextab.*)
                0x000000000002779c                __exidx_start = .

.ARM.exidx      0x000000000002779c        0x8
 *(.ARM.exidx* .gnu.linkonce.armexidx.*)
 .ARM.exidx     0x000000000002779c        0x8 c:/eclipse/gnu mcu eclipse/arm embedded gcc/8.2.1-1.7-20190524-0603/bin/../lib/gcc/arm-none-eabi/8.2.1/../../../../arm-none-eabi/lib/thumb/v7e-m+fp/hard/crt0.o
 .ARM.exidx.text.startup.main
                0x00000000000277a4        0x0 _build/nrf52832_xxaa/main.cpp.o
                                          0x8 (size before relaxing)
                0x00000000000277a4                __exidx_end = .
                0x00000000000277a4                __etext = .

.rel.dyn        0x00000000000277a4        0x0
 .rel.iplt      0x00000000000277a4        0x0 c:/eclipse/gnu mcu eclipse/arm embedded gcc/8.2.1-1.7-20190524-0603/bin/../lib/gcc/arm-none-eabi/8.2.1/thumb/v7e-m+fp/hard/crtbegin.o

.data           0x0000000020002a98       0x6c load address 0x00000000000277a4
                0x0000000020002a98                __data_start__ = .
 *(vtable)
 *(.data*)
 .data.SystemCoreClock
                0x0000000020002a98        0x4 _build/nrf52832_xxaa/system_nrf52.c.o
                0x0000000020002a98                SystemCoreClock
 .data.impure_data
                0x0000000020002a9c       0x60 c:/eclipse/gnu mcu eclipse/arm embedded gcc/8.2.1-1.7-20190524-0603/bin/../lib/gcc/arm-none-eabi/8.2.1/../../../../arm-none-eabi/lib/thumb/v7e-m+fp/hard\libc_nano.a(lib_a-impure.o)
                0x0000000020002afc                . = ALIGN (0x4)
                0x0000000020002afc                PROVIDE (__preinit_array_start = .)
 *(.preinit_array)
                0x0000000020002afc                PROVIDE (__preinit_array_end = .)
                0x0000000020002afc                . = ALIGN (0x4)
                0x0000000020002afc                PROVIDE (__init_array_start = .)
 *(SORT_BY_NAME(.init_array.*))
 *(.init_array)
 .init_array    0x0000000020002afc        0x4 c:/eclipse/gnu mcu eclipse/arm embedded gcc/8.2.1-1.7-20190524-0603/bin/../lib/gcc/arm-none-eabi/8.2.1/thumb/v7e-m+fp/hard/crtbegin.o
                0x0000000020002b00                PROVIDE (__init_array_end = .)
                0x0000000020002b00                . = ALIGN (0x4)
                [!provide]                        PROVIDE (__fini_array_start = .)
 *(SORT_BY_NAME(.fini_array.*))
 *(.fini_array)
 .fini_array    0x0000000020002b00        0x4 c:/eclipse/gnu mcu eclipse/arm embedded gcc/8.2.1-1.7-20190524-0603/bin/../lib/gcc/arm-none-eabi/8.2.1/thumb/v7e-m+fp/hard/crtbegin.o
                [!provide]                        PROVIDE (__fini_array_end = .)
 *(.jcr*)
                0x0000000020002b04                . = ALIGN (0x4)
                0x0000000020002b04                __data_end__ = .
LOAD c:/eclipse/gnu mcu eclipse/arm embedded gcc/8.2.1-1.7-20190524-0603/bin/../lib/gcc/arm-none-eabi/8.2.1/thumb/v7e-m+fp/hard/crti.o
LOAD c:/eclipse/gnu mcu eclipse/arm embedded gcc/8.2.1-1.7-20190524-0603/bin/../lib/gcc/arm-none-eabi/8.2.1/thumb/v7e-m+fp/hard/crtbegin.o
LOAD c:/eclipse/gnu mcu eclipse/arm embedded gcc/8.2.1-1.7-20190524-0603/bin/../lib/gcc/arm-none-eabi/8.2.1/../../../../arm-none-eabi/lib/thumb/v7e-m+fp/hard/crt0.o
LOAD _build/nrf52832_xxaa/gcc_startup_nrf52.S.o
LOAD _build/nrf52832_xxaa/nrf_log_frontend.c.o
LOAD _build/nrf52832_xxaa/nrf_log_str_formatter.c.o
LOAD _build/nrf52832_xxaa/app_button.c.o
LOAD _build/nrf52832_xxaa/app_error.c.o
LOAD _build/nrf52832_xxaa/app_error_handler_gcc.c.o
LOAD _build/nrf52832_xxaa/app_error_weak.c.o
LOAD _build/nrf52832_xxaa/app_fifo.c.o
LOAD _build/nrf52832_xxaa/app_scheduler.c.o
LOAD _build/nrf52832_xxaa/app_timer.c.o
LOAD _build/nrf52832_xxaa/app_uart_fifo.c.o
LOAD _build/nrf52832_xxaa/app_util_platform.c.o
LOAD _build/nrf52832_xxaa/hardfault_implementation.c.o
LOAD _build/nrf52832_xxaa/nrf_assert.c.o
LOAD _build/nrf52832_xxaa/nrf_atfifo.c.o
LOAD _build/nrf52832_xxaa/nrf_atflags.c.o
LOAD _build/nrf52832_xxaa/nrf_atomic.c.o
LOAD _build/nrf52832_xxaa/nrf_balloc.c.o
LOAD _build/nrf52832_xxaa/nrf_fprintf.c.o
LOAD _build/nrf52832_xxaa/nrf_fprintf_format.c.o
LOAD _build/nrf52832_xxaa/nrf_memobj.c.o
LOAD _build/nrf52832_xxaa/nrf_pwr_mgmt.c.o
LOAD _build/nrf52832_xxaa/nrf_ringbuf.c.o
LOAD _build/nrf52832_xxaa/nrf_section_iter.c.o
LOAD _build/nrf52832_xxaa/nrf_strerror.c.o
LOAD _build/nrf52832_xxaa/retarget.c.o
LOAD _build/nrf52832_xxaa/system_nrf52.c.o
LOAD _build/nrf52832_xxaa/boards.c.o
LOAD _build/nrf52832_xxaa/nrf_drv_clock.c.o
LOAD _build/nrf52832_xxaa/nrf_drv_uart.c.o
LOAD _build/nrf52832_xxaa/nrfx_atomic.c.o
LOAD _build/nrf52832_xxaa/nrfx_clock.c.o
LOAD _build/nrf52832_xxaa/nrfx_gpiote.c.o
LOAD _build/nrf52832_xxaa/nrfx_prs.c.o
LOAD _build/nrf52832_xxaa/nrfx_uart.c.o
LOAD _build/nrf52832_xxaa/nrfx_uarte.c.o
LOAD _build/nrf52832_xxaa/bsp.c.o
LOAD _build/nrf52832_xxaa/bsp_btn_ble.c.o
LOAD _build/nrf52832_xxaa/main.cpp.o
LOAD _build/nrf52832_xxaa/ble_advdata.c.o
LOAD _build/nrf52832_xxaa/ble_advertising.c.o
LOAD _build/nrf52832_xxaa/ble_conn_params.c.o
LOAD _build/nrf52832_xxaa/ble_conn_state.c.o
LOAD _build/nrf52832_xxaa/ble_link_ctx_manager.c.o
LOAD _build/nrf52832_xxaa/ble_srv_common.c.o
LOAD _build/nrf52832_xxaa/nrf_ble_gatt.c.o
LOAD _build/nrf52832_xxaa/nrf_ble_qwr.c.o
LOAD _build/nrf52832_xxaa/utf.c.o
LOAD _build/nrf52832_xxaa/ble_nus.c.o
LOAD _build/nrf52832_xxaa/nrf_sdh.c.o
LOAD _build/nrf52832_xxaa/nrf_sdh_ble.c.o
LOAD _build/nrf52832_xxaa/nrf_sdh_soc.c.o
LOAD _build/nrf52832_xxaa/nrf_nvmc.c.o
LOAD _build/nrf52832_xxaa/Bluetooth.cpp.o
LOAD _build/nrf52832_xxaa/arduino.cpp.o
LOAD _build/nrf52832_xxaa/AHRS.cpp.o
LOAD _build/nrf52832_xxaa/Wire.cpp.o
LOAD _build/nrf52832_xxaa/MPU9250.cpp.o
LOAD c:/eclipse/gnu mcu eclipse/arm embedded gcc/8.2.1-1.7-20190524-0603/bin/../lib/gcc/arm-none-eabi/8.2.1/../../../../arm-none-eabi/lib/thumb/v7e-m+fp/hard\libc_nano.a
LOAD c:/eclipse/gnu mcu eclipse/arm embedded gcc/8.2.1-1.7-20190524-0603/bin/../lib/gcc/arm-none-eabi/8.2.1/../../../../arm-none-eabi/lib/thumb/v7e-m+fp/hard\libnosys.a
LOAD c:/eclipse/gnu mcu eclipse/arm embedded gcc/8.2.1-1.7-20190524-0603/bin/../lib/gcc/arm-none-eabi/8.2.1/../../../../arm-none-eabi/lib/thumb/v7e-m+fp/hard\libm.a
START GROUP
LOAD c:/eclipse/gnu mcu eclipse/arm embedded gcc/8.2.1-1.7-20190524-0603/bin/../lib/gcc/arm-none-eabi/8.2.1/thumb/v7e-m+fp/hard\libgcc.a
LOAD c:/eclipse/gnu mcu eclipse/arm embedded gcc/8.2.1-1.7-20190524-0603/bin/../lib/gcc/arm-none-eabi/8.2.1/../../../../arm-none-eabi/lib/thumb/v7e-m+fp/hard\libg_nano.a
LOAD c:/eclipse/gnu mcu eclipse/arm embedded gcc/8.2.1-1.7-20190524-0603/bin/../lib/gcc/arm-none-eabi/8.2.1/../../../../arm-none-eabi/lib/thumb/v7e-m+fp/hard\libc_nano.a
END GROUP
START GROUP
LOAD c:/eclipse/gnu mcu eclipse/arm embedded gcc/8.2.1-1.7-20190524-0603/bin/../lib/gcc/arm-none-eabi/8.2.1/thumb/v7e-m+fp/hard\libgcc.a
LOAD c:/eclipse/gnu mcu eclipse/arm embedded gcc/8.2.1-1.7-20190524-0603/bin/../lib/gcc/arm-none-eabi/8.2.1/../../../../arm-none-eabi/lib/thumb/v7e-m+fp/hard\libc_nano.a
END GROUP
LOAD c:/eclipse/gnu mcu eclipse/arm embedded gcc/8.2.1-1.7-20190524-0603/bin/../lib/gcc/arm-none-eabi/8.2.1/thumb/v7e-m+fp/hard/crtend.o
LOAD c:/eclipse/gnu mcu eclipse/arm embedded gcc/8.2.1-1.7-20190524-0603/bin/../lib/gcc/arm-none-eabi/8.2.1/thumb/v7e-m+fp/hard/crtn.o
START GROUP
LOAD c:/eclipse/gnu mcu eclipse/arm embedded gcc/8.2.1-1.7-20190524-0603/bin/../lib/gcc/arm-none-eabi/8.2.1/thumb/v7e-m+fp/hard\libgcc.a
LOAD c:/eclipse/gnu mcu eclipse/arm embedded gcc/8.2.1-1.7-20190524-0603/bin/../lib/gcc/arm-none-eabi/8.2.1/../../../../arm-none-eabi/lib/thumb/v7e-m+fp/hard\libc.a
LOAD c:/eclipse/gnu mcu eclipse/arm embedded gcc/8.2.1-1.7-20190524-0603/bin/../lib/gcc/arm-none-eabi/8.2.1/../../../../arm-none-eabi/lib/thumb/v7e-m+fp/hard\libnosys.a
END GROUP

.tm_clone_table
                0x0000000020002b04        0x0 load address 0x0000000000027810
 .tm_clone_table
                0x0000000020002b04        0x0 c:/eclipse/gnu mcu eclipse/arm embedded gcc/8.2.1-1.7-20190524-0603/bin/../lib/gcc/arm-none-eabi/8.2.1/thumb/v7e-m+fp/hard/crtbegin.o
 .tm_clone_table
                0x0000000020002b04        0x0 c:/eclipse/gnu mcu eclipse/arm embedded gcc/8.2.1-1.7-20190524-0603/bin/../lib/gcc/arm-none-eabi/8.2.1/thumb/v7e-m+fp/hard/crtend.o

.igot.plt       0x0000000020002b04        0x0 load address 0x0000000000027810
 .igot.plt      0x0000000020002b04        0x0 c:/eclipse/gnu mcu eclipse/arm embedded gcc/8.2.1-1.7-20190524-0603/bin/../lib/gcc/arm-none-eabi/8.2.1/thumb/v7e-m+fp/hard/crtbegin.o
                0x0000000020002b04                . = ALIGN (0x4)

.mem_section_dummy_ram

.log_dynamic_data
                0x0000000020002b04        0x0
                [!provide]                        PROVIDE (__start_log_dynamic_data = .)
 *(SORT_BY_NAME(.log_dynamic_data*))
                [!provide]                        PROVIDE (__stop_log_dynamic_data = .)

.log_filter_data
                0x0000000020002b04        0x0
                [!provide]                        PROVIDE (__start_log_filter_data = .)
 *(SORT_BY_NAME(.log_filter_data*))
                [!provide]                        PROVIDE (__stop_log_filter_data = .)

.cli_sorted_cmd_ptrs
                0x0000000020002b04        0x0
                [!provide]                        PROVIDE (__start_cli_sorted_cmd_ptrs = .)
 *(.cli_sorted_cmd_ptrs)
                [!provide]                        PROVIDE (__stop_cli_sorted_cmd_ptrs = .)

.fs_data        0x0000000020002b04        0x0
                [!provide]                        PROVIDE (__start_fs_data = .)
 *(.fs_data)
                [!provide]                        PROVIDE (__stop_fs_data = .)

.bss            0x0000000020002b04      0x25c load address 0x0000000000027810
                0x0000000020002b04                . = ALIGN (0x4)
                0x0000000020002b04                __bss_start__ = .
 *(.bss*)
 .bss.completed.8014
                0x0000000020002b04        0x1 c:/eclipse/gnu mcu eclipse/arm embedded gcc/8.2.1-1.7-20190524-0603/bin/../lib/gcc/arm-none-eabi/8.2.1/thumb/v7e-m+fp/hard/crtbegin.o
 *fill*         0x0000000020002b05        0x3 
 .bss.object.8019
                0x0000000020002b08       0x18 c:/eclipse/gnu mcu eclipse/arm embedded gcc/8.2.1-1.7-20190524-0603/bin/../lib/gcc/arm-none-eabi/8.2.1/thumb/v7e-m+fp/hard/crtbegin.o
 .bss.m_op_queue
                0x0000000020002b20      0x10c _build/nrf52832_xxaa/app_timer.c.o
 .bss.m_rtc1_reset
                0x0000000020002c2c        0x1 _build/nrf52832_xxaa/app_timer.c.o
 .bss.m_rtc1_running
                0x0000000020002c2d        0x1 _build/nrf52832_xxaa/app_timer.c.o
 *fill*         0x0000000020002c2e        0x2 
 .bss.m_ticks_elapsed
                0x0000000020002c30        0x8 _build/nrf52832_xxaa/app_timer.c.o
 .bss.m_ticks_elapsed_q_read_ind
                0x0000000020002c38        0x1 _build/nrf52832_xxaa/app_timer.c.o
 .bss.m_ticks_elapsed_q_write_ind
                0x0000000020002c39        0x1 _build/nrf52832_xxaa/app_timer.c.o
 *fill*         0x0000000020002c3a        0x2 
 .bss.m_ticks_latest
                0x0000000020002c3c        0x4 _build/nrf52832_xxaa/app_timer.c.o
 .bss.mp_timer_id_head
                0x0000000020002c40        0x4 _build/nrf52832_xxaa/app_timer.c.o
 .bss.m_clock_cb
                0x0000000020002c44       0x14 _build/nrf52832_xxaa/nrf_drv_clock.c.o
 .bss.m_clock_cb
                0x0000000020002c58        0x8 _build/nrf52832_xxaa/nrfx_clock.c.o
 .bss.m_cb      0x0000000020002c60       0x2c _build/nrf52832_xxaa/nrfx_uart.c.o
 .bss.m_events_list
                0x0000000020002c8c        0xc _build/nrf52832_xxaa/bsp.c.o
 .bss.m_error_handler
                0x0000000020002c98        0x4 _build/nrf52832_xxaa/bsp_btn_ble.c.o
 .bss.m_num_connections
                0x0000000020002c9c        0x4 _build/nrf52832_xxaa/bsp_btn_ble.c.o
 .bss.m_conn_params_config
                0x0000000020002ca0       0x1c _build/nrf52832_xxaa/ble_conn_params.c.o
 .bss.m_conn_params_instances
                0x0000000020002cbc       0x14 _build/nrf52832_xxaa/ble_conn_params.c.o
 .bss.m_preferred_conn_params
                0x0000000020002cd0        0x8 _build/nrf52832_xxaa/ble_conn_params.c.o
 .bss.m_bcs     0x0000000020002cd8       0x78 _build/nrf52832_xxaa/ble_conn_state.c.o
 .bss.m_nrf_sdh_enabled
                0x0000000020002d50        0x1 _build/nrf52832_xxaa/nrf_sdh.c.o
 .bss.m_stack_is_enabled
                0x0000000020002d51        0x1 _build/nrf52832_xxaa/nrf_sdh_ble.c.o
 *(COMMON)
 *fill*         0x0000000020002d52        0x2 
 COMMON         0x0000000020002d54        0xc _build/nrf52832_xxaa/app_util_platform.c.o
                0x0000000020002d54                nrf_nvic_state
                0x0000000020002d60                . = ALIGN (0x4)
                0x0000000020002d60                __bss_end__ = .

.heap           0x0000000020002d60     0x2000
                0x0000000020002d60                __HeapBase = .
                0x0000000020002d60                __end__ = .
                0x0000000020002d60                PROVIDE (end = .)
 *(.heap*)
 .heap          0x0000000020002d60     0x2000 _build/nrf52832_xxaa/gcc_startup_nrf52.S.o
                0x0000000020004d60                __HeapLimit = .

.stack_dummy    0x0000000020002d60     0x2000
 *(.stack*)
 .stack         0x0000000020002d60     0x2000 _build/nrf52832_xxaa/gcc_startup_nrf52.S.o
                0x0000000020010000                __StackTop = (ORIGIN (RAM) + LENGTH (RAM))
                0x000000002000e000                __StackLimit = (__StackTop - SIZEOF (.stack_dummy))
                0x0000000020010000                PROVIDE (__stack = __StackTop)
                0x0000000000000001                ASSERT ((__StackLimit >= __HeapLimit), region RAM overflowed with stack)
                0x000000000000006c                DataInitFlashUsed = (__bss_start__ - __data_start__)
                0x00000000000017a4                CodeFlashUsed = (__etext - ORIGIN (FLASH))
                0x0000000000001810                TotalFlashUsed = (CodeFlashUsed + DataInitFlashUsed)
                0x0000000000000001                ASSERT ((TotalFlashUsed <= LENGTH (FLASH)), region FLASH overflowed with .data and user data)
OUTPUT(_build/nrf52832_xxaa.out elf32-littlearm)

.ARM.attributes
                0x0000000000000000       0x30
 .ARM.attributes
                0x0000000000000000       0x1e c:/eclipse/gnu mcu eclipse/arm embedded gcc/8.2.1-1.7-20190524-0603/bin/../lib/gcc/arm-none-eabi/8.2.1/thumb/v7e-m+fp/hard/crti.o
 .ARM.attributes
                0x000000000000001e       0x34 c:/eclipse/gnu mcu eclipse/arm embedded gcc/8.2.1-1.7-20190524-0603/bin/../lib/gcc/arm-none-eabi/8.2.1/thumb/v7e-m+fp/hard/crtbegin.o
 .ARM.attributes
                0x0000000000000052       0x1c c:/eclipse/gnu mcu eclipse/arm embedded gcc/8.2.1-1.7-20190524-0603/bin/../lib/gcc/arm-none-eabi/8.2.1/../../../../arm-none-eabi/lib/thumb/v7e-m+fp/hard/crt0.o
 .ARM.attributes
                0x000000000000006e       0x20 _build/nrf52832_xxaa/gcc_startup_nrf52.S.o
 .ARM.attributes
                0x000000000000008e       0x34 _build/nrf52832_xxaa/app_error.c.o
 .ARM.attributes
                0x00000000000000c2       0x34 _build/nrf52832_xxaa/app_error_weak.c.o
 .ARM.attributes
                0x00000000000000f6       0x34 _build/nrf52832_xxaa/app_timer.c.o
 .ARM.attributes
                0x000000000000012a       0x34 _build/nrf52832_xxaa/app_util_platform.c.o
 .ARM.attributes
                0x000000000000015e       0x34 _build/nrf52832_xxaa/nrf_atflags.c.o
 .ARM.attributes
                0x0000000000000192       0x34 _build/nrf52832_xxaa/nrf_atomic.c.o
 .ARM.attributes
                0x00000000000001c6       0x34 _build/nrf52832_xxaa/nrf_section_iter.c.o
 .ARM.attributes
                0x00000000000001fa       0x34 _build/nrf52832_xxaa/system_nrf52.c.o
 .ARM.attributes
                0x000000000000022e       0x34 _build/nrf52832_xxaa/nrf_drv_clock.c.o
 .ARM.attributes
                0x0000000000000262       0x34 _build/nrf52832_xxaa/nrfx_clock.c.o
 .ARM.attributes
                0x0000000000000296       0x34 _build/nrf52832_xxaa/nrfx_uart.c.o
 .ARM.attributes
                0x00000000000002ca       0x34 _build/nrf52832_xxaa/bsp.c.o
 .ARM.attributes
                0x00000000000002fe       0x34 _build/nrf52832_xxaa/bsp_btn_ble.c.o
 .ARM.attributes
                0x0000000000000332       0x34 _build/nrf52832_xxaa/main.cpp.o
 .ARM.attributes
                0x0000000000000366       0x34 _build/nrf52832_xxaa/ble_conn_params.c.o
 .ARM.attributes
                0x000000000000039a       0x34 _build/nrf52832_xxaa/ble_conn_state.c.o
 .ARM.attributes
                0x00000000000003ce       0x34 _build/nrf52832_xxaa/ble_srv_common.c.o
 .ARM.attributes
                0x0000000000000402       0x34 _build/nrf52832_xxaa/nrf_sdh.c.o
 .ARM.attributes
                0x0000000000000436       0x34 _build/nrf52832_xxaa/nrf_sdh_ble.c.o
 .ARM.attributes
                0x000000000000046a       0x34 _build/nrf52832_xxaa/nrf_sdh_soc.c.o
 .ARM.attributes
                0x000000000000049e       0x34 c:/eclipse/gnu mcu eclipse/arm embedded gcc/8.2.1-1.7-20190524-0603/bin/../lib/gcc/arm-none-eabi/8.2.1/../../../../arm-none-eabi/lib/thumb/v7e-m+fp/hard\libc_nano.a(lib_a-exit.o)
 .ARM.attributes
                0x00000000000004d2       0x32 c:/eclipse/gnu mcu eclipse/arm embedded gcc/8.2.1-1.7-20190524-0603/bin/../lib/gcc/arm-none-eabi/8.2.1/../../../../arm-none-eabi/lib/thumb/v7e-m+fp/hard\libc_nano.a(lib_a-impure.o)
 .ARM.attributes
                0x0000000000000504       0x34 c:/eclipse/gnu mcu eclipse/arm embedded gcc/8.2.1-1.7-20190524-0603/bin/../lib/gcc/arm-none-eabi/8.2.1/../../../../arm-none-eabi/lib/thumb/v7e-m+fp/hard\libc_nano.a(lib_a-init.o)
 .ARM.attributes
                0x0000000000000538       0x34 c:/eclipse/gnu mcu eclipse/arm embedded gcc/8.2.1-1.7-20190524-0603/bin/../lib/gcc/arm-none-eabi/8.2.1/../../../../arm-none-eabi/lib/thumb/v7e-m+fp/hard\libc_nano.a(lib_a-memset.o)
 .ARM.attributes
                0x000000000000056c       0x34 c:/eclipse/gnu mcu eclipse/arm embedded gcc/8.2.1-1.7-20190524-0603/bin/../lib/gcc/arm-none-eabi/8.2.1/../../../../arm-none-eabi/lib/thumb/v7e-m+fp/hard\libnosys.a(_exit.o)
 .ARM.attributes
                0x00000000000005a0       0x32 c:/eclipse/gnu mcu eclipse/arm embedded gcc/8.2.1-1.7-20190524-0603/bin/../lib/gcc/arm-none-eabi/8.2.1/thumb/v7e-m+fp/hard/crtend.o
 .ARM.attributes
                0x00000000000005d2       0x1e c:/eclipse/gnu mcu eclipse/arm embedded gcc/8.2.1-1.7-20190524-0603/bin/../lib/gcc/arm-none-eabi/8.2.1/thumb/v7e-m+fp/hard/crtn.o

.comment        0x0000000000000000       0x68
 .comment       0x0000000000000000       0x68 _build/nrf52832_xxaa/app_error.c.o
                                         0x69 (size before relaxing)
 .comment       0x0000000000000068       0x69 _build/nrf52832_xxaa/app_error_weak.c.o
 .comment       0x0000000000000068       0x69 _build/nrf52832_xxaa/app_timer.c.o
 .comment       0x0000000000000068       0x69 _build/nrf52832_xxaa/app_util_platform.c.o
 .comment       0x0000000000000068       0x69 _build/nrf52832_xxaa/nrf_atflags.c.o
 .comment       0x0000000000000068       0x69 _build/nrf52832_xxaa/nrf_atomic.c.o
 .comment       0x0000000000000068       0x69 _build/nrf52832_xxaa/nrf_section_iter.c.o
 .comment       0x0000000000000068       0x69 _build/nrf52832_xxaa/system_nrf52.c.o
 .comment       0x0000000000000068       0x69 _build/nrf52832_xxaa/nrf_drv_clock.c.o
 .comment       0x0000000000000068       0x69 _build/nrf52832_xxaa/nrfx_clock.c.o
 .comment       0x0000000000000068       0x69 _build/nrf52832_xxaa/nrfx_uart.c.o
 .comment       0x0000000000000068       0x69 _build/nrf52832_xxaa/bsp.c.o
 .comment       0x0000000000000068       0x69 _build/nrf52832_xxaa/bsp_btn_ble.c.o
 .comment       0x0000000000000068       0x69 _build/nrf52832_xxaa/main.cpp.o
 .comment       0x0000000000000068       0x69 _build/nrf52832_xxaa/ble_conn_params.c.o
 .comment       0x0000000000000068       0x69 _build/nrf52832_xxaa/ble_conn_state.c.o
 .comment       0x0000000000000068       0x69 _build/nrf52832_xxaa/ble_srv_common.c.o
 .comment       0x0000000000000068       0x69 _build/nrf52832_xxaa/nrf_sdh.c.o
 .comment       0x0000000000000068       0x69 _build/nrf52832_xxaa/nrf_sdh_ble.c.o
 .comment       0x0000000000000068       0x69 _build/nrf52832_xxaa/nrf_sdh_soc.c.o

.debug_line     0x0000000000000000    0x10b6f
 .debug_line    0x0000000000000000       0x8f _build/nrf52832_xxaa/gcc_startup_nrf52.S.o
 .debug_line    0x000000000000008f      0x601 _build/nrf52832_xxaa/app_error.c.o
 .debug_line    0x0000000000000690      0x8b6 _build/nrf52832_xxaa/app_error_weak.c.o
 .debug_line    0x0000000000000f46     0x1812 _build/nrf52832_xxaa/app_timer.c.o
 .debug_line    0x0000000000002758      0x845 _build/nrf52832_xxaa/app_util_platform.c.o
 .debug_line    0x0000000000002f9d      0x8f8 _build/nrf52832_xxaa/nrf_atflags.c.o
 .debug_line    0x0000000000003895      0x8ce _build/nrf52832_xxaa/nrf_atomic.c.o
 .debug_line    0x0000000000004163      0x656 _build/nrf52832_xxaa/nrf_section_iter.c.o
 .debug_line    0x00000000000047b9      0x94c _build/nrf52832_xxaa/system_nrf52.c.o
 .debug_line    0x0000000000005105     0x12a5 _build/nrf52832_xxaa/nrf_drv_clock.c.o
 .debug_line    0x00000000000063aa     0x1079 _build/nrf52832_xxaa/nrfx_clock.c.o
 .debug_line    0x0000000000007423     0x1ef1 _build/nrf52832_xxaa/nrfx_uart.c.o
 .debug_line    0x0000000000009314     0x1203 _build/nrf52832_xxaa/bsp.c.o
 .debug_line    0x000000000000a517      0xc07 _build/nrf52832_xxaa/bsp_btn_ble.c.o
 .debug_line    0x000000000000b11e      0xb39 _build/nrf52832_xxaa/main.cpp.o
 .debug_line    0x000000000000bc57      0xea9 _build/nrf52832_xxaa/ble_conn_params.c.o
 .debug_line    0x000000000000cb00     0x1122 _build/nrf52832_xxaa/ble_conn_state.c.o
 .debug_line    0x000000000000dc22      0xb9b _build/nrf52832_xxaa/ble_srv_common.c.o
 .debug_line    0x000000000000e7bd     0x1046 _build/nrf52832_xxaa/nrf_sdh.c.o
 .debug_line    0x000000000000f803      0xaeb _build/nrf52832_xxaa/nrf_sdh_ble.c.o
 .debug_line    0x00000000000102ee      0x881 _build/nrf52832_xxaa/nrf_sdh_soc.c.o

.debug_info     0x0000000000000000    0x2574f
 .debug_info    0x0000000000000000       0x26 _build/nrf52832_xxaa/gcc_startup_nrf52.S.o
 .debug_info    0x0000000000000026      0xbac _build/nrf52832_xxaa/app_error.c.o
 .debug_info    0x0000000000000bd2      0xf9f _build/nrf52832_xxaa/app_error_weak.c.o
 .debug_info    0x0000000000001b71     0x29ec _build/nrf52832_xxaa/app_timer.c.o
 .debug_info    0x000000000000455d     0x1305 _build/nrf52832_xxaa/app_util_platform.c.o
 .debug_info    0x0000000000005862      0xf53 _build/nrf52832_xxaa/nrf_atflags.c.o
 .debug_info    0x00000000000067b5     0x1434 _build/nrf52832_xxaa/nrf_atomic.c.o
 .debug_info    0x0000000000007be9      0xac1 _build/nrf52832_xxaa/nrf_section_iter.c.o
 .debug_info    0x00000000000086aa     0x1277 _build/nrf52832_xxaa/system_nrf52.c.o
 .debug_info    0x0000000000009921     0x2071 _build/nrf52832_xxaa/nrf_drv_clock.c.o
 .debug_info    0x000000000000b992     0x1e20 _build/nrf52832_xxaa/nrfx_clock.c.o
 .debug_info    0x000000000000d7b2     0x40d4 _build/nrf52832_xxaa/nrfx_uart.c.o
 .debug_info    0x0000000000011886     0x1e95 _build/nrf52832_xxaa/bsp.c.o
 .debug_info    0x000000000001371b     0x28bc _build/nrf52832_xxaa/bsp_btn_ble.c.o
 .debug_info    0x0000000000015fd7     0x13c3 _build/nrf52832_xxaa/main.cpp.o
 .debug_info    0x000000000001739a     0x357c _build/nrf52832_xxaa/ble_conn_params.c.o
 .debug_info    0x000000000001a916     0x3783 _build/nrf52832_xxaa/ble_conn_state.c.o
 .debug_info    0x000000000001e099     0x1700 _build/nrf52832_xxaa/ble_srv_common.c.o
 .debug_info    0x000000000001f799     0x2066 _build/nrf52832_xxaa/nrf_sdh.c.o
 .debug_info    0x00000000000217ff     0x2ff6 _build/nrf52832_xxaa/nrf_sdh_ble.c.o
 .debug_info    0x00000000000247f5      0xf5a _build/nrf52832_xxaa/nrf_sdh_soc.c.o

.debug_abbrev   0x0000000000000000     0x5213
 .debug_abbrev  0x0000000000000000       0x14 _build/nrf52832_xxaa/gcc_startup_nrf52.S.o
 .debug_abbrev  0x0000000000000014      0x276 _build/nrf52832_xxaa/app_error.c.o
 .debug_abbrev  0x000000000000028a      0x2b2 _build/nrf52832_xxaa/app_error_weak.c.o
 .debug_abbrev  0x000000000000053c      0x53a _build/nrf52832_xxaa/app_timer.c.o
 .debug_abbrev  0x0000000000000a76      0x3e6 _build/nrf52832_xxaa/app_util_platform.c.o
 .debug_abbrev  0x0000000000000e5c      0x378 _build/nrf52832_xxaa/nrf_atflags.c.o
 .debug_abbrev  0x00000000000011d4      0x378 _build/nrf52832_xxaa/nrf_atomic.c.o
 .debug_abbrev  0x000000000000154c      0x206 _build/nrf52832_xxaa/nrf_section_iter.c.o
 .debug_abbrev  0x0000000000001752      0x226 _build/nrf52832_xxaa/system_nrf52.c.o
 .debug_abbrev  0x0000000000001978      0x5da _build/nrf52832_xxaa/nrf_drv_clock.c.o
 .debug_abbrev  0x0000000000001f52      0x527 _build/nrf52832_xxaa/nrfx_clock.c.o
 .debug_abbrev  0x0000000000002479      0x53c _build/nrf52832_xxaa/nrfx_uart.c.o
 .debug_abbrev  0x00000000000029b5      0x51b _build/nrf52832_xxaa/bsp.c.o
 .debug_abbrev  0x0000000000002ed0      0x3cf _build/nrf52832_xxaa/bsp_btn_ble.c.o
 .debug_abbrev  0x000000000000329f      0x36d _build/nrf52832_xxaa/main.cpp.o
 .debug_abbrev  0x000000000000360c      0x5bb _build/nrf52832_xxaa/ble_conn_params.c.o
 .debug_abbrev  0x0000000000003bc7      0x5bb _build/nrf52832_xxaa/ble_conn_state.c.o
 .debug_abbrev  0x0000000000004182      0x3be _build/nrf52832_xxaa/ble_srv_common.c.o
 .debug_abbrev  0x0000000000004540      0x594 _build/nrf52832_xxaa/nrf_sdh.c.o
 .debug_abbrev  0x0000000000004ad4      0x45d _build/nrf52832_xxaa/nrf_sdh_ble.c.o
 .debug_abbrev  0x0000000000004f31      0x2e2 _build/nrf52832_xxaa/nrf_sdh_soc.c.o

.debug_aranges  0x0000000000000000      0x748
 .debug_aranges
                0x0000000000000000       0x20 _build/nrf52832_xxaa/gcc_startup_nrf52.S.o
 .debug_aranges
                0x0000000000000020       0x28 _build/nrf52832_xxaa/app_error.c.o
 .debug_aranges
                0x0000000000000048       0x20 _build/nrf52832_xxaa/app_error_weak.c.o
 .debug_aranges
                0x0000000000000068       0x70 _build/nrf52832_xxaa/app_timer.c.o
 .debug_aranges
                0x00000000000000d8       0x48 _build/nrf52832_xxaa/app_util_platform.c.o
 .debug_aranges
                0x0000000000000120       0x58 _build/nrf52832_xxaa/nrf_atflags.c.o
 .debug_aranges
                0x0000000000000178       0xb0 _build/nrf52832_xxaa/nrf_atomic.c.o
 .debug_aranges
                0x0000000000000228       0x28 _build/nrf52832_xxaa/nrf_section_iter.c.o
 .debug_aranges
                0x0000000000000250       0x28 _build/nrf52832_xxaa/system_nrf52.c.o
 .debug_aranges
                0x0000000000000278       0xa8 _build/nrf52832_xxaa/nrf_drv_clock.c.o
 .debug_aranges
                0x0000000000000320       0x78 _build/nrf52832_xxaa/nrfx_clock.c.o
 .debug_aranges
                0x0000000000000398       0x78 _build/nrf52832_xxaa/nrfx_uart.c.o
 .debug_aranges
                0x0000000000000410       0x80 _build/nrf52832_xxaa/bsp.c.o
 .debug_aranges
                0x0000000000000490       0x30 _build/nrf52832_xxaa/bsp_btn_ble.c.o
 .debug_aranges
                0x00000000000004c0       0x20 _build/nrf52832_xxaa/main.cpp.o
 .debug_aranges
                0x00000000000004e0       0x60 _build/nrf52832_xxaa/ble_conn_params.c.o
 .debug_aranges
                0x0000000000000540       0xc0 _build/nrf52832_xxaa/ble_conn_state.c.o
 .debug_aranges
                0x0000000000000600       0x58 _build/nrf52832_xxaa/ble_srv_common.c.o
 .debug_aranges
                0x0000000000000658       0x70 _build/nrf52832_xxaa/nrf_sdh.c.o
 .debug_aranges
                0x00000000000006c8       0x58 _build/nrf52832_xxaa/nrf_sdh_ble.c.o
 .debug_aranges
                0x0000000000000720       0x28 _build/nrf52832_xxaa/nrf_sdh_soc.c.o

.debug_str      0x0000000000000000    0x909a0
 .debug_str     0x0000000000000000       0x7e _build/nrf52832_xxaa/gcc_startup_nrf52.S.o
 .debug_str     0x000000000000007e    0x5fed3 _build/nrf52832_xxaa/app_error.c.o
                                      0x60ab2 (size before relaxing)
 .debug_str     0x000000000005ff51    0x14370 _build/nrf52832_xxaa/app_error_weak.c.o
                                      0x76230 (size before relaxing)
 .debug_str     0x00000000000742c1     0x8261 _build/nrf52832_xxaa/app_timer.c.o
                                      0x7af2b (size before relaxing)
 .debug_str     0x000000000007c522      0x257 _build/nrf52832_xxaa/app_util_platform.c.o
                                      0x61fc6 (size before relaxing)
 .debug_str     0x000000000007c779      0x3dd _build/nrf52832_xxaa/nrf_atflags.c.o
                                      0x7158b (size before relaxing)
 .debug_str     0x000000000007cb56      0x6ed _build/nrf52832_xxaa/nrf_atomic.c.o
                                      0x718e6 (size before relaxing)
 .debug_str     0x000000000007d243      0x25e _build/nrf52832_xxaa/nrf_section_iter.c.o
                                      0x7170e (size before relaxing)
 .debug_str     0x000000000007d4a1      0x47e _build/nrf52832_xxaa/system_nrf52.c.o
                                      0x5c564 (size before relaxing)
 .debug_str     0x000000000007d91f     0x1676 _build/nrf52832_xxaa/nrf_drv_clock.c.o
                                      0x7e2bb (size before relaxing)
 .debug_str     0x000000000007ef95      0x8f3 _build/nrf52832_xxaa/nrfx_clock.c.o
                                      0x7d7fd (size before relaxing)
 .debug_str     0x000000000007f888     0x1208 _build/nrf52832_xxaa/nrfx_uart.c.o
                                      0x7dfd5 (size before relaxing)
 .debug_str     0x0000000000080a90     0x21b1 _build/nrf52832_xxaa/bsp.c.o
                                      0x7bfd5 (size before relaxing)
 .debug_str     0x0000000000082c41     0x6b1c _build/nrf52832_xxaa/bsp_btn_ble.c.o
                                      0x82051 (size before relaxing)
 .debug_str     0x000000000008975d     0x3852 _build/nrf52832_xxaa/main.cpp.o
                                      0x7d027 (size before relaxing)
 .debug_str     0x000000000008cfaf     0x1cc9 _build/nrf52832_xxaa/ble_conn_params.c.o
                                      0x7a9fe (size before relaxing)
 .debug_str     0x000000000008ec78      0x847 _build/nrf52832_xxaa/ble_conn_state.c.o
                                      0x7a27e (size before relaxing)
 .debug_str     0x000000000008f4bf      0x6ab _build/nrf52832_xxaa/ble_srv_common.c.o
                                      0x6f148 (size before relaxing)
 .debug_str     0x000000000008fb6a      0x54a _build/nrf52832_xxaa/nrf_sdh.c.o
                                      0x76bfe (size before relaxing)
 .debug_str     0x00000000000900b4      0x75f _build/nrf52832_xxaa/nrf_sdh_ble.c.o
                                      0x7b7ed (size before relaxing)
 .debug_str     0x0000000000090813      0x18d _build/nrf52832_xxaa/nrf_sdh_soc.c.o
                                      0x75bb9 (size before relaxing)

.debug_loc      0x0000000000000000     0x8813
 .debug_loc     0x0000000000000000       0xc9 _build/nrf52832_xxaa/app_error.c.o
 .debug_loc     0x00000000000000c9       0x4a _build/nrf52832_xxaa/app_error_weak.c.o
 .debug_loc     0x0000000000000113     0x14aa _build/nrf52832_xxaa/app_timer.c.o
 .debug_loc     0x00000000000015bd      0x1e9 _build/nrf52832_xxaa/app_util_platform.c.o
 .debug_loc     0x00000000000017a6      0x4b2 _build/nrf52832_xxaa/nrf_atflags.c.o
 .debug_loc     0x0000000000001c58      0x5c9 _build/nrf52832_xxaa/nrf_atomic.c.o
 .debug_loc     0x0000000000002221      0x5af _build/nrf52832_xxaa/nrf_drv_clock.c.o
 .debug_loc     0x00000000000027d0      0x2d9 _build/nrf52832_xxaa/nrfx_clock.c.o
 .debug_loc     0x0000000000002aa9     0x2069 _build/nrf52832_xxaa/nrfx_uart.c.o
 .debug_loc     0x0000000000004b12      0xe13 _build/nrf52832_xxaa/bsp.c.o
 .debug_loc     0x0000000000005925      0x2a2 _build/nrf52832_xxaa/bsp_btn_ble.c.o
 .debug_loc     0x0000000000005bc7      0xdfd _build/nrf52832_xxaa/ble_conn_params.c.o
 .debug_loc     0x00000000000069c4      0xf6d _build/nrf52832_xxaa/ble_conn_state.c.o
 .debug_loc     0x0000000000007931      0x722 _build/nrf52832_xxaa/ble_srv_common.c.o
 .debug_loc     0x0000000000008053      0x4b1 _build/nrf52832_xxaa/nrf_sdh.c.o
 .debug_loc     0x0000000000008504      0x278 _build/nrf52832_xxaa/nrf_sdh_ble.c.o
 .debug_loc     0x000000000000877c       0x97 _build/nrf52832_xxaa/nrf_sdh_soc.c.o

.debug_ranges   0x0000000000000000     0x2cd8
 .debug_ranges  0x0000000000000000       0x18 _build/nrf52832_xxaa/app_error.c.o
 .debug_ranges  0x0000000000000018       0x10 _build/nrf52832_xxaa/app_error_weak.c.o
 .debug_ranges  0x0000000000000028      0x748 _build/nrf52832_xxaa/app_timer.c.o
 .debug_ranges  0x0000000000000770      0x148 _build/nrf52832_xxaa/app_util_platform.c.o
 .debug_ranges  0x00000000000008b8      0x188 _build/nrf52832_xxaa/nrf_atflags.c.o
 .debug_ranges  0x0000000000000a40       0xd8 _build/nrf52832_xxaa/nrf_atomic.c.o
 .debug_ranges  0x0000000000000b18       0x18 _build/nrf52832_xxaa/nrf_section_iter.c.o
 .debug_ranges  0x0000000000000b30      0x208 _build/nrf52832_xxaa/system_nrf52.c.o
 .debug_ranges  0x0000000000000d38      0x348 _build/nrf52832_xxaa/nrf_drv_clock.c.o
 .debug_ranges  0x0000000000001080      0x2d0 _build/nrf52832_xxaa/nrfx_clock.c.o
 .debug_ranges  0x0000000000001350      0x8a0 _build/nrf52832_xxaa/nrfx_uart.c.o
 .debug_ranges  0x0000000000001bf0      0x288 _build/nrf52832_xxaa/bsp.c.o
 .debug_ranges  0x0000000000001e78       0xb0 _build/nrf52832_xxaa/bsp_btn_ble.c.o
 .debug_ranges  0x0000000000001f28       0x10 _build/nrf52832_xxaa/main.cpp.o
 .debug_ranges  0x0000000000001f38      0x2e0 _build/nrf52832_xxaa/ble_conn_params.c.o
 .debug_ranges  0x0000000000002218      0x388 _build/nrf52832_xxaa/ble_conn_state.c.o
 .debug_ranges  0x00000000000025a0      0x158 _build/nrf52832_xxaa/ble_srv_common.c.o
 .debug_ranges  0x00000000000026f8      0x4c0 _build/nrf52832_xxaa/nrf_sdh.c.o
 .debug_ranges  0x0000000000002bb8       0xb8 _build/nrf52832_xxaa/nrf_sdh_ble.c.o
 .debug_ranges  0x0000000000002c70       0x68 _build/nrf52832_xxaa/nrf_sdh_soc.c.o

.debug_macro    0x0000000000000000     0xa691
 .debug_macro   0x0000000000000000      0x21f _build/nrf52832_xxaa/app_error.c.o
 .debug_macro   0x000000000000021f       0x35 _build/nrf52832_xxaa/app_error.c.o
 .debug_macro   0x0000000000000254       0x26 _build/nrf52832_xxaa/app_error.c.o
 .debug_macro   0x000000000000027a       0x16 _build/nrf52832_xxaa/app_error.c.o
 .debug_macro   0x0000000000000290       0x97 _build/nrf52832_xxaa/app_error.c.o
 .debug_macro   0x0000000000000327       0xf6 _build/nrf52832_xxaa/app_error.c.o
 .debug_macro   0x000000000000041d       0x10 _build/nrf52832_xxaa/app_error.c.o
 .debug_macro   0x000000000000042d       0x10 _build/nrf52832_xxaa/app_error.c.o
 .debug_macro   0x000000000000043d       0xb6 _build/nrf52832_xxaa/app_error.c.o
 .debug_macro   0x00000000000004f3       0x16 _build/nrf52832_xxaa/app_error.c.o
 .debug_macro   0x0000000000000509      0x129 _build/nrf52832_xxaa/app_error.c.o
 .debug_macro   0x0000000000000632       0x49 _build/nrf52832_xxaa/app_error.c.o
 .debug_macro   0x000000000000067b      0x373 _build/nrf52832_xxaa/app_error_weak.c.o
 .debug_macro   0x00000000000009ee       0x16 _build/nrf52832_xxaa/app_error_weak.c.o
 .debug_macro   0x0000000000000a04       0x31 _build/nrf52832_xxaa/app_error_weak.c.o
 .debug_macro   0x0000000000000a35       0x16 _build/nrf52832_xxaa/app_error_weak.c.o
 .debug_macro   0x0000000000000a4b       0x55 _build/nrf52832_xxaa/app_error_weak.c.o
 .debug_macro   0x0000000000000aa0      0x17f _build/nrf52832_xxaa/app_error_weak.c.o
 .debug_macro   0x0000000000000c1f       0x9a _build/nrf52832_xxaa/app_error_weak.c.o
 .debug_macro   0x0000000000000cb9       0x28 _build/nrf52832_xxaa/app_error_weak.c.o
 .debug_macro   0x0000000000000ce1       0x23 _build/nrf52832_xxaa/app_error_weak.c.o
 .debug_macro   0x0000000000000d04       0x1c _build/nrf52832_xxaa/app_error_weak.c.o
 .debug_macro   0x0000000000000d20       0x46 _build/nrf52832_xxaa/app_error_weak.c.o
 .debug_macro   0x0000000000000d66       0xa3 _build/nrf52832_xxaa/app_error_weak.c.o
 .debug_macro   0x0000000000000e09       0x3a _build/nrf52832_xxaa/app_error_weak.c.o
 .debug_macro   0x0000000000000e43       0x8c _build/nrf52832_xxaa/app_error_weak.c.o
 .debug_macro   0x0000000000000ecf       0x1c _build/nrf52832_xxaa/app_error_weak.c.o
 .debug_macro   0x0000000000000eeb      0x11b _build/nrf52832_xxaa/app_error_weak.c.o
 .debug_macro   0x0000000000001006      0x43c _build/nrf52832_xxaa/app_timer.c.o
 .debug_macro   0x0000000000001442       0x3c _build/nrf52832_xxaa/app_timer.c.o
 .debug_macro   0x000000000000147e       0x16 _build/nrf52832_xxaa/app_timer.c.o
 .debug_macro   0x0000000000001494       0x22 _build/nrf52832_xxaa/app_timer.c.o
 .debug_macro   0x00000000000014b6      0x3b1 _build/nrf52832_xxaa/app_timer.c.o
 .debug_macro   0x0000000000001867       0x52 _build/nrf52832_xxaa/app_timer.c.o
 .debug_macro   0x00000000000018b9      0xe8c _build/nrf52832_xxaa/app_timer.c.o
 .debug_macro   0x0000000000002745      0x12b _build/nrf52832_xxaa/app_timer.c.o
 .debug_macro   0x0000000000002870       0x45 _build/nrf52832_xxaa/app_timer.c.o
 .debug_macro   0x00000000000028b5       0x19 _build/nrf52832_xxaa/app_timer.c.o
 .debug_macro   0x00000000000028ce       0x1d _build/nrf52832_xxaa/app_timer.c.o
 .debug_macro   0x00000000000028eb       0x35 _build/nrf52832_xxaa/app_timer.c.o
 .debug_macro   0x0000000000002920       0x7b _build/nrf52832_xxaa/app_timer.c.o
 .debug_macro   0x000000000000299b       0x22 _build/nrf52832_xxaa/app_timer.c.o
 .debug_macro   0x00000000000029bd       0x40 _build/nrf52832_xxaa/app_timer.c.o
 .debug_macro   0x00000000000029fd       0x20 _build/nrf52832_xxaa/app_timer.c.o
 .debug_macro   0x0000000000002a1d      0x263 _build/nrf52832_xxaa/app_util_platform.c.o
 .debug_macro   0x0000000000002c80      0x247 _build/nrf52832_xxaa/nrf_atflags.c.o
 .debug_macro   0x0000000000002ec7       0x22 _build/nrf52832_xxaa/nrf_atflags.c.o
 .debug_macro   0x0000000000002ee9      0x241 _build/nrf52832_xxaa/nrf_atomic.c.o
 .debug_macro   0x000000000000312a       0x42 _build/nrf52832_xxaa/nrf_atomic.c.o
 .debug_macro   0x000000000000316c      0x250 _build/nrf52832_xxaa/nrf_section_iter.c.o
 .debug_macro   0x00000000000033bc       0x11 _build/nrf52832_xxaa/nrf_section_iter.c.o
 .debug_macro   0x00000000000033cd       0xf1 _build/nrf52832_xxaa/system_nrf52.c.o
 .debug_macro   0x00000000000034be      0x482 _build/nrf52832_xxaa/nrf_drv_clock.c.o
 .debug_macro   0x0000000000003940       0x22 _build/nrf52832_xxaa/nrf_drv_clock.c.o
 .debug_macro   0x0000000000003962       0x10 _build/nrf52832_xxaa/nrf_drv_clock.c.o
 .debug_macro   0x0000000000003972       0x2b _build/nrf52832_xxaa/nrf_drv_clock.c.o
 .debug_macro   0x000000000000399d       0x16 _build/nrf52832_xxaa/nrf_drv_clock.c.o
 .debug_macro   0x00000000000039b3      0x179 _build/nrf52832_xxaa/nrf_drv_clock.c.o
 .debug_macro   0x0000000000003b2c      0x43d _build/nrf52832_xxaa/nrfx_clock.c.o
 .debug_macro   0x0000000000003f69       0x1c _build/nrf52832_xxaa/nrfx_clock.c.o
 .debug_macro   0x0000000000003f85       0x42 _build/nrf52832_xxaa/nrfx_clock.c.o
 .debug_macro   0x0000000000003fc7      0x433 _build/nrf52832_xxaa/nrfx_uart.c.o
 .debug_macro   0x00000000000043fa       0x28 _build/nrf52832_xxaa/nrfx_uart.c.o
 .debug_macro   0x0000000000004422       0x1c _build/nrf52832_xxaa/nrfx_uart.c.o
 .debug_macro   0x000000000000443e      0x3c8 _build/nrf52832_xxaa/bsp.c.o
 .debug_macro   0x0000000000004806       0x1c _build/nrf52832_xxaa/bsp.c.o
 .debug_macro   0x0000000000004822       0x1c _build/nrf52832_xxaa/bsp.c.o
 .debug_macro   0x000000000000483e      0x100 _build/nrf52832_xxaa/bsp.c.o
 .debug_macro   0x000000000000493e       0x42 _build/nrf52832_xxaa/bsp.c.o
 .debug_macro   0x0000000000004980      0x495 _build/nrf52832_xxaa/bsp_btn_ble.c.o
 .debug_macro   0x0000000000004e15       0x46 _build/nrf52832_xxaa/bsp_btn_ble.c.o
 .debug_macro   0x0000000000004e5b       0xb2 _build/nrf52832_xxaa/bsp_btn_ble.c.o
 .debug_macro   0x0000000000004f0d      0x13a _build/nrf52832_xxaa/bsp_btn_ble.c.o
 .debug_macro   0x0000000000005047      0x204 _build/nrf52832_xxaa/bsp_btn_ble.c.o
 .debug_macro   0x000000000000524b      0x583 _build/nrf52832_xxaa/bsp_btn_ble.c.o
 .debug_macro   0x00000000000057ce       0x8c _build/nrf52832_xxaa/bsp_btn_ble.c.o
 .debug_macro   0x000000000000585a      0x205 _build/nrf52832_xxaa/bsp_btn_ble.c.o
 .debug_macro   0x0000000000005a5f       0x1c _build/nrf52832_xxaa/bsp_btn_ble.c.o
 .debug_macro   0x0000000000005a7b       0xf4 _build/nrf52832_xxaa/bsp_btn_ble.c.o
 .debug_macro   0x0000000000005b6f       0x4a _build/nrf52832_xxaa/bsp_btn_ble.c.o
 .debug_macro   0x0000000000005bb9       0x1c _build/nrf52832_xxaa/bsp_btn_ble.c.o
 .debug_macro   0x0000000000005bd5      0x4ff _build/nrf52832_xxaa/main.cpp.o
 .debug_macro   0x00000000000060d4      0xbc2 _build/nrf52832_xxaa/main.cpp.o
 .debug_macro   0x0000000000006c96       0x94 _build/nrf52832_xxaa/main.cpp.o
 .debug_macro   0x0000000000006d2a       0x34 _build/nrf52832_xxaa/main.cpp.o
 .debug_macro   0x0000000000006d5e       0x97 _build/nrf52832_xxaa/main.cpp.o
 .debug_macro   0x0000000000006df5      0x35c _build/nrf52832_xxaa/main.cpp.o
 .debug_macro   0x0000000000007151      0x104 _build/nrf52832_xxaa/main.cpp.o
 .debug_macro   0x0000000000007255       0x43 _build/nrf52832_xxaa/main.cpp.o
 .debug_macro   0x0000000000007298       0x1c _build/nrf52832_xxaa/main.cpp.o
 .debug_macro   0x00000000000072b4       0x52 _build/nrf52832_xxaa/main.cpp.o
 .debug_macro   0x0000000000007306       0x40 _build/nrf52832_xxaa/main.cpp.o
 .debug_macro   0x0000000000007346       0x10 _build/nrf52832_xxaa/main.cpp.o
 .debug_macro   0x0000000000007356       0x40 _build/nrf52832_xxaa/main.cpp.o
 .debug_macro   0x0000000000007396       0xd7 _build/nrf52832_xxaa/main.cpp.o
 .debug_macro   0x000000000000746d       0x1c _build/nrf52832_xxaa/main.cpp.o
 .debug_macro   0x0000000000007489       0x3d _build/nrf52832_xxaa/main.cpp.o
 .debug_macro   0x00000000000074c6      0x137 _build/nrf52832_xxaa/main.cpp.o
 .debug_macro   0x00000000000075fd      0x16f _build/nrf52832_xxaa/main.cpp.o
 .debug_macro   0x000000000000776c       0x10 _build/nrf52832_xxaa/main.cpp.o
 .debug_macro   0x000000000000777c      0x3f4 _build/nrf52832_xxaa/main.cpp.o
 .debug_macro   0x0000000000007b70       0x10 _build/nrf52832_xxaa/main.cpp.o
 .debug_macro   0x0000000000007b80       0x35 _build/nrf52832_xxaa/main.cpp.o
 .debug_macro   0x0000000000007bb5       0x16 _build/nrf52832_xxaa/main.cpp.o
 .debug_macro   0x0000000000007bcb       0x29 _build/nrf52832_xxaa/main.cpp.o
 .debug_macro   0x0000000000007bf4       0x1c _build/nrf52832_xxaa/main.cpp.o
 .debug_macro   0x0000000000007c10       0xde _build/nrf52832_xxaa/main.cpp.o
 .debug_macro   0x0000000000007cee       0x1c _build/nrf52832_xxaa/main.cpp.o
 .debug_macro   0x0000000000007d0a       0x16 _build/nrf52832_xxaa/main.cpp.o
 .debug_macro   0x0000000000007d20      0xe66 _build/nrf52832_xxaa/main.cpp.o
 .debug_macro   0x0000000000008b86       0x16 _build/nrf52832_xxaa/main.cpp.o
 .debug_macro   0x0000000000008b9c       0x28 _build/nrf52832_xxaa/main.cpp.o
 .debug_macro   0x0000000000008bc4       0x10 _build/nrf52832_xxaa/main.cpp.o
 .debug_macro   0x0000000000008bd4       0x10 _build/nrf52832_xxaa/main.cpp.o
 .debug_macro   0x0000000000008be4       0x5e _build/nrf52832_xxaa/main.cpp.o
 .debug_macro   0x0000000000008c42       0x10 _build/nrf52832_xxaa/main.cpp.o
 .debug_macro   0x0000000000008c52      0x321 _build/nrf52832_xxaa/main.cpp.o
 .debug_macro   0x0000000000008f73      0x3d4 _build/nrf52832_xxaa/ble_conn_params.c.o
 .debug_macro   0x0000000000009347       0x40 _build/nrf52832_xxaa/ble_conn_params.c.o
 .debug_macro   0x0000000000009387       0x10 _build/nrf52832_xxaa/ble_conn_params.c.o
 .debug_macro   0x0000000000009397      0x3b4 _build/nrf52832_xxaa/ble_conn_state.c.o
 .debug_macro   0x000000000000974b      0x2f2 _build/nrf52832_xxaa/ble_srv_common.c.o
 .debug_macro   0x0000000000009a3d      0x38e _build/nrf52832_xxaa/nrf_sdh.c.o
 .debug_macro   0x0000000000009dcb      0x16d _build/nrf52832_xxaa/nrf_sdh.c.o
 .debug_macro   0x0000000000009f38      0x3c3 _build/nrf52832_xxaa/nrf_sdh_ble.c.o
 .debug_macro   0x000000000000a2fb       0x31 _build/nrf52832_xxaa/nrf_sdh_ble.c.o
 .debug_macro   0x000000000000a32c      0x365 _build/nrf52832_xxaa/nrf_sdh_soc.c.o

.debug_frame    0x0000000000000000     0x1330
 .debug_frame   0x0000000000000000       0x54 _build/nrf52832_xxaa/app_error.c.o
 .debug_frame   0x0000000000000054       0x20 _build/nrf52832_xxaa/app_error_weak.c.o
 .debug_frame   0x0000000000000074      0x170 _build/nrf52832_xxaa/app_timer.c.o
 .debug_frame   0x00000000000001e4       0x90 _build/nrf52832_xxaa/app_util_platform.c.o
 .debug_frame   0x0000000000000274       0xf0 _build/nrf52832_xxaa/nrf_atflags.c.o
 .debug_frame   0x0000000000000364      0x150 _build/nrf52832_xxaa/nrf_atomic.c.o
 .debug_frame   0x00000000000004b4       0x30 _build/nrf52832_xxaa/nrf_section_iter.c.o
 .debug_frame   0x00000000000004e4       0x40 _build/nrf52832_xxaa/system_nrf52.c.o
 .debug_frame   0x0000000000000524      0x1f4 _build/nrf52832_xxaa/nrf_drv_clock.c.o
 .debug_frame   0x0000000000000718      0x114 _build/nrf52832_xxaa/nrfx_clock.c.o
 .debug_frame   0x000000000000082c      0x190 _build/nrf52832_xxaa/nrfx_uart.c.o
 .debug_frame   0x00000000000009bc      0x190 _build/nrf52832_xxaa/bsp.c.o
 .debug_frame   0x0000000000000b4c       0x60 _build/nrf52832_xxaa/bsp_btn_ble.c.o
 .debug_frame   0x0000000000000bac       0x20 _build/nrf52832_xxaa/main.cpp.o
 .debug_frame   0x0000000000000bcc      0x100 _build/nrf52832_xxaa/ble_conn_params.c.o
 .debug_frame   0x0000000000000ccc      0x2d8 _build/nrf52832_xxaa/ble_conn_state.c.o
 .debug_frame   0x0000000000000fa4       0xcc _build/nrf52832_xxaa/ble_srv_common.c.o
 .debug_frame   0x0000000000001070      0x128 _build/nrf52832_xxaa/nrf_sdh.c.o
 .debug_frame   0x0000000000001198       0xc4 _build/nrf52832_xxaa/nrf_sdh_ble.c.o
 .debug_frame   0x000000000000125c       0x40 _build/nrf52832_xxaa/nrf_sdh_soc.c.o
 .debug_frame   0x000000000000129c       0x28 c:/eclipse/gnu mcu eclipse/arm embedded gcc/8.2.1-1.7-20190524-0603/bin/../lib/gcc/arm-none-eabi/8.2.1/../../../../arm-none-eabi/lib/thumb/v7e-m+fp/hard\libc_nano.a(lib_a-exit.o)
 .debug_frame   0x00000000000012c4       0x2c c:/eclipse/gnu mcu eclipse/arm embedded gcc/8.2.1-1.7-20190524-0603/bin/../lib/gcc/arm-none-eabi/8.2.1/../../../../arm-none-eabi/lib/thumb/v7e-m+fp/hard\libc_nano.a(lib_a-init.o)
 .debug_frame   0x00000000000012f0       0x20 c:/eclipse/gnu mcu eclipse/arm embedded gcc/8.2.1-1.7-20190524-0603/bin/../lib/gcc/arm-none-eabi/8.2.1/../../../../arm-none-eabi/lib/thumb/v7e-m+fp/hard\libc_nano.a(lib_a-memset.o)
 .debug_frame   0x0000000000001310       0x20 c:/eclipse/gnu mcu eclipse/arm embedded gcc/8.2.1-1.7-20190524-0603/bin/../lib/gcc/arm-none-eabi/8.2.1/../../../../arm-none-eabi/lib/thumb/v7e-m+fp/hard\libnosys.a(_exit.o)

.stabstr        0x0000000000000000       0x76
 .stabstr       0x0000000000000000       0x76 c:/eclipse/gnu mcu eclipse/arm embedded gcc/8.2.1-1.7-20190524-0603/bin/../lib/gcc/arm-none-eabi/8.2.1/../../../../arm-none-eabi/lib/thumb/v7e-m+fp/hard\libnosys.a(getpid.o)
