Archive member included to satisfy reference by file (symbol)

c:/eclipse/gnu mcu eclipse/arm embedded gcc/8.2.1-1.7-20190524-0603/bin/../lib/gcc/arm-none-eabi/8.2.1/../../../../arm-none-eabi/lib/thumb/v7e-m+fp/hard\libc_nano.a(lib_a-exit.o)
                              c:/eclipse/gnu mcu eclipse/arm embedded gcc/8.2.1-1.7-20190524-0603/bin/../lib/gcc/arm-none-eabi/8.2.1/../../../../arm-none-eabi/lib/thumb/v7e-m+fp/hard/crt0.o (exit)
c:/eclipse/gnu mcu eclipse/arm embedded gcc/8.2.1-1.7-20190524-0603/bin/../lib/gcc/arm-none-eabi/8.2.1/../../../../arm-none-eabi/lib/thumb/v7e-m+fp/hard\libc_nano.a(lib_a-impure.o)
                              c:/eclipse/gnu mcu eclipse/arm embedded gcc/8.2.1-1.7-20190524-0603/bin/../lib/gcc/arm-none-eabi/8.2.1/../../../../arm-none-eabi/lib/thumb/v7e-m+fp/hard\libc_nano.a(lib_a-exit.o) (_global_impure_ptr)
c:/eclipse/gnu mcu eclipse/arm embedded gcc/8.2.1-1.7-20190524-0603/bin/../lib/gcc/arm-none-eabi/8.2.1/../../../../arm-none-eabi/lib/thumb/v7e-m+fp/hard\libc_nano.a(lib_a-init.o)
                              c:/eclipse/gnu mcu eclipse/arm embedded gcc/8.2.1-1.7-20190524-0603/bin/../lib/gcc/arm-none-eabi/8.2.1/../../../../arm-none-eabi/lib/thumb/v7e-m+fp/hard/crt0.o (__libc_init_array)
c:/eclipse/gnu mcu eclipse/arm embedded gcc/8.2.1-1.7-20190524-0603/bin/../lib/gcc/arm-none-eabi/8.2.1/../../../../arm-none-eabi/lib/thumb/v7e-m+fp/hard\libc_nano.a(lib_a-memcmp.o)
                              _build/nrf52832_xxaa/ble_advdata.c.o (memcmp)
c:/eclipse/gnu mcu eclipse/arm embedded gcc/8.2.1-1.7-20190524-0603/bin/../lib/gcc/arm-none-eabi/8.2.1/../../../../arm-none-eabi/lib/thumb/v7e-m+fp/hard\libc_nano.a(lib_a-memcpy-stub.o)
                              _build/nrf52832_xxaa/nrf_atfifo.c.o (memcpy)
c:/eclipse/gnu mcu eclipse/arm embedded gcc/8.2.1-1.7-20190524-0603/bin/../lib/gcc/arm-none-eabi/8.2.1/../../../../arm-none-eabi/lib/thumb/v7e-m+fp/hard\libc_nano.a(lib_a-memset.o)
                              c:/eclipse/gnu mcu eclipse/arm embedded gcc/8.2.1-1.7-20190524-0603/bin/../lib/gcc/arm-none-eabi/8.2.1/../../../../arm-none-eabi/lib/thumb/v7e-m+fp/hard/crt0.o (memset)
c:/eclipse/gnu mcu eclipse/arm embedded gcc/8.2.1-1.7-20190524-0603/bin/../lib/gcc/arm-none-eabi/8.2.1/../../../../arm-none-eabi/lib/thumb/v7e-m+fp/hard\libc_nano.a(lib_a-sprintf.o)
                              _build/nrf52832_xxaa/main.cpp.o (sprintf)
c:/eclipse/gnu mcu eclipse/arm embedded gcc/8.2.1-1.7-20190524-0603/bin/../lib/gcc/arm-none-eabi/8.2.1/../../../../arm-none-eabi/lib/thumb/v7e-m+fp/hard\libc_nano.a(lib_a-strlen.o)
                              _build/nrf52832_xxaa/nrf_fprintf_format.c.o (strlen)
c:/eclipse/gnu mcu eclipse/arm embedded gcc/8.2.1-1.7-20190524-0603/bin/../lib/gcc/arm-none-eabi/8.2.1/../../../../arm-none-eabi/lib/thumb/v7e-m+fp/hard\libc_nano.a(lib_a-nano-svfprintf.o)
                              c:/eclipse/gnu mcu eclipse/arm embedded gcc/8.2.1-1.7-20190524-0603/bin/../lib/gcc/arm-none-eabi/8.2.1/../../../../arm-none-eabi/lib/thumb/v7e-m+fp/hard\libc_nano.a(lib_a-sprintf.o) (_svfprintf_r)
c:/eclipse/gnu mcu eclipse/arm embedded gcc/8.2.1-1.7-20190524-0603/bin/../lib/gcc/arm-none-eabi/8.2.1/../../../../arm-none-eabi/lib/thumb/v7e-m+fp/hard\libc_nano.a(lib_a-nano-vfprintf_i.o)
                              c:/eclipse/gnu mcu eclipse/arm embedded gcc/8.2.1-1.7-20190524-0603/bin/../lib/gcc/arm-none-eabi/8.2.1/../../../../arm-none-eabi/lib/thumb/v7e-m+fp/hard\libc_nano.a(lib_a-nano-svfprintf.o) (_printf_i)
c:/eclipse/gnu mcu eclipse/arm embedded gcc/8.2.1-1.7-20190524-0603/bin/../lib/gcc/arm-none-eabi/8.2.1/../../../../arm-none-eabi/lib/thumb/v7e-m+fp/hard\libc_nano.a(lib_a-memchr.o)
                              c:/eclipse/gnu mcu eclipse/arm embedded gcc/8.2.1-1.7-20190524-0603/bin/../lib/gcc/arm-none-eabi/8.2.1/../../../../arm-none-eabi/lib/thumb/v7e-m+fp/hard\libc_nano.a(lib_a-nano-svfprintf.o) (memchr)
c:/eclipse/gnu mcu eclipse/arm embedded gcc/8.2.1-1.7-20190524-0603/bin/../lib/gcc/arm-none-eabi/8.2.1/../../../../arm-none-eabi/lib/thumb/v7e-m+fp/hard\libc_nano.a(lib_a-memmove.o)
                              c:/eclipse/gnu mcu eclipse/arm embedded gcc/8.2.1-1.7-20190524-0603/bin/../lib/gcc/arm-none-eabi/8.2.1/../../../../arm-none-eabi/lib/thumb/v7e-m+fp/hard\libc_nano.a(lib_a-nano-svfprintf.o) (memmove)
c:/eclipse/gnu mcu eclipse/arm embedded gcc/8.2.1-1.7-20190524-0603/bin/../lib/gcc/arm-none-eabi/8.2.1/../../../../arm-none-eabi/lib/thumb/v7e-m+fp/hard\libc_nano.a(lib_a-nano-freer.o)
                              c:/eclipse/gnu mcu eclipse/arm embedded gcc/8.2.1-1.7-20190524-0603/bin/../lib/gcc/arm-none-eabi/8.2.1/../../../../arm-none-eabi/lib/thumb/v7e-m+fp/hard\libc_nano.a(lib_a-nano-svfprintf.o) (_free_r)
c:/eclipse/gnu mcu eclipse/arm embedded gcc/8.2.1-1.7-20190524-0603/bin/../lib/gcc/arm-none-eabi/8.2.1/../../../../arm-none-eabi/lib/thumb/v7e-m+fp/hard\libc_nano.a(lib_a-nano-mallocr.o)
[...]
Memory Configuration

Name             Origin             Length             Attributes
FLASH            0x0000000000026000 0x000000000005a000 xr
RAM              0x0000000020002a98 0x000000000000d568 xrw
*default*        0x0000000000000000 0xffffffffffffffff

Linker script and memory map


.text           0x0000000000026000     0x5258
 *(.isr_vector)
 .isr_vector    0x0000000000026000      0x200 _build/nrf52832_xxaa/gcc_startup_nrf52.S.o
                0x0000000000026000                __isr_vector
 *(.text*)
 .text.deregister_tm_clones
                0x0000000000026200       0x1c c:/eclipse/gnu mcu eclipse/arm embedded gcc/8.2.1-1.7-20190524-0603/bin/../lib/gcc/arm-none-eabi/8.2.1/thumb/v7e-m+fp/hard/crtbegin.o
 .text.register_tm_clones
                0x000000000002621c       0x24 c:/eclipse/gnu mcu eclipse/arm embedded gcc/8.2.1-1.7-20190524-0603/bin/../lib/gcc/arm-none-eabi/8.2.1/thumb/v7e-m+fp/hard/crtbegin.o
 .text.__do_global_dtors_aux
                0x0000000000026240       0x28 c:/eclipse/gnu mcu eclipse/arm embedded gcc/8.2.1-1.7-20190524-0603/bin/../lib/gcc/arm-none-eabi/8.2.1/thumb/v7e-m+fp/hard/crtbegin.o
 .text.frame_dummy
                0x0000000000026268       0x24 c:/eclipse/gnu mcu eclipse/arm embedded gcc/8.2.1-1.7-20190524-0603/bin/../lib/gcc/arm-none-eabi/8.2.1/thumb/v7e-m+fp/hard/crtbegin.o
 .text          0x000000000002628c       0x74 c:/eclipse/gnu mcu eclipse/arm embedded gcc/8.2.1-1.7-20190524-0603/bin/../lib/gcc/arm-none-eabi/8.2.1/../../../../arm-none-eabi/lib/thumb/v7e-m+fp/hard/crt0.o
                0x000000000002628c                _start
                0x000000000002628c                _mainCRTStartup
 .text          0x0000000000026300       0x3c _build/nrf52832_xxaa/gcc_startup_nrf52.S.o
                0x0000000000026300                Reset_Handler
                0x0000000000026328                NMI_Handler
                0x000000000002632a                HardFault_Handler
                0x000000000002632c                MemoryManagement_Handler
                0x000000000002632e                BusFault_Handler
                0x0000000000026330                UsageFault_Handler
                0x0000000000026332                SVC_Handler
                0x0000000000026334                DebugMon_Handler
                0x0000000000026336                PendSV_Handler
                0x0000000000026338                SysTick_Handler
                0x000000000002633a                PDM_IRQHandler
                0x000000000002633a                TEMP_IRQHandler
                0x000000000002633a                QDEC_IRQHandler
                0x000000000002633a                TIMER3_IRQHandler
                0x000000000002633a                FPU_IRQHandler
                0x000000000002633a                SPIM0_SPIS0_TWIM0_TWIS0_SPI0_TWI0_IRQHandler
                0x000000000002633a                RADIO_IRQHandler
                0x000000000002633a                TIMER4_IRQHandler
                0x000000000002633a                I2S_IRQHandler
                0x000000000002633a                SWI4_EGU4_IRQHandler
                0x000000000002633a                TIMER0_IRQHandler
                0x000000000002633a                RTC0_IRQHandler
                0x000000000002633a                PWM1_IRQHandler
                0x000000000002633a                PWM2_IRQHandler
                0x000000000002633a                ECB_IRQHandler
                0x000000000002633a                SPIM1_SPIS1_TWIM1_TWIS1_SPI1_TWI1_IRQHandler
                0x000000000002633a                Default_Handler
                0x000000000002633a                SAADC_IRQHandler
                0x000000000002633a                CCM_AAR_IRQHandler
                0x000000000002633a                WDT_IRQHandler
                0x000000000002633a                GPIOTE_IRQHandler
                0x000000000002633a                SWI5_EGU5_IRQHandler
                0x000000000002633a                RNG_IRQHandler
                0x000000000002633a                RTC2_IRQHandler
                0x000000000002633a                PWM0_IRQHandler
                0x000000000002633a                SWI3_EGU3_IRQHandler
                0x000000000002633a                SWI1_EGU1_IRQHandler
                0x000000000002633a                SPIM2_SPIS2_SPI2_IRQHandler
                0x000000000002633a                NFCT_IRQHandler
                0x000000000002633a                TIMER1_IRQHandler
                0x000000000002633a                MWU_IRQHandler
                0x000000000002633a                TIMER2_IRQHandler
                0x000000000002633a                COMP_LPCOMP_IRQHandler
 .text.app_error_handler_bare
                0x000000000002633c       0x20 _build/nrf52832_xxaa/app_error.c.o
                0x000000000002633c                app_error_handler_bare
 .text.app_error_fault_handler
                0x000000000002635c       0x34 _build/nrf52832_xxaa/app_error_weak.c.o
                0x000000000002635c                app_error_fault_handler
 .text.RTC1_IRQHandler
                0x0000000000026390       0xa0 _build/nrf52832_xxaa/app_timer.c.o
                0x0000000000026390                RTC1_IRQHandler
 .text.SWI0_EGU0_IRQHandler
                0x0000000000026430      0x3e4 _build/nrf52832_xxaa/app_timer.c.o
                0x0000000000026430                SWI0_EGU0_IRQHandler
 .text.app_timer_start
                0x0000000000026814       0xac _build/nrf52832_xxaa/app_timer.c.o
                0x0000000000026814                app_timer_start
 .text.app_timer_stop
                0x00000000000268c0       0x74 _build/nrf52832_xxaa/app_timer.c.o
                0x00000000000268c0                app_timer_stop
 .text.app_util_critical_region_enter
                0x0000000000026934       0x4c _build/nrf52832_xxaa/app_util_platform.c.o
                0x0000000000026934                app_util_critical_region_enter
 .text.app_util_critical_region_exit
                0x0000000000026980       0x30 _build/nrf52832_xxaa/app_util_platform.c.o
                0x0000000000026980                app_util_critical_region_exit
 .text.nrf_atflags_set
                0x00000000000269b0       0x14 _build/nrf52832_xxaa/nrf_atflags.c.o
                0x00000000000269b0                nrf_atflags_set
 .text.nrf_atflags_clear
                0x00000000000269c4       0x14 _build/nrf52832_xxaa/nrf_atflags.c.o
                0x00000000000269c4                nrf_atflags_clear
 .text.nrf_atflags_get
                0x00000000000269d8       0x14 _build/nrf52832_xxaa/nrf_atflags.c.o
                0x00000000000269d8                nrf_atflags_get
 .text.nrf_atomic_u32_or
                0x00000000000269ec       0x18 _build/nrf52832_xxaa/nrf_atomic.c.o
                0x00000000000269ec                nrf_atomic_u32_or
 .text.nrf_atomic_u32_and
                0x0000000000026a04       0x18 _build/nrf52832_xxaa/nrf_atomic.c.o
                0x0000000000026a04                nrf_atomic_u32_and
 .text.nrf_section_iter_init
                0x0000000000026a1c       0x14 _build/nrf52832_xxaa/nrf_section_iter.c.o
                0x0000000000026a1c                nrf_section_iter_init
 .text.nrf_section_iter_next
                0x0000000000026a30       0x18 _build/nrf52832_xxaa/nrf_section_iter.c.o
                0x0000000000026a30                nrf_section_iter_next
 .text.SystemInit
                0x0000000000026a48      0x3b4 _build/nrf52832_xxaa/system_nrf52.c.o
                0x0000000000026a48                SystemInit
 .text.clock_irq_handler
                0x0000000000026dfc       0x44 _build/nrf52832_xxaa/nrf_drv_clock.c.o
 .text.soc_evt_handler
                0x0000000000026e40       0x28 _build/nrf52832_xxaa/nrf_drv_clock.c.o
 .text.sd_state_evt_handler
                0x0000000000026e68       0xa4 _build/nrf52832_xxaa/nrf_drv_clock.c.o
 .text.nrfx_clock_init
                0x0000000000026f0c       0x18 _build/nrf52832_xxaa/nrfx_clock.c.o
                0x0000000000026f0c                nrfx_clock_init
 .text.nrfx_clock_enable
                0x0000000000026f24       0x24 _build/nrf52832_xxaa/nrfx_clock.c.o
                0x0000000000026f24                nrfx_clock_enable
 .text.nrfx_clock_lfclk_stop
                0x0000000000026f48       0x18 _build/nrf52832_xxaa/nrfx_clock.c.o
                0x0000000000026f48                nrfx_clock_lfclk_stop
 .text.POWER_CLOCK_IRQHandler
                0x0000000000026f60       0x64 _build/nrf52832_xxaa/nrfx_clock.c.o
                0x0000000000026f60                POWER_CLOCK_IRQHandler
 .text.UARTE0_UART0_IRQHandler
                0x0000000000026fc4      0x1c0 _build/nrf52832_xxaa/nrfx_uart.c.o
                0x0000000000026fc4                UARTE0_UART0_IRQHandler
 .text.bsp_event_to_button_action_assign
                0x0000000000027184       0x58 _build/nrf52832_xxaa/bsp.c.o
                0x0000000000027184                bsp_event_to_button_action_assign
 .text.ble_evt_handler
                0x00000000000271dc       0xac _build/nrf52832_xxaa/bsp_btn_ble.c.o
 .text.NVIC_SystemReset
                0x0000000000027288       0x24 _build/nrf52832_xxaa/main.cpp.o
 .text._Z10Initializev
                0x00000000000272ac       0x6c _build/nrf52832_xxaa/main.cpp.o
                0x00000000000272ac                Initialize()
 .text.startup.main
                0x0000000000027318      0x108 _build/nrf52832_xxaa/main.cpp.o
                0x0000000000027318                main
 .text.ble_evt_handler
                0x0000000000027420      0x1ec _build/nrf52832_xxaa/ble_conn_params.c.o
 .text.ble_evt_handler
                0x000000000002760c      0x124 _build/nrf52832_xxaa/ble_conn_state.c.o
 .text.ble_srv_is_notification_enabled
                0x0000000000027730        0x8 _build/nrf52832_xxaa/ble_srv_common.c.o
                0x0000000000027730                ble_srv_is_notification_enabled
 .text.nrf_sdh_is_enabled
                0x0000000000027738        0xc _build/nrf52832_xxaa/nrf_sdh.c.o
                0x0000000000027738                nrf_sdh_is_enabled
 .text.SWI2_EGU2_IRQHandler
                0x0000000000027744       0x2c _build/nrf52832_xxaa/nrf_sdh.c.o
                0x0000000000027744                SWI2_EGU2_IRQHandler
 .text.sd_ble_evt_get
                0x0000000000027770        0x4 _build/nrf52832_xxaa/nrf_sdh_ble.c.o
 .text.nrf_sdh_ble_evts_poll.part.1
                0x0000000000027774       0x54 _build/nrf52832_xxaa/nrf_sdh_ble.c.o
 .text.nrf_sdh_ble_evts_poll
                0x00000000000277c8       0x10 _build/nrf52832_xxaa/nrf_sdh_ble.c.o
 .text.sd_evt_get
                0x00000000000277d8        0x4 _build/nrf52832_xxaa/nrf_sdh_soc.c.o
 .text.nrf_sdh_soc_evts_poll
                0x00000000000277dc       0x4c _build/nrf52832_xxaa/nrf_sdh_soc.c.o
 .text._ZN3_BT4InitEv
                0x0000000000027828       0x10 _build/nrf52832_xxaa/Bluetooth.cpp.o
                0x0000000000027828                _BT::Init()
 .text._Z11arduinoInitv
                0x0000000000027838       0x48 _build/nrf52832_xxaa/arduino.cpp.o
                0x0000000000027838                arduinoInit()
 .text._ZN7_Serial5beginEm
                0x0000000000027880       0xcc _build/nrf52832_xxaa/arduino.cpp.o
                0x0000000000027880                _Serial::begin(unsigned long)
 .text._ZN7_Serial5printEPKc
                0x000000000002794c       0x40 _build/nrf52832_xxaa/arduino.cpp.o
                0x000000000002794c                _Serial::print(char const*)
 .text._ZN7_Serial7printlnEPKc
                0x000000000002798c       0x74 _build/nrf52832_xxaa/arduino.cpp.o
                0x000000000002798c                _Serial::println(char const*)
 .text._ZN7_Serial4readEv
                0x0000000000027a00       0x28 _build/nrf52832_xxaa/arduino.cpp.o
                0x0000000000027a00                _Serial::read()
 .text._Z5delayt
                0x0000000000027a28       0x20 _build/nrf52832_xxaa/arduino.cpp.o
                0x0000000000027a28                delay(unsigned short)
 .text._Z6millisv
                0x0000000000027a48       0x30 _build/nrf52832_xxaa/arduino.cpp.o
                0x0000000000027a48                millis()
 .text._Z7pinModehb
                0x0000000000027a78       0x18 _build/nrf52832_xxaa/arduino.cpp.o
                0x0000000000027a78                pinMode(unsigned char, bool)
 .text._Z12digitalWritehb
                0x0000000000027a90       0x18 _build/nrf52832_xxaa/arduino.cpp.o
                0x0000000000027a90                digitalWrite(unsigned char, bool)
 .text._ZN5_Wire5beginEv
                0x0000000000027aa8       0x40 _build/nrf52832_xxaa/Wire.cpp.o
                0x0000000000027aa8                _Wire::begin()
 .text._ZN5_Wire11requestFromEhh
                0x0000000000027ae8       0x7c _build/nrf52832_xxaa/Wire.cpp.o
                0x0000000000027ae8                _Wire::requestFrom(unsigned char, unsigned char)
 .text._ZN5_Wire17beginTransmissionEh
                0x0000000000027b64       0x38 _build/nrf52832_xxaa/Wire.cpp.o
                0x0000000000027b64                _Wire::beginTransmission(unsigned char)
 .text._ZN5_Wire15endTransmissionEb
                0x0000000000027b9c       0x3c _build/nrf52832_xxaa/Wire.cpp.o
                0x0000000000027b9c                _Wire::endTransmission(bool)
 .text._ZN5_Wire5writeEh
                0x0000000000027bd8       0x1c _build/nrf52832_xxaa/Wire.cpp.o
                0x0000000000027bd8                _Wire::write(unsigned char)
 .text._ZN5_Wire4readEv
                0x0000000000027bf4       0x10 _build/nrf52832_xxaa/Wire.cpp.o
                0x0000000000027bf4                _Wire::read()
 .text._ZN8_MPU92509getRawMagEv.part.0
                0x0000000000027c04      0x160 _build/nrf52832_xxaa/MPU9250.cpp.o
 .text._ZN8_MPU92504InitEv
                0x0000000000027d64      0x3bc _build/nrf52832_xxaa/MPU9250.cpp.o
                0x0000000000027d64                _MPU9250::Init()
 .text._ZN8_MPU925011getRawAccelEv
                0x0000000000028120       0x50 _build/nrf52832_xxaa/MPU9250.cpp.o
                0x0000000000028120                _MPU9250::getRawAccel()
 .text._ZN8_MPU925010getRawGyroEv
                0x0000000000028170       0x50 _build/nrf52832_xxaa/MPU9250.cpp.o
                0x0000000000028170                _MPU9250::getRawGyro()
 .text._ZN8_MPU925016getCalibratedMagEv
                0x00000000000281c0       0x6c _build/nrf52832_xxaa/MPU9250.cpp.o
                0x00000000000281c0                _MPU9250::getCalibratedMag()
 .text._ZN8_MPU92509caliAccelEv
                0x000000000002822c      0x344 _build/nrf52832_xxaa/MPU9250.cpp.o
                0x000000000002822c                _MPU9250::caliAccel()
 .text._ZN8_MPU92508caliGyroEv
                0x0000000000028570      0x36c _build/nrf52832_xxaa/MPU9250.cpp.o
                0x0000000000028570                _MPU9250::caliGyro()
 .text._ZN8_MPU92507caliMagEv
                0x00000000000288dc      0x2b4 _build/nrf52832_xxaa/MPU9250.cpp.o
                0x00000000000288dc                _MPU9250::caliMag()
 .text.exit     0x0000000000028b90       0x28 c:/eclipse/gnu mcu eclipse/arm embedded gcc/8.2.1-1.7-20190524-0603/bin/../lib/gcc/arm-none-eabi/8.2.1/../../../../arm-none-eabi/lib/thumb/v7e-m+fp/hard\libc_nano.a(lib_a-exit.o)
                0x0000000000028b90                exit
 .text.__libc_init_array
                0x0000000000028bb8       0x48 c:/eclipse/gnu mcu eclipse/arm embedded gcc/8.2.1-1.7-20190524-0603/bin/../lib/gcc/arm-none-eabi/8.2.1/../../../../arm-none-eabi/lib/thumb/v7e-m+fp/hard\libc_nano.a(lib_a-init.o)
                0x0000000000028bb8                __libc_init_array
 .text.memcpy   0x0000000000028c00       0x1c c:/eclipse/gnu mcu eclipse/arm embedded gcc/8.2.1-1.7-20190524-0603/bin/../lib/gcc/arm-none-eabi/8.2.1/../../../../arm-none-eabi/lib/thumb/v7e-m+fp/hard\libc_nano.a(lib_a-memcpy-stub.o)
                0x0000000000028c00                memcpy
 .text.memset   0x0000000000028c1c       0x10 c:/eclipse/gnu mcu eclipse/arm embedded gcc/8.2.1-1.7-20190524-0603/bin/../lib/gcc/arm-none-eabi/8.2.1/../../../../arm-none-eabi/lib/thumb/v7e-m+fp/hard\libc_nano.a(lib_a-memset.o)
                0x0000000000028c1c                memset
 .text.sprintf  0x0000000000028c2c       0x40 c:/eclipse/gnu mcu eclipse/arm embedded gcc/8.2.1-1.7-20190524-0603/bin/../lib/gcc/arm-none-eabi/8.2.1/../../../../arm-none-eabi/lib/thumb/v7e-m+fp/hard\libc_nano.a(lib_a-sprintf.o)
                0x0000000000028c2c                siprintf
                0x0000000000028c2c                sprintf
 .text          0x0000000000028c6c       0x10 c:/eclipse/gnu mcu eclipse/arm embedded gcc/8.2.1-1.7-20190524-0603/bin/../lib/gcc/arm-none-eabi/8.2.1/../../../../arm-none-eabi/lib/thumb/v7e-m+fp/hard\libc_nano.a(lib_a-strlen.o)
                0x0000000000028c6c                strlen
 .text.__ssputs_r
                0x0000000000028c7c       0xb6 c:/eclipse/gnu mcu eclipse/arm embedded gcc/8.2.1-1.7-20190524-0603/bin/../lib/gcc/arm-none-eabi/8.2.1/../../../../arm-none-eabi/lib/thumb/v7e-m+fp/hard\libc_nano.a(lib_a-nano-svfprintf.o)
                0x0000000000028c7c                __ssputs_r
 *fill*         0x0000000000028d32        0x2 
 .text._svfprintf_r
                0x0000000000028d34      0x1f0 c:/eclipse/gnu mcu eclipse/arm embedded gcc/8.2.1-1.7-20190524-0603/bin/../lib/gcc/arm-none-eabi/8.2.1/../../../../arm-none-eabi/lib/thumb/v7e-m+fp/hard\libc_nano.a(lib_a-nano-svfprintf.o)
                0x0000000000028d34                _svfiprintf_r
                0x0000000000028d34                _svfprintf_r
 .text._printf_common
                0x0000000000028f24       0xea c:/eclipse/gnu mcu eclipse/arm embedded gcc/8.2.1-1.7-20190524-0603/bin/../lib/gcc/arm-none-eabi/8.2.1/../../../../arm-none-eabi/lib/thumb/v7e-m+fp/hard\libc_nano.a(lib_a-nano-vfprintf_i.o)
                0x0000000000028f24                _printf_common
 *fill*         0x000000000002900e        0x2 
 .text._printf_i
                0x0000000000029010      0x228 c:/eclipse/gnu mcu eclipse/arm embedded gcc/8.2.1-1.7-20190524-0603/bin/../lib/gcc/arm-none-eabi/8.2.1/../../../../arm-none-eabi/lib/thumb/v7e-m+fp/hard\libc_nano.a(lib_a-nano-vfprintf_i.o)
                0x0000000000029010                _printf_i
 *fill*         0x0000000000029238        0x8 
 .text          0x0000000000029240       0xa0 c:/eclipse/gnu mcu eclipse/arm embedded gcc/8.2.1-1.7-20190524-0603/bin/../lib/gcc/arm-none-eabi/8.2.1/../../../../arm-none-eabi/lib/thumb/v7e-m+fp/hard\libc_nano.a(lib_a-memchr.o)
                0x0000000000029240                memchr
 .text.memmove  0x00000000000292e0       0x34 c:/eclipse/gnu mcu eclipse/arm embedded gcc/8.2.1-1.7-20190524-0603/bin/../lib/gcc/arm-none-eabi/8.2.1/../../../../arm-none-eabi/lib/thumb/v7e-m+fp/hard\libc_nano.a(lib_a-memmove.o)
                0x00000000000292e0                memmove
 .text._free_r  0x0000000000029314       0x9c c:/eclipse/gnu mcu eclipse/arm embedded gcc/8.2.1-1.7-20190524-0603/bin/../lib/gcc/arm-none-eabi/8.2.1/../../../../arm-none-eabi/lib/thumb/v7e-m+fp/hard\libc_nano.a(lib_a-nano-freer.o)
                0x0000000000029314                _free_r
 .text._malloc_r
                0x00000000000293b0       0xb4 c:/eclipse/gnu mcu eclipse/arm embedded gcc/8.2.1-1.7-20190524-0603/bin/../lib/gcc/arm-none-eabi/8.2.1/../../../../arm-none-eabi/lib/thumb/v7e-m+fp/hard\libc_nano.a(lib_a-nano-mallocr.o)
                0x00000000000293b0                _malloc_r
 .text._realloc_r
                0x0000000000029464       0x4c c:/eclipse/gnu mcu eclipse/arm embedded gcc/8.2.1-1.7-20190524-0603/bin/../lib/gcc/arm-none-eabi/8.2.1/../../../../arm-none-eabi/lib/thumb/v7e-m+fp/hard\libc_nano.a(lib_a-nano-reallocr.o)
                0x0000000000029464                _realloc_r
 .text._sbrk_r  0x00000000000294b0       0x20 c:/eclipse/gnu mcu eclipse/arm embedded gcc/8.2.1-1.7-20190524-0603/bin/../lib/gcc/arm-none-eabi/8.2.1/../../../../arm-none-eabi/lib/thumb/v7e-m+fp/hard\libc_nano.a(lib_a-sbrkr.o)
                0x00000000000294b0                _sbrk_r
 .text.__malloc_lock
                0x00000000000294d0        0xc c:/eclipse/gnu mcu eclipse/arm embedded gcc/8.2.1-1.7-20190524-0603/bin/../lib/gcc/arm-none-eabi/8.2.1/../../../../arm-none-eabi/lib/thumb/v7e-m+fp/hard\libc_nano.a(lib_a-mlock.o)
                0x00000000000294d0                __malloc_lock
 .text.__malloc_unlock
                0x00000000000294dc        0xc c:/eclipse/gnu mcu eclipse/arm embedded gcc/8.2.1-1.7-20190524-0603/bin/../lib/gcc/arm-none-eabi/8.2.1/../../../../arm-none-eabi/lib/thumb/v7e-m+fp/hard\libc_nano.a(lib_a-mlock.o)
                0x00000000000294dc                __malloc_unlock
 .text._malloc_usable_size_r
                0x00000000000294e8       0x10 c:/eclipse/gnu mcu eclipse/arm embedded gcc/8.2.1-1.7-20190524-0603/bin/../lib/gcc/arm-none-eabi/8.2.1/../../../../arm-none-eabi/lib/thumb/v7e-m+fp/hard\libc_nano.a(lib_a-nano-msizer.o)
                0x00000000000294e8                _malloc_usable_size_r
 .text.__retarget_lock_acquire_recursive
                0x00000000000294f8        0x2 c:/eclipse/gnu mcu eclipse/arm embedded gcc/8.2.1-1.7-20190524-0603/bin/../lib/gcc/arm-none-eabi/8.2.1/../../../../arm-none-eabi/lib/thumb/v7e-m+fp/hard\libc_nano.a(lib_a-lock.o)
                0x00000000000294f8                __retarget_lock_acquire_recursive
 .text.__retarget_lock_release_recursive
                0x00000000000294fa        0x2 c:/eclipse/gnu mcu eclipse/arm embedded gcc/8.2.1-1.7-20190524-0603/bin/../lib/gcc/arm-none-eabi/8.2.1/../../../../arm-none-eabi/lib/thumb/v7e-m+fp/hard\libc_nano.a(lib_a-lock.o)
                0x00000000000294fa                __retarget_lock_release_recursive
 .text._sbrk    0x00000000000294fc       0x1c c:/eclipse/gnu mcu eclipse/arm embedded gcc/8.2.1-1.7-20190524-0603/bin/../lib/gcc/arm-none-eabi/8.2.1/../../../../arm-none-eabi/lib/thumb/v7e-m+fp/hard\libnosys.a(sbrk.o)
                0x00000000000294fc                _sbrk
 .text._exit    0x0000000000029518        0x4 c:/eclipse/gnu mcu eclipse/arm embedded gcc/8.2.1-1.7-20190524-0603/bin/../lib/gcc/arm-none-eabi/8.2.1/../../../../arm-none-eabi/lib/thumb/v7e-m+fp/hard\libnosys.a(_exit.o)
                0x0000000000029518                _exit
 .text.sqrt     0x000000000002951c       0xbc c:/eclipse/gnu mcu eclipse/arm embedded gcc/8.2.1-1.7-20190524-0603/bin/../lib/gcc/arm-none-eabi/8.2.1/../../../../arm-none-eabi/lib/thumb/v7e-m+fp/hard\libm.a(lib_a-w_sqrt.o)
                0x000000000002951c                sqrt
 .text.__ieee754_sqrt
                0x00000000000295d8      0x198 c:/eclipse/gnu mcu eclipse/arm embedded gcc/8.2.1-1.7-20190524-0603/bin/../lib/gcc/arm-none-eabi/8.2.1/../../../../arm-none-eabi/lib/thumb/v7e-m+fp/hard\libm.a(lib_a-e_sqrt.o)
                0x00000000000295d8                __ieee754_sqrt
 .text.matherr  0x0000000000029770        0x4 c:/eclipse/gnu mcu eclipse/arm embedded gcc/8.2.1-1.7-20190524-0603/bin/../lib/gcc/arm-none-eabi/8.2.1/../../../../arm-none-eabi/lib/thumb/v7e-m+fp/hard\libm.a(lib_a-s_matherr.o)
                0x0000000000029770                matherr
 .text          0x0000000000029774      0x378 c:/eclipse/gnu mcu eclipse/arm embedded gcc/8.2.1-1.7-20190524-0603/bin/../lib/gcc/arm-none-eabi/8.2.1/thumb/v7e-m+fp/hard\libgcc.a(_arm_addsubdf3.o)
                0x0000000000029774                __aeabi_drsub
                0x000000000002977c                __aeabi_dsub
                0x000000000002977c                __subdf3
                0x0000000000029780                __aeabi_dadd
                0x0000000000029780                __adddf3
                0x00000000000299f8                __floatunsidf
                0x00000000000299f8                __aeabi_ui2d
                0x0000000000029a18                __floatsidf
                0x0000000000029a18                __aeabi_i2d
                0x0000000000029a3c                __aeabi_f2d
                0x0000000000029a3c                __extendsfdf2
                0x0000000000029a80                __floatundidf
                0x0000000000029a80                __aeabi_ul2d
                0x0000000000029a90                __floatdidf
                0x0000000000029a90                __aeabi_l2d
 .text          0x0000000000029aec      0x424 c:/eclipse/gnu mcu eclipse/arm embedded gcc/8.2.1-1.7-20190524-0603/bin/../lib/gcc/arm-none-eabi/8.2.1/thumb/v7e-m+fp/hard\libgcc.a(_arm_muldivdf3.o)
                0x0000000000029aec                __aeabi_dmul
                0x0000000000029aec                __muldf3
                0x0000000000029d40                __divdf3
                0x0000000000029d40                __aeabi_ddiv
 .text          0x0000000000029f10      0x110 c:/eclipse/gnu mcu eclipse/arm embedded gcc/8.2.1-1.7-20190524-0603/bin/../lib/gcc/arm-none-eabi/8.2.1/thumb/v7e-m+fp/hard\libgcc.a(_arm_cmpdf2.o)
                0x0000000000029f10                __gtdf2
                0x0000000000029f10                __gedf2
                0x0000000000029f18                __ltdf2
                0x0000000000029f18                __ledf2
                0x0000000000029f20                __nedf2
                0x0000000000029f20                __eqdf2
                0x0000000000029f20                __cmpdf2
                0x0000000000029f9c                __aeabi_cdrcmple
                0x0000000000029fac                __aeabi_cdcmpeq
                0x0000000000029fac                __aeabi_cdcmple
                0x0000000000029fbc                __aeabi_dcmpeq
                0x0000000000029fd0                __aeabi_dcmplt
                0x0000000000029fe4                __aeabi_dcmple
                0x0000000000029ff8                __aeabi_dcmpge
                0x000000000002a00c                __aeabi_dcmpgt
 .text          0x000000000002a020       0x2c c:/eclipse/gnu mcu eclipse/arm embedded gcc/8.2.1-1.7-20190524-0603/bin/../lib/gcc/arm-none-eabi/8.2.1/thumb/v7e-m+fp/hard\libgcc.a(_arm_unorddf2.o)
                0x000000000002a020                __unorddf2
                0x000000000002a020                __aeabi_dcmpun
 .text          0x000000000002a04c       0x50 c:/eclipse/gnu mcu eclipse/arm embedded gcc/8.2.1-1.7-20190524-0603/bin/../lib/gcc/arm-none-eabi/8.2.1/thumb/v7e-m+fp/hard\libgcc.a(_arm_fixdfsi.o)
                0x000000000002a04c                __aeabi_d2iz
                0x000000000002a04c                __fixdfsi
 .text          0x000000000002a09c       0x40 c:/eclipse/gnu mcu eclipse/arm embedded gcc/8.2.1-1.7-20190524-0603/bin/../lib/gcc/arm-none-eabi/8.2.1/thumb/v7e-m+fp/hard\libgcc.a(_arm_fixunsdfsi.o)
                0x000000000002a09c                __aeabi_d2uiz
                0x000000000002a09c                __fixunsdfsi
 .text.selfrel_offset31
                0x000000000002a0dc       0x14 c:/eclipse/gnu mcu eclipse/arm embedded gcc/8.2.1-1.7-20190524-0603/bin/../lib/gcc/arm-none-eabi/8.2.1/thumb/v7e-m+fp/hard\libgcc.a(unwind-arm.o)
 .text.search_EIT_table
                0x000000000002a0f0       0x64 c:/eclipse/gnu mcu eclipse/arm embedded gcc/8.2.1-1.7-20190524-0603/bin/../lib/gcc/arm-none-eabi/8.2.1/thumb/v7e-m+fp/hard\libgcc.a(unwind-arm.o)
 .text.__gnu_unwind_get_pr_addr
                0x000000000002a154       0x28 c:/eclipse/gnu mcu eclipse/arm embedded gcc/8.2.1-1.7-20190524-0603/bin/../lib/gcc/arm-none-eabi/8.2.1/thumb/v7e-m+fp/hard\libgcc.a(unwind-arm.o)
 .text.get_eit_entry
                0x000000000002a17c       0xa0 c:/eclipse/gnu mcu eclipse/arm embedded gcc/8.2.1-1.7-20190524-0603/bin/../lib/gcc/arm-none-eabi/8.2.1/thumb/v7e-m+fp/hard\libgcc.a(unwind-arm.o)
 .text.restore_non_core_regs
                0x000000000002a21c       0x58 c:/eclipse/gnu mcu eclipse/arm embedded gcc/8.2.1-1.7-20190524-0603/bin/../lib/gcc/arm-none-eabi/8.2.1/thumb/v7e-m+fp/hard\libgcc.a(unwind-arm.o)
 .text._Unwind_decode_typeinfo_ptr.isra.0
                0x000000000002a274        0xc c:/eclipse/gnu mcu eclipse/arm embedded gcc/8.2.1-1.7-20190524-0603/bin/../lib/gcc/arm-none-eabi/8.2.1/thumb/v7e-m+fp/hard\libgcc.a(unwind-arm.o)
 .text._Unwind_DebugHook
                0x000000000002a280        0x4 c:/eclipse/gnu mcu eclipse/arm embedded gcc/8.2.1-1.7-20190524-0603/bin/../lib/gcc/arm-none-eabi/8.2.1/thumb/v7e-m+fp/hard\libgcc.a(unwind-arm.o)
 .text.unwind_phase2
                0x000000000002a284       0x3c c:/eclipse/gnu mcu eclipse/arm embedded gcc/8.2.1-1.7-20190524-0603/bin/../lib/gcc/arm-none-eabi/8.2.1/thumb/v7e-m+fp/hard\libgcc.a(unwind-arm.o)
 .text.unwind_phase2_forced
                0x000000000002a2c0       0xd0 c:/eclipse/gnu mcu eclipse/arm embedded gcc/8.2.1-1.7-20190524-0603/bin/../lib/gcc/arm-none-eabi/8.2.1/thumb/v7e-m+fp/hard\libgcc.a(unwind-arm.o)
 .text.__gnu_Unwind_RaiseException
                0x000000000002a390       0x60 c:/eclipse/gnu mcu eclipse/arm embedded gcc/8.2.1-1.7-20190524-0603/bin/../lib/gcc/arm-none-eabi/8.2.1/thumb/v7e-m+fp/hard\libgcc.a(unwind-arm.o)
                0x000000000002a390                __gnu_Unwind_RaiseException
 .text.__gnu_Unwind_ForcedUnwind
                0x000000000002a3f0       0x14 c:/eclipse/gnu mcu eclipse/arm embedded gcc/8.2.1-1.7-20190524-0603/bin/../lib/gcc/arm-none-eabi/8.2.1/thumb/v7e-m+fp/hard\libgcc.a(unwind-arm.o)
                0x000000000002a3f0                __gnu_Unwind_ForcedUnwind
 .text.__gnu_Unwind_Resume
                0x000000000002a404       0x44 c:/eclipse/gnu mcu eclipse/arm embedded gcc/8.2.1-1.7-20190524-0603/bin/../lib/gcc/arm-none-eabi/8.2.1/thumb/v7e-m+fp/hard\libgcc.a(unwind-arm.o)
                0x000000000002a404                __gnu_Unwind_Resume
 .text.__gnu_Unwind_Resume_or_Rethrow
                0x000000000002a448       0x14 c:/eclipse/gnu mcu eclipse/arm embedded gcc/8.2.1-1.7-20190524-0603/bin/../lib/gcc/arm-none-eabi/8.2.1/thumb/v7e-m+fp/hard\libgcc.a(unwind-arm.o)
                0x000000000002a448                __gnu_Unwind_Resume_or_Rethrow
 .text._Unwind_VRS_Get
                0x000000000002a45c       0x2c c:/eclipse/gnu mcu eclipse/arm embedded gcc/8.2.1-1.7-20190524-0603/bin/../lib/gcc/arm-none-eabi/8.2.1/thumb/v7e-m+fp/hard\libgcc.a(unwind-arm.o)
                0x000000000002a45c                _Unwind_VRS_Get
 .text._Unwind_GetGR
                0x000000000002a488       0x18 c:/eclipse/gnu mcu eclipse/arm embedded gcc/8.2.1-1.7-20190524-0603/bin/../lib/gcc/arm-none-eabi/8.2.1/thumb/v7e-m+fp/hard\libgcc.a(unwind-arm.o)
 .text._Unwind_VRS_Set
                0x000000000002a4a0       0x2c c:/eclipse/gnu mcu eclipse/arm embedded gcc/8.2.1-1.7-20190524-0603/bin/../lib/gcc/arm-none-eabi/8.2.1/thumb/v7e-m+fp/hard\libgcc.a(unwind-arm.o)
                0x000000000002a4a0                _Unwind_VRS_Set
 .text._Unwind_SetGR
                0x000000000002a4cc       0x18 c:/eclipse/gnu mcu eclipse/arm embedded gcc/8.2.1-1.7-20190524-0603/bin/../lib/gcc/arm-none-eabi/8.2.1/thumb/v7e-m+fp/hard\libgcc.a(unwind-arm.o)
 .text.__gnu_Unwind_Backtrace
                0x000000000002a4e4       0x70 c:/eclipse/gnu mcu eclipse/arm embedded gcc/8.2.1-1.7-20190524-0603/bin/../lib/gcc/arm-none-eabi/8.2.1/thumb/v7e-m+fp/hard\libgcc.a(unwind-arm.o)
                0x000000000002a4e4                __gnu_Unwind_Backtrace
 .text.__gnu_unwind_pr_common
                0x000000000002a554      0x2c8 c:/eclipse/gnu mcu eclipse/arm embedded gcc/8.2.1-1.7-20190524-0603/bin/../lib/gcc/arm-none-eabi/8.2.1/thumb/v7e-m+fp/hard\libgcc.a(unwind-arm.o)
 .text.__aeabi_unwind_cpp_pr0
                0x000000000002a81c        0x8 c:/eclipse/gnu mcu eclipse/arm embedded gcc/8.2.1-1.7-20190524-0603/bin/../lib/gcc/arm-none-eabi/8.2.1/thumb/v7e-m+fp/hard\libgcc.a(unwind-arm.o)
                0x000000000002a81c                __aeabi_unwind_cpp_pr0
 .text.__aeabi_unwind_cpp_pr1
                0x000000000002a824        0x8 c:/eclipse/gnu mcu eclipse/arm embedded gcc/8.2.1-1.7-20190524-0603/bin/../lib/gcc/arm-none-eabi/8.2.1/thumb/v7e-m+fp/hard\libgcc.a(unwind-arm.o)
                0x000000000002a824                __aeabi_unwind_cpp_pr1
 .text.__aeabi_unwind_cpp_pr2
                0x000000000002a82c        0x8 c:/eclipse/gnu mcu eclipse/arm embedded gcc/8.2.1-1.7-20190524-0603/bin/../lib/gcc/arm-none-eabi/8.2.1/thumb/v7e-m+fp/hard\libgcc.a(unwind-arm.o)
                0x000000000002a82c                __aeabi_unwind_cpp_pr2
 .text._Unwind_VRS_Pop
                0x000000000002a834      0x278 c:/eclipse/gnu mcu eclipse/arm embedded gcc/8.2.1-1.7-20190524-0603/bin/../lib/gcc/arm-none-eabi/8.2.1/thumb/v7e-m+fp/hard\libgcc.a(unwind-arm.o)
                0x000000000002a834                _Unwind_VRS_Pop
 .text          0x000000000002aaac      0x1ac c:/eclipse/gnu mcu eclipse/arm embedded gcc/8.2.1-1.7-20190524-0603/bin/../lib/gcc/arm-none-eabi/8.2.1/thumb/v7e-m+fp/hard\libgcc.a(libunwind.o)
                0x000000000002aaac                __restore_core_regs
                0x000000000002aaac                restore_core_regs
                0x000000000002aac4                __gnu_Unwind_Restore_VFP
                0x000000000002aacc                __gnu_Unwind_Save_VFP
                0x000000000002aad4                __gnu_Unwind_Restore_VFP_D
                0x000000000002aadc                __gnu_Unwind_Save_VFP_D
                0x000000000002aae4                __gnu_Unwind_Restore_VFP_D_16_to_31
                0x000000000002aaec                __gnu_Unwind_Save_VFP_D_16_to_31
                0x000000000002aaf4                __gnu_Unwind_Restore_WMMXD
                0x000000000002ab38                __gnu_Unwind_Save_WMMXD
                0x000000000002ab7c                __gnu_Unwind_Restore_WMMXC
                0x000000000002ab90                __gnu_Unwind_Save_WMMXC
                0x000000000002aba4                ___Unwind_RaiseException
                0x000000000002aba4                _Unwind_RaiseException
                0x000000000002abc8                _Unwind_Resume
                0x000000000002abc8                ___Unwind_Resume
                0x000000000002abec                _Unwind_Resume_or_Rethrow
                0x000000000002abec                ___Unwind_Resume_or_Rethrow
                0x000000000002ac10                _Unwind_ForcedUnwind
                0x000000000002ac10                ___Unwind_ForcedUnwind
                0x000000000002ac34                ___Unwind_Backtrace
                0x000000000002ac34                _Unwind_Backtrace
 .text.next_unwind_byte
                0x000000000002ac58       0x38 c:/eclipse/gnu mcu eclipse/arm embedded gcc/8.2.1-1.7-20190524-0603/bin/../lib/gcc/arm-none-eabi/8.2.1/thumb/v7e-m+fp/hard\libgcc.a(pr-support.o)
 .text.__gnu_unwind_execute
                0x000000000002ac90      0x2c8 c:/eclipse/gnu mcu eclipse/arm embedded gcc/8.2.1-1.7-20190524-0603/bin/../lib/gcc/arm-none-eabi/8.2.1/thumb/v7e-m+fp/hard\libgcc.a(pr-support.o)
                0x000000000002ac90                __gnu_unwind_execute
 .text.abort    0x000000000002af58        0xe c:/eclipse/gnu mcu eclipse/arm embedded gcc/8.2.1-1.7-20190524-0603/bin/../lib/gcc/arm-none-eabi/8.2.1/../../../../arm-none-eabi/lib/thumb/v7e-m+fp/hard\libg_nano.a(lib_a-abort.o)
                0x000000000002af58                abort
 *fill*         0x000000000002af66        0x2 
 .text.__errno  0x000000000002af68        0xc c:/eclipse/gnu mcu eclipse/arm embedded gcc/8.2.1-1.7-20190524-0603/bin/../lib/gcc/arm-none-eabi/8.2.1/../../../../arm-none-eabi/lib/thumb/v7e-m+fp/hard\libg_nano.a(lib_a-errno.o)
                0x000000000002af68                __errno
 .text._raise_r
                0x000000000002af74       0x50 c:/eclipse/gnu mcu eclipse/arm embedded gcc/8.2.1-1.7-20190524-0603/bin/../lib/gcc/arm-none-eabi/8.2.1/../../../../arm-none-eabi/lib/thumb/v7e-m+fp/hard\libg_nano.a(lib_a-signal.o)
                0x000000000002af74                _raise_r
 .text.raise    0x000000000002afc4       0x10 c:/eclipse/gnu mcu eclipse/arm embedded gcc/8.2.1-1.7-20190524-0603/bin/../lib/gcc/arm-none-eabi/8.2.1/../../../../arm-none-eabi/lib/thumb/v7e-m+fp/hard\libg_nano.a(lib_a-signal.o)
                0x000000000002afc4                raise
 .text._kill_r  0x000000000002afd4       0x24 c:/eclipse/gnu mcu eclipse/arm embedded gcc/8.2.1-1.7-20190524-0603/bin/../lib/gcc/arm-none-eabi/8.2.1/../../../../arm-none-eabi/lib/thumb/v7e-m+fp/hard\libg_nano.a(lib_a-signalr.o)
                0x000000000002afd4                _kill_r
 .text._getpid_r
                0x000000000002aff8        0x4 c:/eclipse/gnu mcu eclipse/arm embedded gcc/8.2.1-1.7-20190524-0603/bin/../lib/gcc/arm-none-eabi/8.2.1/../../../../arm-none-eabi/lib/thumb/v7e-m+fp/hard\libg_nano.a(lib_a-signalr.o)
                0x000000000002aff8                _getpid_r
 .text._getpid  0x000000000002affc       0x10 c:/eclipse/gnu mcu eclipse/arm embedded gcc/8.2.1-1.7-20190524-0603/bin/../lib/gcc/arm-none-eabi/8.2.1/../../../../arm-none-eabi/lib/thumb/v7e-m+fp/hard\libnosys.a(getpid.o)
                0x000000000002affc                _getpid
 .text._kill    0x000000000002b00c       0x10 c:/eclipse/gnu mcu eclipse/arm embedded gcc/8.2.1-1.7-20190524-0603/bin/../lib/gcc/arm-none-eabi/8.2.1/../../../../arm-none-eabi/lib/thumb/v7e-m+fp/hard\libnosys.a(kill.o)
                0x000000000002b00c                _kill
 *(.init)
 .init          0x000000000002b01c        0x4 c:/eclipse/gnu mcu eclipse/arm embedded gcc/8.2.1-1.7-20190524-0603/bin/../lib/gcc/arm-none-eabi/8.2.1/thumb/v7e-m+fp/hard/crti.o
                0x000000000002b01c                _init
 .init          0x000000000002b020        0x8 c:/eclipse/gnu mcu eclipse/arm embedded gcc/8.2.1-1.7-20190524-0603/bin/../lib/gcc/arm-none-eabi/8.2.1/thumb/v7e-m+fp/hard/crtn.o
 *(.fini)
 .fini          0x000000000002b028        0x4 c:/eclipse/gnu mcu eclipse/arm embedded gcc/8.2.1-1.7-20190524-0603/bin/../lib/gcc/arm-none-eabi/8.2.1/thumb/v7e-m+fp/hard/crti.o
                0x000000000002b028                _fini
 .fini          0x000000000002b02c        0x8 c:/eclipse/gnu mcu eclipse/arm embedded gcc/8.2.1-1.7-20190524-0603/bin/../lib/gcc/arm-none-eabi/8.2.1/thumb/v7e-m+fp/hard/crtn.o
 *crtbegin.o(.ctors)
 *crtbegin?.o(.ctors)
 *(EXCLUDE_FILE(*crtend.o *crtend?.o) .ctors)
 *(SORT_BY_NAME(.ctors.*))
 *(.ctors)
 *crtbegin.o(.dtors)
 *crtbegin?.o(.dtors)
 *(EXCLUDE_FILE(*crtend.o *crtend?.o) .dtors)
 *(SORT_BY_NAME(.dtors.*))
 *(.dtors)
 *(.rodata*)
 *fill*         0x000000000002b034        0xc 
 .rodata.delay_machine_code.8819
                0x000000000002b040        0x6 _build/nrf52832_xxaa/app_timer.c.o
 *fill*         0x000000000002b046        0x2 
 .rodata._Z10Initializev.str1.4
                0x000000000002b048       0x33 _build/nrf52832_xxaa/main.cpp.o
 *fill*         0x000000000002b07b        0x1 
 .rodata.main.str1.4
                0x000000000002b07c       0x86 _build/nrf52832_xxaa/main.cpp.o
 *fill*         0x000000000002b102        0x2 
 .rodata.sdh_stack_observers
                0x000000000002b104        0xc _build/nrf52832_xxaa/nrf_sdh.c.o
 .rodata.sdh_ble_observers
                0x000000000002b110        0xc _build/nrf52832_xxaa/nrf_sdh_ble.c.o
 .rodata.sdh_soc_observers
                0x000000000002b11c        0xc _build/nrf52832_xxaa/nrf_sdh_soc.c.o
 .rodata._ZN3_BT4InitEv.str1.4
                0x000000000002b128       0x14 _build/nrf52832_xxaa/Bluetooth.cpp.o
 *fill*         0x000000000002b13c        0x4 
 .rodata._ZZ21nrfx_coredep_delay_usE18delay_machine_code
                0x000000000002b140        0x6 _build/nrf52832_xxaa/arduino.cpp.o
 *fill*         0x000000000002b146        0x2 
 .rodata._ZN8_MPU92504InitEv.str1.4
                0x000000000002b148       0x75 _build/nrf52832_xxaa/MPU9250.cpp.o
 *fill*         0x000000000002b1bd        0x3 
 .rodata._ZN8_MPU92508caliGyroEv.str1.4
                0x000000000002b1c0       0x26 _build/nrf52832_xxaa/MPU9250.cpp.o
 *fill*         0x000000000002b1e6        0x2 
 .rodata._ZN8_MPU92509caliAccelEv.str1.4
                0x000000000002b1e8       0x2a _build/nrf52832_xxaa/MPU9250.cpp.o
 *fill*         0x000000000002b212        0x2 
 .rodata._global_impure_ptr
                0x000000000002b214        0x4 c:/eclipse/gnu mcu eclipse/arm embedded gcc/8.2.1-1.7-20190524-0603/bin/../lib/gcc/arm-none-eabi/8.2.1/../../../../arm-none-eabi/lib/thumb/v7e-m+fp/hard\libc_nano.a(lib_a-impure.o)
                0x000000000002b214                _global_impure_ptr
 .rodata._svfprintf_r.str1.1
                0x000000000002b218       0x11 c:/eclipse/gnu mcu eclipse/arm embedded gcc/8.2.1-1.7-20190524-0603/bin/../lib/gcc/arm-none-eabi/8.2.1/../../../../arm-none-eabi/lib/thumb/v7e-m+fp/hard\libc_nano.a(lib_a-nano-svfprintf.o)
 .rodata._printf_i.str1.1
                0x000000000002b229       0x22 c:/eclipse/gnu mcu eclipse/arm embedded gcc/8.2.1-1.7-20190524-0603/bin/../lib/gcc/arm-none-eabi/8.2.1/../../../../arm-none-eabi/lib/thumb/v7e-m+fp/hard\libc_nano.a(lib_a-nano-vfprintf_i.o)
 *fill*         0x000000000002b24b        0x1 
 .rodata.sqrt.str1.4
                0x000000000002b24c        0x8 c:/eclipse/gnu mcu eclipse/arm embedded gcc/8.2.1-1.7-20190524-0603/bin/../lib/gcc/arm-none-eabi/8.2.1/../../../../arm-none-eabi/lib/thumb/v7e-m+fp/hard\libm.a(lib_a-w_sqrt.o)
                                          0x5 (size before relaxing)
 *(.eh_frame*)
 .eh_frame      0x000000000002b254        0x0 c:/eclipse/gnu mcu eclipse/arm embedded gcc/8.2.1-1.7-20190524-0603/bin/../lib/gcc/arm-none-eabi/8.2.1/thumb/v7e-m+fp/hard/crtbegin.o
 .eh_frame      0x000000000002b254        0x4 c:/eclipse/gnu mcu eclipse/arm embedded gcc/8.2.1-1.7-20190524-0603/bin/../lib/gcc/arm-none-eabi/8.2.1/thumb/v7e-m+fp/hard/crtend.o

.glue_7         0x000000000002b258        0x0
 .glue_7        0x000000000002b258        0x0 linker stubs

.glue_7t        0x000000000002b258        0x0
 .glue_7t       0x000000000002b258        0x0 linker stubs

.vfp11_veneer   0x000000000002b258        0x0
 .vfp11_veneer  0x000000000002b258        0x0 linker stubs

.v4_bx          0x000000000002b258        0x0
 .v4_bx         0x000000000002b258        0x0 linker stubs

.iplt           0x000000000002b258        0x0
 .iplt          0x000000000002b258        0x0 c:/eclipse/gnu mcu eclipse/arm embedded gcc/8.2.1-1.7-20190524-0603/bin/../lib/gcc/arm-none-eabi/8.2.1/thumb/v7e-m+fp/hard/crtbegin.o

.mem_section_dummy_rom

.sdh_ant_observers
                0x000000000002b258        0x0
                [!provide]                        PROVIDE (__start_sdh_ant_observers = .)
 *(SORT_BY_NAME(.sdh_ant_observers*))
                [!provide]                        PROVIDE (__stop_sdh_ant_observers = .)

.sdh_ble_observers
                0x000000000002b258       0x18
                0x000000000002b258                PROVIDE (__start_sdh_ble_observers = .)
 *(SORT_BY_NAME(.sdh_ble_observers*))
 .sdh_ble_observers0
                0x000000000002b258        0x8 _build/nrf52832_xxaa/ble_conn_state.c.o
 .sdh_ble_observers1
                0x000000000002b260        0x8 _build/nrf52832_xxaa/bsp_btn_ble.c.o
 .sdh_ble_observers1
                0x000000000002b268        0x8 _build/nrf52832_xxaa/ble_conn_params.c.o
                0x000000000002b270                PROVIDE (__stop_sdh_ble_observers = .)

.sdh_soc_observers
                0x000000000002b270        0x8
                0x000000000002b270                PROVIDE (__start_sdh_soc_observers = .)
 *(SORT_BY_NAME(.sdh_soc_observers*))
 .sdh_soc_observers0
                0x000000000002b270        0x8 _build/nrf52832_xxaa/nrf_drv_clock.c.o
                0x000000000002b278                PROVIDE (__stop_sdh_soc_observers = .)

.sdh_req_observers
                0x000000000002b278        0x0
                0x000000000002b278                PROVIDE (__start_sdh_req_observers = .)
 *(SORT_BY_NAME(.sdh_req_observers*))
                0x000000000002b278                PROVIDE (__stop_sdh_req_observers = .)

.sdh_state_observers
                0x000000000002b278        0x8
                0x000000000002b278                PROVIDE (__start_sdh_state_observers = .)
 *(SORT_BY_NAME(.sdh_state_observers*))
 .sdh_state_observers0
                0x000000000002b278        0x8 _build/nrf52832_xxaa/nrf_drv_clock.c.o
                0x000000000002b280                PROVIDE (__stop_sdh_state_observers = .)

.sdh_stack_observers
                0x000000000002b280       0x10
                0x000000000002b280                PROVIDE (__start_sdh_stack_observers = .)
 *(SORT_BY_NAME(.sdh_stack_observers*))
 .sdh_stack_observers0
                0x000000000002b280        0x8 _build/nrf52832_xxaa/nrf_sdh_ble.c.o
 .sdh_stack_observers0
                0x000000000002b288        0x8 _build/nrf52832_xxaa/nrf_sdh_soc.c.o
                0x000000000002b290                PROVIDE (__stop_sdh_stack_observers = .)

.log_const_data
                0x000000000002b290        0x0
                [!provide]                        PROVIDE (__start_log_const_data = .)
 *(SORT_BY_NAME(.log_const_data*))
                [!provide]                        PROVIDE (__stop_log_const_data = .)

.nrf_balloc     0x000000000002b290        0x0
                [!provide]                        PROVIDE (__start_nrf_balloc = .)
 *(.nrf_balloc)
                [!provide]                        PROVIDE (__stop_nrf_balloc = .)

.nrf_queue      0x000000000002b290        0x0
                [!provide]                        PROVIDE (__start_nrf_queue = .)
 *(.nrf_queue)
                [!provide]                        PROVIDE (__stop_nrf_queue = .)

.cli_command    0x000000000002b290        0x0
                [!provide]                        PROVIDE (__start_cli_command = .)
 *(.cli_command)
                [!provide]                        PROVIDE (__stop_cli_command = .)

.crypto_data    0x000000000002b290        0x0
                [!provide]                        PROVIDE (__start_crypto_data = .)
 *(SORT_BY_NAME(.crypto_data*))
                [!provide]                        PROVIDE (__stop_crypto_data = .)

.pwr_mgmt_data  0x000000000002b290        0x0
                [!provide]                        PROVIDE (__start_pwr_mgmt_data = .)
 *(SORT_BY_NAME(.pwr_mgmt_data*))
                [!provide]                        PROVIDE (__stop_pwr_mgmt_data = .)

.log_backends   0x000000000002b290        0x0
                [!provide]                        PROVIDE (__start_log_backends = .)
 *(SORT_BY_NAME(.log_backends*))
                [!provide]                        PROVIDE (__stop_log_backends = .)

.ARM.extab      0x000000000002b290        0xc
 *(.ARM.extab* .gnu.linkonce.armextab.*)
 .ARM.extab.text._Z10Initializev
                0x000000000002b290        0xc _build/nrf52832_xxaa/main.cpp.o
                0x000000000002b29c                __exidx_start = .

.ARM.exidx      0x000000000002b29c       0xe8
 *(.ARM.exidx* .gnu.linkonce.armexidx.*)
 .ARM.exidx     0x000000000002b29c        0x8 c:/eclipse/gnu mcu eclipse/arm embedded gcc/8.2.1-1.7-20190524-0603/bin/../lib/gcc/arm-none-eabi/8.2.1/../../../../arm-none-eabi/lib/thumb/v7e-m+fp/hard/crt0.o
 .ARM.exidx.text.NVIC_SystemReset
                0x000000000002b2a4        0x0 _build/nrf52832_xxaa/main.cpp.o
                                          0x8 (size before relaxing)
 .ARM.exidx.text._Z10Initializev
                0x000000000002b2a4        0x8 _build/nrf52832_xxaa/main.cpp.o
 .ARM.exidx.text.startup.main
                0x000000000002b2ac       0x10 _build/nrf52832_xxaa/main.cpp.o
                                          0x8 (size before relaxing)
 .ARM.exidx.text._ZN3_BT4InitEv
                0x000000000002b2bc        0x0 _build/nrf52832_xxaa/Bluetooth.cpp.o
                                          0x8 (size before relaxing)
 .ARM.exidx.text._Z11arduinoInitv
                0x000000000002b2bc        0x0 _build/nrf52832_xxaa/arduino.cpp.o
                                          0x8 (size before relaxing)
 .ARM.exidx.text._ZN7_Serial5beginEm
                0x000000000002b2bc        0x0 _build/nrf52832_xxaa/arduino.cpp.o
                                          0x8 (size before relaxing)
 .ARM.exidx.text._ZN7_Serial5printEPKc
                0x000000000002b2bc        0x0 _build/nrf52832_xxaa/arduino.cpp.o
                                          0x8 (size before relaxing)
 .ARM.exidx.text._ZN7_Serial7printlnEPKc
                0x000000000002b2bc        0x0 _build/nrf52832_xxaa/arduino.cpp.o
                                          0x8 (size before relaxing)
 .ARM.exidx.text._ZN7_Serial4readEv
                0x000000000002b2bc        0x0 _build/nrf52832_xxaa/arduino.cpp.o
                                          0x8 (size before relaxing)
 .ARM.exidx.text._Z5delayt
                0x000000000002b2bc        0x8 _build/nrf52832_xxaa/arduino.cpp.o
 .ARM.exidx.text._Z6millisv
                0x000000000002b2c4        0x8 _build/nrf52832_xxaa/arduino.cpp.o
 .ARM.exidx.text._Z7pinModehb
                0x000000000002b2cc        0x0 _build/nrf52832_xxaa/arduino.cpp.o
                                          0x8 (size before relaxing)
 .ARM.exidx.text._Z12digitalWritehb
                0x000000000002b2cc        0x0 _build/nrf52832_xxaa/arduino.cpp.o
                                          0x8 (size before relaxing)
 .ARM.exidx.text._ZN5_Wire5beginEv
                0x000000000002b2cc        0x0 _build/nrf52832_xxaa/Wire.cpp.o
                                          0x8 (size before relaxing)
 .ARM.exidx.text._ZN5_Wire11requestFromEhh
                0x000000000002b2cc        0x0 _build/nrf52832_xxaa/Wire.cpp.o
                                          0x8 (size before relaxing)
 .ARM.exidx.text._ZN5_Wire17beginTransmissionEh
                0x000000000002b2cc        0x0 _build/nrf52832_xxaa/Wire.cpp.o
                                          0x8 (size before relaxing)
 .ARM.exidx.text._ZN5_Wire15endTransmissionEb
                0x000000000002b2cc        0x0 _build/nrf52832_xxaa/Wire.cpp.o
                                          0x8 (size before relaxing)
 .ARM.exidx.text._ZN5_Wire5writeEh
                0x000000000002b2cc        0x0 _build/nrf52832_xxaa/Wire.cpp.o
                                          0x8 (size before relaxing)
 .ARM.exidx.text._ZN5_Wire4readEv
                0x000000000002b2cc        0x0 _build/nrf52832_xxaa/Wire.cpp.o
                                          0x8 (size before relaxing)
 .ARM.exidx.text._ZN8_MPU92509getRawMagEv.part.0
                0x000000000002b2cc        0x8 _build/nrf52832_xxaa/MPU9250.cpp.o
 .ARM.exidx.text._ZN8_MPU92504InitEv
                0x000000000002b2d4        0x8 _build/nrf52832_xxaa/MPU9250.cpp.o
 .ARM.exidx.text._ZN8_MPU925011getRawAccelEv
                0x000000000002b2dc        0x8 _build/nrf52832_xxaa/MPU9250.cpp.o
 .ARM.exidx.text._ZN8_MPU925010getRawGyroEv
                0x000000000002b2e4        0x0 _build/nrf52832_xxaa/MPU9250.cpp.o
                                          0x8 (size before relaxing)
 .ARM.exidx.text._ZN8_MPU925016getCalibratedMagEv
                0x000000000002b2e4        0x0 _build/nrf52832_xxaa/MPU9250.cpp.o
                                          0x8 (size before relaxing)
 .ARM.exidx.text._ZN8_MPU92509caliAccelEv
                0x000000000002b2e4        0x8 _build/nrf52832_xxaa/MPU9250.cpp.o
 .ARM.exidx.text._ZN8_MPU92508caliGyroEv
                0x000000000002b2ec        0x8 _build/nrf52832_xxaa/MPU9250.cpp.o
 .ARM.exidx.text._ZN8_MPU92507caliMagEv
                0x000000000002b2f4       0x10 _build/nrf52832_xxaa/MPU9250.cpp.o
                                          0x8 (size before relaxing)
 .ARM.exidx.text.selfrel_offset31
                0x000000000002b304        0x0 c:/eclipse/gnu mcu eclipse/arm embedded gcc/8.2.1-1.7-20190524-0603/bin/../lib/gcc/arm-none-eabi/8.2.1/thumb/v7e-m+fp/hard\libgcc.a(unwind-arm.o)
                                          0x8 (size before relaxing)
 .ARM.exidx.text.search_EIT_table
                0x000000000002b304        0x0 c:/eclipse/gnu mcu eclipse/arm embedded gcc/8.2.1-1.7-20190524-0603/bin/../lib/gcc/arm-none-eabi/8.2.1/thumb/v7e-m+fp/hard\libgcc.a(unwind-arm.o)
                                          0x8 (size before relaxing)
 .ARM.exidx.text.__gnu_unwind_get_pr_addr
                0x000000000002b304        0x0 c:/eclipse/gnu mcu eclipse/arm embedded gcc/8.2.1-1.7-20190524-0603/bin/../lib/gcc/arm-none-eabi/8.2.1/thumb/v7e-m+fp/hard\libgcc.a(unwind-arm.o)
                                          0x8 (size before relaxing)
 .ARM.exidx.text.get_eit_entry
                0x000000000002b304        0x8 c:/eclipse/gnu mcu eclipse/arm embedded gcc/8.2.1-1.7-20190524-0603/bin/../lib/gcc/arm-none-eabi/8.2.1/thumb/v7e-m+fp/hard\libgcc.a(unwind-arm.o)
 .ARM.exidx.text.restore_non_core_regs
                0x000000000002b30c        0x8 c:/eclipse/gnu mcu eclipse/arm embedded gcc/8.2.1-1.7-20190524-0603/bin/../lib/gcc/arm-none-eabi/8.2.1/thumb/v7e-m+fp/hard\libgcc.a(unwind-arm.o)
 .ARM.exidx.text._Unwind_decode_typeinfo_ptr.isra.0
                0x000000000002b314        0x8 c:/eclipse/gnu mcu eclipse/arm embedded gcc/8.2.1-1.7-20190524-0603/bin/../lib/gcc/arm-none-eabi/8.2.1/thumb/v7e-m+fp/hard\libgcc.a(unwind-arm.o)
 .ARM.exidx.text._Unwind_DebugHook
                0x000000000002b31c        0x0 c:/eclipse/gnu mcu eclipse/arm embedded gcc/8.2.1-1.7-20190524-0603/bin/../lib/gcc/arm-none-eabi/8.2.1/thumb/v7e-m+fp/hard\libgcc.a(unwind-arm.o)
                                          0x8 (size before relaxing)
 .ARM.exidx.text.unwind_phase2
                0x000000000002b31c        0x8 c:/eclipse/gnu mcu eclipse/arm embedded gcc/8.2.1-1.7-20190524-0603/bin/../lib/gcc/arm-none-eabi/8.2.1/thumb/v7e-m+fp/hard\libgcc.a(unwind-arm.o)
 .ARM.exidx.text.unwind_phase2_forced
                0x000000000002b324        0x8 c:/eclipse/gnu mcu eclipse/arm embedded gcc/8.2.1-1.7-20190524-0603/bin/../lib/gcc/arm-none-eabi/8.2.1/thumb/v7e-m+fp/hard\libgcc.a(unwind-arm.o)
 .ARM.exidx.text.__gnu_Unwind_RaiseException
                0x000000000002b32c        0x8 c:/eclipse/gnu mcu eclipse/arm embedded gcc/8.2.1-1.7-20190524-0603/bin/../lib/gcc/arm-none-eabi/8.2.1/thumb/v7e-m+fp/hard\libgcc.a(unwind-arm.o)
 .ARM.exidx.text.__gnu_Unwind_ForcedUnwind
                0x000000000002b334        0x8 c:/eclipse/gnu mcu eclipse/arm embedded gcc/8.2.1-1.7-20190524-0603/bin/../lib/gcc/arm-none-eabi/8.2.1/thumb/v7e-m+fp/hard\libgcc.a(unwind-arm.o)
 .ARM.exidx.text.__gnu_Unwind_Resume
                0x000000000002b33c        0x8 c:/eclipse/gnu mcu eclipse/arm embedded gcc/8.2.1-1.7-20190524-0603/bin/../lib/gcc/arm-none-eabi/8.2.1/thumb/v7e-m+fp/hard\libgcc.a(unwind-arm.o)
 .ARM.exidx.text.__gnu_Unwind_Resume_or_Rethrow
                0x000000000002b344        0x8 c:/eclipse/gnu mcu eclipse/arm embedded gcc/8.2.1-1.7-20190524-0603/bin/../lib/gcc/arm-none-eabi/8.2.1/thumb/v7e-m+fp/hard\libgcc.a(unwind-arm.o)
 .ARM.exidx.text._Unwind_VRS_Get
                0x000000000002b34c        0x0 c:/eclipse/gnu mcu eclipse/arm embedded gcc/8.2.1-1.7-20190524-0603/bin/../lib/gcc/arm-none-eabi/8.2.1/thumb/v7e-m+fp/hard\libgcc.a(unwind-arm.o)
                                          0x8 (size before relaxing)
 .ARM.exidx.text._Unwind_GetGR
                0x000000000002b34c        0x0 c:/eclipse/gnu mcu eclipse/arm embedded gcc/8.2.1-1.7-20190524-0603/bin/../lib/gcc/arm-none-eabi/8.2.1/thumb/v7e-m+fp/hard\libgcc.a(unwind-arm.o)
                                          0x8 (size before relaxing)
 .ARM.exidx.text._Unwind_VRS_Set
                0x000000000002b34c        0x0 c:/eclipse/gnu mcu eclipse/arm embedded gcc/8.2.1-1.7-20190524-0603/bin/../lib/gcc/arm-none-eabi/8.2.1/thumb/v7e-m+fp/hard\libgcc.a(unwind-arm.o)
                                          0x8 (size before relaxing)
 .ARM.exidx.text._Unwind_SetGR
                0x000000000002b34c        0x0 c:/eclipse/gnu mcu eclipse/arm embedded gcc/8.2.1-1.7-20190524-0603/bin/../lib/gcc/arm-none-eabi/8.2.1/thumb/v7e-m+fp/hard\libgcc.a(unwind-arm.o)
                                          0x8 (size before relaxing)
 .ARM.exidx.text.__gnu_Unwind_Backtrace
                0x000000000002b34c        0x8 c:/eclipse/gnu mcu eclipse/arm embedded gcc/8.2.1-1.7-20190524-0603/bin/../lib/gcc/arm-none-eabi/8.2.1/thumb/v7e-m+fp/hard\libgcc.a(unwind-arm.o)
 .ARM.exidx.text.__gnu_unwind_pr_common
                0x000000000002b354        0x8 c:/eclipse/gnu mcu eclipse/arm embedded gcc/8.2.1-1.7-20190524-0603/bin/../lib/gcc/arm-none-eabi/8.2.1/thumb/v7e-m+fp/hard\libgcc.a(unwind-arm.o)
 .ARM.exidx.text.__aeabi_unwind_cpp_pr0
                0x000000000002b35c        0x8 c:/eclipse/gnu mcu eclipse/arm embedded gcc/8.2.1-1.7-20190524-0603/bin/../lib/gcc/arm-none-eabi/8.2.1/thumb/v7e-m+fp/hard\libgcc.a(unwind-arm.o)
 .ARM.exidx.text.__aeabi_unwind_cpp_pr1
                0x000000000002b364        0x0 c:/eclipse/gnu mcu eclipse/arm embedded gcc/8.2.1-1.7-20190524-0603/bin/../lib/gcc/arm-none-eabi/8.2.1/thumb/v7e-m+fp/hard\libgcc.a(unwind-arm.o)
                                          0x8 (size before relaxing)
 .ARM.exidx.text.__aeabi_unwind_cpp_pr2
                0x000000000002b364        0x0 c:/eclipse/gnu mcu eclipse/arm embedded gcc/8.2.1-1.7-20190524-0603/bin/../lib/gcc/arm-none-eabi/8.2.1/thumb/v7e-m+fp/hard\libgcc.a(unwind-arm.o)
                                          0x8 (size before relaxing)
 .ARM.exidx.text._Unwind_VRS_Pop
                0x000000000002b364       0x10 c:/eclipse/gnu mcu eclipse/arm embedded gcc/8.2.1-1.7-20190524-0603/bin/../lib/gcc/arm-none-eabi/8.2.1/thumb/v7e-m+fp/hard\libgcc.a(unwind-arm.o)
                                          0x8 (size before relaxing)
 .ARM.exidx.text.next_unwind_byte
                0x000000000002b374        0x0 c:/eclipse/gnu mcu eclipse/arm embedded gcc/8.2.1-1.7-20190524-0603/bin/../lib/gcc/arm-none-eabi/8.2.1/thumb/v7e-m+fp/hard\libgcc.a(pr-support.o)
                                          0x8 (size before relaxing)
 .ARM.exidx.text.__gnu_unwind_execute
                0x000000000002b374       0x10 c:/eclipse/gnu mcu eclipse/arm embedded gcc/8.2.1-1.7-20190524-0603/bin/../lib/gcc/arm-none-eabi/8.2.1/thumb/v7e-m+fp/hard\libgcc.a(pr-support.o)
                                          0x8 (size before relaxing)
                0x000000000002b384                __exidx_end = .
                0x000000000002b384                __etext = .

.rel.dyn        0x000000000002b384        0x0
 .rel.iplt      0x000000000002b384        0x0 c:/eclipse/gnu mcu eclipse/arm embedded gcc/8.2.1-1.7-20190524-0603/bin/../lib/gcc/arm-none-eabi/8.2.1/thumb/v7e-m+fp/hard/crtbegin.o

.data           0x0000000020002a98       0x74 load address 0x000000000002b384
                0x0000000020002a98                __data_start__ = .
 *(vtable)
 *(.data*)
 .data.SystemCoreClock
                0x0000000020002a98        0x4 _build/nrf52832_xxaa/system_nrf52.c.o
                0x0000000020002a98                SystemCoreClock
 .data._impure_ptr
                0x0000000020002a9c        0x4 c:/eclipse/gnu mcu eclipse/arm embedded gcc/8.2.1-1.7-20190524-0603/bin/../lib/gcc/arm-none-eabi/8.2.1/../../../../arm-none-eabi/lib/thumb/v7e-m+fp/hard\libc_nano.a(lib_a-impure.o)
                0x0000000020002a9c                _impure_ptr
 .data.impure_data
                0x0000000020002aa0       0x60 c:/eclipse/gnu mcu eclipse/arm embedded gcc/8.2.1-1.7-20190524-0603/bin/../lib/gcc/arm-none-eabi/8.2.1/../../../../arm-none-eabi/lib/thumb/v7e-m+fp/hard\libc_nano.a(lib_a-impure.o)
 .data.__fdlib_version
                0x0000000020002b00        0x1 c:/eclipse/gnu mcu eclipse/arm embedded gcc/8.2.1-1.7-20190524-0603/bin/../lib/gcc/arm-none-eabi/8.2.1/../../../../arm-none-eabi/lib/thumb/v7e-m+fp/hard\libm.a(lib_a-s_lib_ver.o)
                0x0000000020002b00                __fdlib_version
                0x0000000020002b04                . = ALIGN (0x4)
 *fill*         0x0000000020002b01        0x3 
                0x0000000020002b04                PROVIDE (__preinit_array_start = .)
 *(.preinit_array)
                0x0000000020002b04                PROVIDE (__preinit_array_end = .)
                0x0000000020002b04                . = ALIGN (0x4)
                0x0000000020002b04                PROVIDE (__init_array_start = .)
 *(SORT_BY_NAME(.init_array.*))
 *(.init_array)
 .init_array    0x0000000020002b04        0x4 c:/eclipse/gnu mcu eclipse/arm embedded gcc/8.2.1-1.7-20190524-0603/bin/../lib/gcc/arm-none-eabi/8.2.1/thumb/v7e-m+fp/hard/crtbegin.o
                0x0000000020002b08                PROVIDE (__init_array_end = .)
                0x0000000020002b08                . = ALIGN (0x4)
                [!provide]                        PROVIDE (__fini_array_start = .)
 *(SORT_BY_NAME(.fini_array.*))
 *(.fini_array)
 .fini_array    0x0000000020002b08        0x4 c:/eclipse/gnu mcu eclipse/arm embedded gcc/8.2.1-1.7-20190524-0603/bin/../lib/gcc/arm-none-eabi/8.2.1/thumb/v7e-m+fp/hard/crtbegin.o
                [!provide]                        PROVIDE (__fini_array_end = .)
 *(.jcr*)
                0x0000000020002b0c                . = ALIGN (0x4)
                0x0000000020002b0c                __data_end__ = .
LOAD c:/eclipse/gnu mcu eclipse/arm embedded gcc/8.2.1-1.7-20190524-0603/bin/../lib/gcc/arm-none-eabi/8.2.1/thumb/v7e-m+fp/hard/crti.o
LOAD c:/eclipse/gnu mcu eclipse/arm embedded gcc/8.2.1-1.7-20190524-0603/bin/../lib/gcc/arm-none-eabi/8.2.1/thumb/v7e-m+fp/hard/crtbegin.o
LOAD c:/eclipse/gnu mcu eclipse/arm embedded gcc/8.2.1-1.7-20190524-0603/bin/../lib/gcc/arm-none-eabi/8.2.1/../../../../arm-none-eabi/lib/thumb/v7e-m+fp/hard/crt0.o
LOAD _build/nrf52832_xxaa/gcc_startup_nrf52.S.o
LOAD _build/nrf52832_xxaa/nrf_log_frontend.c.o
LOAD _build/nrf52832_xxaa/nrf_log_str_formatter.c.o
LOAD _build/nrf52832_xxaa/app_button.c.o
LOAD _build/nrf52832_xxaa/app_error.c.o
LOAD _build/nrf52832_xxaa/app_error_handler_gcc.c.o
LOAD _build/nrf52832_xxaa/app_error_weak.c.o
LOAD _build/nrf52832_xxaa/app_fifo.c.o
LOAD _build/nrf52832_xxaa/app_scheduler.c.o
LOAD _build/nrf52832_xxaa/app_timer.c.o
LOAD _build/nrf52832_xxaa/app_uart_fifo.c.o
LOAD _build/nrf52832_xxaa/app_util_platform.c.o
LOAD _build/nrf52832_xxaa/hardfault_implementation.c.o
LOAD _build/nrf52832_xxaa/nrf_assert.c.o
LOAD _build/nrf52832_xxaa/nrf_atfifo.c.o
LOAD _build/nrf52832_xxaa/nrf_atflags.c.o
LOAD _build/nrf52832_xxaa/nrf_atomic.c.o
LOAD _build/nrf52832_xxaa/nrf_balloc.c.o
LOAD _build/nrf52832_xxaa/nrf_fprintf.c.o
LOAD _build/nrf52832_xxaa/nrf_fprintf_format.c.o
LOAD _build/nrf52832_xxaa/nrf_memobj.c.o
LOAD _build/nrf52832_xxaa/nrf_pwr_mgmt.c.o
LOAD _build/nrf52832_xxaa/nrf_ringbuf.c.o
LOAD _build/nrf52832_xxaa/nrf_section_iter.c.o
LOAD _build/nrf52832_xxaa/nrf_strerror.c.o
LOAD _build/nrf52832_xxaa/retarget.c.o
LOAD _build/nrf52832_xxaa/system_nrf52.c.o
LOAD _build/nrf52832_xxaa/boards.c.o
LOAD _build/nrf52832_xxaa/nrf_drv_clock.c.o
LOAD _build/nrf52832_xxaa/nrf_drv_uart.c.o
LOAD _build/nrf52832_xxaa/nrfx_atomic.c.o
LOAD _build/nrf52832_xxaa/nrfx_clock.c.o
LOAD _build/nrf52832_xxaa/nrfx_gpiote.c.o
LOAD _build/nrf52832_xxaa/nrfx_prs.c.o
LOAD _build/nrf52832_xxaa/nrfx_uart.c.o
LOAD _build/nrf52832_xxaa/nrfx_uarte.c.o
LOAD _build/nrf52832_xxaa/bsp.c.o
LOAD _build/nrf52832_xxaa/bsp_btn_ble.c.o
LOAD _build/nrf52832_xxaa/main.cpp.o
LOAD _build/nrf52832_xxaa/ble_advdata.c.o
LOAD _build/nrf52832_xxaa/ble_advertising.c.o
LOAD _build/nrf52832_xxaa/ble_conn_params.c.o
LOAD _build/nrf52832_xxaa/ble_conn_state.c.o
LOAD _build/nrf52832_xxaa/ble_link_ctx_manager.c.o
LOAD _build/nrf52832_xxaa/ble_srv_common.c.o
LOAD _build/nrf52832_xxaa/nrf_ble_gatt.c.o
LOAD _build/nrf52832_xxaa/nrf_ble_qwr.c.o
LOAD _build/nrf52832_xxaa/utf.c.o
LOAD _build/nrf52832_xxaa/ble_nus.c.o
LOAD _build/nrf52832_xxaa/nrf_sdh.c.o
LOAD _build/nrf52832_xxaa/nrf_sdh_ble.c.o
LOAD _build/nrf52832_xxaa/nrf_sdh_soc.c.o
LOAD _build/nrf52832_xxaa/nrf_nvmc.c.o
LOAD _build/nrf52832_xxaa/Bluetooth.cpp.o
LOAD _build/nrf52832_xxaa/arduino.cpp.o
LOAD _build/nrf52832_xxaa/AHRS.cpp.o
LOAD _build/nrf52832_xxaa/Wire.cpp.o
LOAD _build/nrf52832_xxaa/MPU9250.cpp.o
LOAD c:/eclipse/gnu mcu eclipse/arm embedded gcc/8.2.1-1.7-20190524-0603/bin/../lib/gcc/arm-none-eabi/8.2.1/../../../../arm-none-eabi/lib/thumb/v7e-m+fp/hard\libc_nano.a
LOAD c:/eclipse/gnu mcu eclipse/arm embedded gcc/8.2.1-1.7-20190524-0603/bin/../lib/gcc/arm-none-eabi/8.2.1/../../../../arm-none-eabi/lib/thumb/v7e-m+fp/hard\libnosys.a
LOAD c:/eclipse/gnu mcu eclipse/arm embedded gcc/8.2.1-1.7-20190524-0603/bin/../lib/gcc/arm-none-eabi/8.2.1/../../../../arm-none-eabi/lib/thumb/v7e-m+fp/hard\libm.a
START GROUP
LOAD c:/eclipse/gnu mcu eclipse/arm embedded gcc/8.2.1-1.7-20190524-0603/bin/../lib/gcc/arm-none-eabi/8.2.1/thumb/v7e-m+fp/hard\libgcc.a
LOAD c:/eclipse/gnu mcu eclipse/arm embedded gcc/8.2.1-1.7-20190524-0603/bin/../lib/gcc/arm-none-eabi/8.2.1/../../../../arm-none-eabi/lib/thumb/v7e-m+fp/hard\libg_nano.a
LOAD c:/eclipse/gnu mcu eclipse/arm embedded gcc/8.2.1-1.7-20190524-0603/bin/../lib/gcc/arm-none-eabi/8.2.1/../../../../arm-none-eabi/lib/thumb/v7e-m+fp/hard\libc_nano.a
END GROUP
START GROUP
LOAD c:/eclipse/gnu mcu eclipse/arm embedded gcc/8.2.1-1.7-20190524-0603/bin/../lib/gcc/arm-none-eabi/8.2.1/thumb/v7e-m+fp/hard\libgcc.a
LOAD c:/eclipse/gnu mcu eclipse/arm embedded gcc/8.2.1-1.7-20190524-0603/bin/../lib/gcc/arm-none-eabi/8.2.1/../../../../arm-none-eabi/lib/thumb/v7e-m+fp/hard\libc_nano.a
END GROUP
LOAD c:/eclipse/gnu mcu eclipse/arm embedded gcc/8.2.1-1.7-20190524-0603/bin/../lib/gcc/arm-none-eabi/8.2.1/thumb/v7e-m+fp/hard/crtend.o
LOAD c:/eclipse/gnu mcu eclipse/arm embedded gcc/8.2.1-1.7-20190524-0603/bin/../lib/gcc/arm-none-eabi/8.2.1/thumb/v7e-m+fp/hard/crtn.o
START GROUP
LOAD c:/eclipse/gnu mcu eclipse/arm embedded gcc/8.2.1-1.7-20190524-0603/bin/../lib/gcc/arm-none-eabi/8.2.1/thumb/v7e-m+fp/hard\libgcc.a
LOAD c:/eclipse/gnu mcu eclipse/arm embedded gcc/8.2.1-1.7-20190524-0603/bin/../lib/gcc/arm-none-eabi/8.2.1/../../../../arm-none-eabi/lib/thumb/v7e-m+fp/hard\libc.a
LOAD c:/eclipse/gnu mcu eclipse/arm embedded gcc/8.2.1-1.7-20190524-0603/bin/../lib/gcc/arm-none-eabi/8.2.1/../../../../arm-none-eabi/lib/thumb/v7e-m+fp/hard\libnosys.a
END GROUP

.tm_clone_table
                0x0000000020002b0c        0x0 load address 0x000000000002b3f8
 .tm_clone_table
                0x0000000020002b0c        0x0 c:/eclipse/gnu mcu eclipse/arm embedded gcc/8.2.1-1.7-20190524-0603/bin/../lib/gcc/arm-none-eabi/8.2.1/thumb/v7e-m+fp/hard/crtbegin.o
 .tm_clone_table
                0x0000000020002b0c        0x0 c:/eclipse/gnu mcu eclipse/arm embedded gcc/8.2.1-1.7-20190524-0603/bin/../lib/gcc/arm-none-eabi/8.2.1/thumb/v7e-m+fp/hard/crtend.o

.igot.plt       0x0000000020002b0c        0x0 load address 0x000000000002b3f8
 .igot.plt      0x0000000020002b0c        0x0 c:/eclipse/gnu mcu eclipse/arm embedded gcc/8.2.1-1.7-20190524-0603/bin/../lib/gcc/arm-none-eabi/8.2.1/thumb/v7e-m+fp/hard/crtbegin.o
                0x0000000020002b0c                . = ALIGN (0x4)

.mem_section_dummy_ram

.log_dynamic_data
                0x0000000020002b0c        0x0
                [!provide]                        PROVIDE (__start_log_dynamic_data = .)
 *(SORT_BY_NAME(.log_dynamic_data*))
                [!provide]                        PROVIDE (__stop_log_dynamic_data = .)

.log_filter_data
                0x0000000020002b0c        0x0
                [!provide]                        PROVIDE (__start_log_filter_data = .)
 *(SORT_BY_NAME(.log_filter_data*))
                [!provide]                        PROVIDE (__stop_log_filter_data = .)

.cli_sorted_cmd_ptrs
                0x0000000020002b0c        0x0
                [!provide]                        PROVIDE (__start_cli_sorted_cmd_ptrs = .)
 *(.cli_sorted_cmd_ptrs)
                [!provide]                        PROVIDE (__stop_cli_sorted_cmd_ptrs = .)

.fs_data        0x0000000020002b0c        0x0
                [!provide]                        PROVIDE (__start_fs_data = .)
 *(.fs_data)
                [!provide]                        PROVIDE (__stop_fs_data = .)

.bss            0x0000000020002b0c      0x3c8 load address 0x000000000002b3f8
                0x0000000020002b0c                . = ALIGN (0x4)
                0x0000000020002b0c                __bss_start__ = .
 *(.bss*)
 .bss.completed.8014
                0x0000000020002b0c        0x1 c:/eclipse/gnu mcu eclipse/arm embedded gcc/8.2.1-1.7-20190524-0603/bin/../lib/gcc/arm-none-eabi/8.2.1/thumb/v7e-m+fp/hard/crtbegin.o
 *fill*         0x0000000020002b0d        0x3 
 .bss.object.8019
                0x0000000020002b10       0x18 c:/eclipse/gnu mcu eclipse/arm embedded gcc/8.2.1-1.7-20190524-0603/bin/../lib/gcc/arm-none-eabi/8.2.1/thumb/v7e-m+fp/hard/crtbegin.o
 .bss.m_op_queue
                0x0000000020002b28      0x10c _build/nrf52832_xxaa/app_timer.c.o
 .bss.m_rtc1_reset
                0x0000000020002c34        0x1 _build/nrf52832_xxaa/app_timer.c.o
 .bss.m_rtc1_running
                0x0000000020002c35        0x1 _build/nrf52832_xxaa/app_timer.c.o
 *fill*         0x0000000020002c36        0x2 
 .bss.m_ticks_elapsed
                0x0000000020002c38        0x8 _build/nrf52832_xxaa/app_timer.c.o
 .bss.m_ticks_elapsed_q_read_ind
                0x0000000020002c40        0x1 _build/nrf52832_xxaa/app_timer.c.o
 .bss.m_ticks_elapsed_q_write_ind
                0x0000000020002c41        0x1 _build/nrf52832_xxaa/app_timer.c.o
 *fill*         0x0000000020002c42        0x2 
 .bss.m_ticks_latest
                0x0000000020002c44        0x4 _build/nrf52832_xxaa/app_timer.c.o
 .bss.mp_timer_id_head
                0x0000000020002c48        0x4 _build/nrf52832_xxaa/app_timer.c.o
 .bss.m_clock_cb
                0x0000000020002c4c       0x14 _build/nrf52832_xxaa/nrf_drv_clock.c.o
 .bss.m_clock_cb
                0x0000000020002c60        0x8 _build/nrf52832_xxaa/nrfx_clock.c.o
 .bss.m_cb      0x0000000020002c68       0x2c _build/nrf52832_xxaa/nrfx_uart.c.o
 .bss.m_events_list
                0x0000000020002c94        0xc _build/nrf52832_xxaa/bsp.c.o
 .bss.m_error_handler
                0x0000000020002ca0        0x4 _build/nrf52832_xxaa/bsp_btn_ble.c.o
 .bss.m_num_connections
                0x0000000020002ca4        0x4 _build/nrf52832_xxaa/bsp_btn_ble.c.o
 .bss.IMU       0x0000000020002ca8       0x12 _build/nrf52832_xxaa/main.cpp.o
                0x0000000020002ca8                IMU
 *fill*         0x0000000020002cba        0x2 
 .bss.m_conn_params_config
                0x0000000020002cbc       0x1c _build/nrf52832_xxaa/ble_conn_params.c.o
 .bss.m_conn_params_instances
                0x0000000020002cd8       0x14 _build/nrf52832_xxaa/ble_conn_params.c.o
 .bss.m_preferred_conn_params
                0x0000000020002cec        0x8 _build/nrf52832_xxaa/ble_conn_params.c.o
 .bss.m_bcs     0x0000000020002cf4       0x78 _build/nrf52832_xxaa/ble_conn_state.c.o
 .bss.m_nrf_sdh_enabled
                0x0000000020002d6c        0x1 _build/nrf52832_xxaa/nrf_sdh.c.o
 .bss.m_stack_is_enabled
                0x0000000020002d6d        0x1 _build/nrf52832_xxaa/nrf_sdh_ble.c.o
 *fill*         0x0000000020002d6e        0x2 
 .bss.BT        0x0000000020002d70        0x1 _build/nrf52832_xxaa/Bluetooth.cpp.o
                0x0000000020002d70                BT
 *fill*         0x0000000020002d71        0x3 
 .bss.Serial    0x0000000020002d74        0x1 _build/nrf52832_xxaa/arduino.cpp.o
                0x0000000020002d74                Serial
 *fill*         0x0000000020002d75        0x3 
 .bss.Wire      0x0000000020002d78      0x101 _build/nrf52832_xxaa/Wire.cpp.o
                0x0000000020002d78                Wire
 *fill*         0x0000000020002e79        0x3 
 .bss._ZZN8_MPU925010getRawGyroEvE6output
                0x0000000020002e7c        0x6 _build/nrf52832_xxaa/MPU9250.cpp.o
 *fill*         0x0000000020002e82        0x2 
 .bss._ZZN8_MPU925011getRawAccelEvE6output
                0x0000000020002e84        0x6 _build/nrf52832_xxaa/MPU9250.cpp.o
 *fill*         0x0000000020002e8a        0x2 
 .bss._ZZN8_MPU925013getOffsetGyroEvE6output
                0x0000000020002e8c        0x6 _build/nrf52832_xxaa/MPU9250.cpp.o
 *fill*         0x0000000020002e92        0x2 
 .bss._ZZN8_MPU925014getOffsetAccelEvE6output
                0x0000000020002e94        0x6 _build/nrf52832_xxaa/MPU9250.cpp.o
 *fill*         0x0000000020002e9a        0x2 
 .bss._ZZN8_MPU925016getCalibratedMagEvE6output
                0x0000000020002e9c        0x8 _build/nrf52832_xxaa/MPU9250.cpp.o
 .bss._ZZN8_MPU92509getRawMagEvE6output
                0x0000000020002ea4        0x8 _build/nrf52832_xxaa/MPU9250.cpp.o
 .bss.__malloc_free_list
                0x0000000020002eac        0x4 c:/eclipse/gnu mcu eclipse/arm embedded gcc/8.2.1-1.7-20190524-0603/bin/../lib/gcc/arm-none-eabi/8.2.1/../../../../arm-none-eabi/lib/thumb/v7e-m+fp/hard\libc_nano.a(lib_a-nano-mallocr.o)
                0x0000000020002eac                __malloc_free_list
 .bss.__malloc_sbrk_start
                0x0000000020002eb0        0x4 c:/eclipse/gnu mcu eclipse/arm embedded gcc/8.2.1-1.7-20190524-0603/bin/../lib/gcc/arm-none-eabi/8.2.1/../../../../arm-none-eabi/lib/thumb/v7e-m+fp/hard\libc_nano.a(lib_a-nano-mallocr.o)
                0x0000000020002eb0                __malloc_sbrk_start
 .bss.heap_end.5501
                0x0000000020002eb4        0x4 c:/eclipse/gnu mcu eclipse/arm embedded gcc/8.2.1-1.7-20190524-0603/bin/../lib/gcc/arm-none-eabi/8.2.1/../../../../arm-none-eabi/lib/thumb/v7e-m+fp/hard\libnosys.a(sbrk.o)
 *(COMMON)
 COMMON         0x0000000020002eb8        0xc _build/nrf52832_xxaa/app_util_platform.c.o
                0x0000000020002eb8                nrf_nvic_state
 COMMON         0x0000000020002ec4        0x4 c:/eclipse/gnu mcu eclipse/arm embedded gcc/8.2.1-1.7-20190524-0603/bin/../lib/gcc/arm-none-eabi/8.2.1/../../../../arm-none-eabi/lib/thumb/v7e-m+fp/hard\libc_nano.a(lib_a-reent.o)
                0x0000000020002ec4                errno
 COMMON         0x0000000020002ec8        0x9 c:/eclipse/gnu mcu eclipse/arm embedded gcc/8.2.1-1.7-20190524-0603/bin/../lib/gcc/arm-none-eabi/8.2.1/../../../../arm-none-eabi/lib/thumb/v7e-m+fp/hard\libc_nano.a(lib_a-lock.o)
                0x0000000020002ec8                __lock___atexit_recursive_mutex
                0x0000000020002ec9                __lock___arc4random_mutex
                0x0000000020002eca                __lock___env_recursive_mutex
                0x0000000020002ecb                __lock___sinit_recursive_mutex
                0x0000000020002ecc                __lock___malloc_recursive_mutex
                0x0000000020002ecd                __lock___at_quick_exit_mutex
                0x0000000020002ece                __lock___dd_hash_mutex
                0x0000000020002ecf                __lock___tz_mutex
                0x0000000020002ed0                __lock___sfp_recursive_mutex
                0x0000000020002ed4                . = ALIGN (0x4)
 *fill*         0x0000000020002ed1        0x3 
                0x0000000020002ed4                __bss_end__ = .

.heap           0x0000000020002ed8     0x2000
                0x0000000020002ed8                __HeapBase = .
                0x0000000020002ed8                __end__ = .
                0x0000000020002ed8                PROVIDE (end = .)
 *(.heap*)
 .heap          0x0000000020002ed8     0x2000 _build/nrf52832_xxaa/gcc_startup_nrf52.S.o
                0x0000000020004ed8                __HeapLimit = .

.stack_dummy    0x0000000020002ed8     0x2000
 *(.stack*)
 .stack         0x0000000020002ed8     0x2000 _build/nrf52832_xxaa/gcc_startup_nrf52.S.o
                0x0000000020010000                __StackTop = (ORIGIN (RAM) + LENGTH (RAM))
                0x000000002000e000                __StackLimit = (__StackTop - SIZEOF (.stack_dummy))
                0x0000000020010000                PROVIDE (__stack = __StackTop)
                0x0000000000000001                ASSERT ((__StackLimit >= __HeapLimit), region RAM overflowed with stack)
                0x0000000000000074                DataInitFlashUsed = (__bss_start__ - __data_start__)
                0x0000000000005384                CodeFlashUsed = (__etext - ORIGIN (FLASH))
                0x00000000000053f8                TotalFlashUsed = (CodeFlashUsed + DataInitFlashUsed)
                0x0000000000000001                ASSERT ((TotalFlashUsed <= LENGTH (FLASH)), region FLASH overflowed with .data and user data)
OUTPUT(_build/nrf52832_xxaa.out elf32-littlearm)

.ARM.attributes
                0x0000000000000000       0x30
 .ARM.attributes
                0x0000000000000000       0x1e c:/eclipse/gnu mcu eclipse/arm embedded gcc/8.2.1-1.7-20190524-0603/bin/../lib/gcc/arm-none-eabi/8.2.1/thumb/v7e-m+fp/hard/crti.o
 .ARM.attributes
                0x000000000000001e       0x34 c:/eclipse/gnu mcu eclipse/arm embedded gcc/8.2.1-1.7-20190524-0603/bin/../lib/gcc/arm-none-eabi/8.2.1/thumb/v7e-m+fp/hard/crtbegin.o
 .ARM.attributes
                0x0000000000000052       0x1c c:/eclipse/gnu mcu eclipse/arm embedded gcc/8.2.1-1.7-20190524-0603/bin/../lib/gcc/arm-none-eabi/8.2.1/../../../../arm-none-eabi/lib/thumb/v7e-m+fp/hard/crt0.o
 .ARM.attributes
                0x000000000000006e       0x20 _build/nrf52832_xxaa/gcc_startup_nrf52.S.o
 .ARM.attributes
                0x000000000000008e       0x34 _build/nrf52832_xxaa/app_error.c.o
 .ARM.attributes
                0x00000000000000c2       0x34 _build/nrf52832_xxaa/app_error_weak.c.o
 .ARM.attributes
                0x00000000000000f6       0x34 _build/nrf52832_xxaa/app_timer.c.o
 .ARM.attributes
                0x000000000000012a       0x34 _build/nrf52832_xxaa/app_util_platform.c.o
 .ARM.attributes
                0x000000000000015e       0x34 _build/nrf52832_xxaa/nrf_atflags.c.o
 .ARM.attributes
                0x0000000000000192       0x34 _build/nrf52832_xxaa/nrf_atomic.c.o
 .ARM.attributes
                0x00000000000001c6       0x34 _build/nrf52832_xxaa/nrf_section_iter.c.o
 .ARM.attributes
                0x00000000000001fa       0x34 _build/nrf52832_xxaa/system_nrf52.c.o
 .ARM.attributes
                0x000000000000022e       0x34 _build/nrf52832_xxaa/nrf_drv_clock.c.o
 .ARM.attributes
                0x0000000000000262       0x34 _build/nrf52832_xxaa/nrfx_clock.c.o
 .ARM.attributes
                0x0000000000000296       0x34 _build/nrf52832_xxaa/nrfx_uart.c.o
 .ARM.attributes
                0x00000000000002ca       0x34 _build/nrf52832_xxaa/bsp.c.o
 .ARM.attributes
                0x00000000000002fe       0x34 _build/nrf52832_xxaa/bsp_btn_ble.c.o
 .ARM.attributes
                0x0000000000000332       0x34 _build/nrf52832_xxaa/main.cpp.o
 .ARM.attributes
                0x0000000000000366       0x34 _build/nrf52832_xxaa/ble_conn_params.c.o
 .ARM.attributes
                0x000000000000039a       0x34 _build/nrf52832_xxaa/ble_conn_state.c.o
 .ARM.attributes
                0x00000000000003ce       0x34 _build/nrf52832_xxaa/ble_srv_common.c.o
 .ARM.attributes
                0x0000000000000402       0x34 _build/nrf52832_xxaa/nrf_sdh.c.o
 .ARM.attributes
                0x0000000000000436       0x34 _build/nrf52832_xxaa/nrf_sdh_ble.c.o
 .ARM.attributes
                0x000000000000046a       0x34 _build/nrf52832_xxaa/nrf_sdh_soc.c.o
 .ARM.attributes
                0x000000000000049e       0x34 _build/nrf52832_xxaa/Bluetooth.cpp.o
 .ARM.attributes
                0x00000000000004d2       0x34 _build/nrf52832_xxaa/arduino.cpp.o
 .ARM.attributes
                0x0000000000000506       0x34 _build/nrf52832_xxaa/Wire.cpp.o
 .ARM.attributes
                0x000000000000053a       0x34 _build/nrf52832_xxaa/MPU9250.cpp.o
 .ARM.attributes
                0x000000000000056e       0x34 c:/eclipse/gnu mcu eclipse/arm embedded gcc/8.2.1-1.7-20190524-0603/bin/../lib/gcc/arm-none-eabi/8.2.1/../../../../arm-none-eabi/lib/thumb/v7e-m+fp/hard\libc_nano.a(lib_a-exit.o)
 .ARM.attributes
                0x00000000000005a2       0x32 c:/eclipse/gnu mcu eclipse/arm embedded gcc/8.2.1-1.7-20190524-0603/bin/../lib/gcc/arm-none-eabi/8.2.1/../../../../arm-none-eabi/lib/thumb/v7e-m+fp/hard\libc_nano.a(lib_a-impure.o)
 .ARM.attributes
                0x00000000000005d4       0x34 c:/eclipse/gnu mcu eclipse/arm embedded gcc/8.2.1-1.7-20190524-0603/bin/../lib/gcc/arm-none-eabi/8.2.1/../../../../arm-none-eabi/lib/thumb/v7e-m+fp/hard\libc_nano.a(lib_a-init.o)
 .ARM.attributes
                0x0000000000000608       0x34 c:/eclipse/gnu mcu eclipse/arm embedded gcc/8.2.1-1.7-20190524-0603/bin/../lib/gcc/arm-none-eabi/8.2.1/../../../../arm-none-eabi/lib/thumb/v7e-m+fp/hard\libc_nano.a(lib_a-memcpy-stub.o)
 .ARM.attributes
                0x000000000000063c       0x34 c:/eclipse/gnu mcu eclipse/arm embedded gcc/8.2.1-1.7-20190524-0603/bin/../lib/gcc/arm-none-eabi/8.2.1/../../../../arm-none-eabi/lib/thumb/v7e-m+fp/hard\libc_nano.a(lib_a-memset.o)
 .ARM.attributes
                0x0000000000000670       0x34 c:/eclipse/gnu mcu eclipse/arm embedded gcc/8.2.1-1.7-20190524-0603/bin/../lib/gcc/arm-none-eabi/8.2.1/../../../../arm-none-eabi/lib/thumb/v7e-m+fp/hard\libc_nano.a(lib_a-sprintf.o)
 .ARM.attributes
                0x00000000000006a4       0x17 c:/eclipse/gnu mcu eclipse/arm embedded gcc/8.2.1-1.7-20190524-0603/bin/../lib/gcc/arm-none-eabi/8.2.1/../../../../arm-none-eabi/lib/thumb/v7e-m+fp/hard\libc_nano.a(lib_a-strlen.o)
 .ARM.attributes
                0x00000000000006bb       0x34 c:/eclipse/gnu mcu eclipse/arm embedded gcc/8.2.1-1.7-20190524-0603/bin/../lib/gcc/arm-none-eabi/8.2.1/../../../../arm-none-eabi/lib/thumb/v7e-m+fp/hard\libc_nano.a(lib_a-nano-svfprintf.o)
 .ARM.attributes
                0x00000000000006ef       0x34 c:/eclipse/gnu mcu eclipse/arm embedded gcc/8.2.1-1.7-20190524-0603/bin/../lib/gcc/arm-none-eabi/8.2.1/../../../../arm-none-eabi/lib/thumb/v7e-m+fp/hard\libc_nano.a(lib_a-nano-vfprintf_i.o)
 .ARM.attributes
                0x0000000000000723       0x1c c:/eclipse/gnu mcu eclipse/arm embedded gcc/8.2.1-1.7-20190524-0603/bin/../lib/gcc/arm-none-eabi/8.2.1/../../../../arm-none-eabi/lib/thumb/v7e-m+fp/hard\libc_nano.a(lib_a-memchr.o)
 .ARM.attributes
                0x000000000000073f       0x34 c:/eclipse/gnu mcu eclipse/arm embedded gcc/8.2.1-1.7-20190524-0603/bin/../lib/gcc/arm-none-eabi/8.2.1/../../../../arm-none-eabi/lib/thumb/v7e-m+fp/hard\libc_nano.a(lib_a-memmove.o)
 .ARM.attributes
                0x0000000000000773       0x34 c:/eclipse/gnu mcu eclipse/arm embedded gcc/8.2.1-1.7-20190524-0603/bin/../lib/gcc/arm-none-eabi/8.2.1/../../../../arm-none-eabi/lib/thumb/v7e-m+fp/hard\libc_nano.a(lib_a-nano-freer.o)
 .ARM.attributes
                0x00000000000007a7       0x34 c:/eclipse/gnu mcu eclipse/arm embedded gcc/8.2.1-1.7-20190524-0603/bin/../lib/gcc/arm-none-eabi/8.2.1/../../../../arm-none-eabi/lib/thumb/v7e-m+fp/hard\libc_nano.a(lib_a-nano-mallocr.o)
 .ARM.attributes
                0x00000000000007db       0x34 c:/eclipse/gnu mcu eclipse/arm embedded gcc/8.2.1-1.7-20190524-0603/bin/../lib/gcc/arm-none-eabi/8.2.1/../../../../arm-none-eabi/lib/thumb/v7e-m+fp/hard\libc_nano.a(lib_a-nano-reallocr.o)
 .ARM.attributes
                0x000000000000080f       0x34 c:/eclipse/gnu mcu eclipse/arm embedded gcc/8.2.1-1.7-20190524-0603/bin/../lib/gcc/arm-none-eabi/8.2.1/../../../../arm-none-eabi/lib/thumb/v7e-m+fp/hard\libc_nano.a(lib_a-sbrkr.o)
 .ARM.attributes
                0x0000000000000843       0x34 c:/eclipse/gnu mcu eclipse/arm embedded gcc/8.2.1-1.7-20190524-0603/bin/../lib/gcc/arm-none-eabi/8.2.1/../../../../arm-none-eabi/lib/thumb/v7e-m+fp/hard\libc_nano.a(lib_a-mlock.o)
 .ARM.attributes
                0x0000000000000877       0x34 c:/eclipse/gnu mcu eclipse/arm embedded gcc/8.2.1-1.7-20190524-0603/bin/../lib/gcc/arm-none-eabi/8.2.1/../../../../arm-none-eabi/lib/thumb/v7e-m+fp/hard\libc_nano.a(lib_a-nano-msizer.o)
 .ARM.attributes
                0x00000000000008ab       0x34 c:/eclipse/gnu mcu eclipse/arm embedded gcc/8.2.1-1.7-20190524-0603/bin/../lib/gcc/arm-none-eabi/8.2.1/../../../../arm-none-eabi/lib/thumb/v7e-m+fp/hard\libc_nano.a(lib_a-reent.o)
 .ARM.attributes
                0x00000000000008df       0x34 c:/eclipse/gnu mcu eclipse/arm embedded gcc/8.2.1-1.7-20190524-0603/bin/../lib/gcc/arm-none-eabi/8.2.1/../../../../arm-none-eabi/lib/thumb/v7e-m+fp/hard\libc_nano.a(lib_a-lock.o)
 .ARM.attributes
                0x0000000000000913       0x34 c:/eclipse/gnu mcu eclipse/arm embedded gcc/8.2.1-1.7-20190524-0603/bin/../lib/gcc/arm-none-eabi/8.2.1/../../../../arm-none-eabi/lib/thumb/v7e-m+fp/hard\libnosys.a(sbrk.o)
 .ARM.attributes
                0x0000000000000947       0x34 c:/eclipse/gnu mcu eclipse/arm embedded gcc/8.2.1-1.7-20190524-0603/bin/../lib/gcc/arm-none-eabi/8.2.1/../../../../arm-none-eabi/lib/thumb/v7e-m+fp/hard\libnosys.a(_exit.o)
 .ARM.attributes
                0x000000000000097b       0x34 c:/eclipse/gnu mcu eclipse/arm embedded gcc/8.2.1-1.7-20190524-0603/bin/../lib/gcc/arm-none-eabi/8.2.1/../../../../arm-none-eabi/lib/thumb/v7e-m+fp/hard\libm.a(lib_a-w_sqrt.o)
 .ARM.attributes
                0x00000000000009af       0x34 c:/eclipse/gnu mcu eclipse/arm embedded gcc/8.2.1-1.7-20190524-0603/bin/../lib/gcc/arm-none-eabi/8.2.1/../../../../arm-none-eabi/lib/thumb/v7e-m+fp/hard\libm.a(lib_a-e_sqrt.o)
 .ARM.attributes
                0x00000000000009e3       0x32 c:/eclipse/gnu mcu eclipse/arm embedded gcc/8.2.1-1.7-20190524-0603/bin/../lib/gcc/arm-none-eabi/8.2.1/../../../../arm-none-eabi/lib/thumb/v7e-m+fp/hard\libm.a(lib_a-s_lib_ver.o)
 .ARM.attributes
                0x0000000000000a15       0x34 c:/eclipse/gnu mcu eclipse/arm embedded gcc/8.2.1-1.7-20190524-0603/bin/../lib/gcc/arm-none-eabi/8.2.1/../../../../arm-none-eabi/lib/thumb/v7e-m+fp/hard\libm.a(lib_a-s_matherr.o)
 .ARM.attributes
                0x0000000000000a49       0x1e c:/eclipse/gnu mcu eclipse/arm embedded gcc/8.2.1-1.7-20190524-0603/bin/../lib/gcc/arm-none-eabi/8.2.1/thumb/v7e-m+fp/hard\libgcc.a(_arm_addsubdf3.o)
 .ARM.attributes
                0x0000000000000a67       0x1e c:/eclipse/gnu mcu eclipse/arm embedded gcc/8.2.1-1.7-20190524-0603/bin/../lib/gcc/arm-none-eabi/8.2.1/thumb/v7e-m+fp/hard\libgcc.a(_arm_muldivdf3.o)
 .ARM.attributes
                0x0000000000000a85       0x1e c:/eclipse/gnu mcu eclipse/arm embedded gcc/8.2.1-1.7-20190524-0603/bin/../lib/gcc/arm-none-eabi/8.2.1/thumb/v7e-m+fp/hard\libgcc.a(_arm_cmpdf2.o)
 .ARM.attributes
                0x0000000000000aa3       0x1e c:/eclipse/gnu mcu eclipse/arm embedded gcc/8.2.1-1.7-20190524-0603/bin/../lib/gcc/arm-none-eabi/8.2.1/thumb/v7e-m+fp/hard\libgcc.a(_arm_unorddf2.o)
 .ARM.attributes
                0x0000000000000ac1       0x1e c:/eclipse/gnu mcu eclipse/arm embedded gcc/8.2.1-1.7-20190524-0603/bin/../lib/gcc/arm-none-eabi/8.2.1/thumb/v7e-m+fp/hard\libgcc.a(_arm_fixdfsi.o)
 .ARM.attributes
                0x0000000000000adf       0x1e c:/eclipse/gnu mcu eclipse/arm embedded gcc/8.2.1-1.7-20190524-0603/bin/../lib/gcc/arm-none-eabi/8.2.1/thumb/v7e-m+fp/hard\libgcc.a(_arm_fixunsdfsi.o)
 .ARM.attributes
                0x0000000000000afd       0x34 c:/eclipse/gnu mcu eclipse/arm embedded gcc/8.2.1-1.7-20190524-0603/bin/../lib/gcc/arm-none-eabi/8.2.1/../../../../arm-none-eabi/lib/thumb/v7e-m+fp/hard\libg_nano.a(lib_a-errno.o)
 .ARM.attributes
                0x0000000000000b31       0x32 c:/eclipse/gnu mcu eclipse/arm embedded gcc/8.2.1-1.7-20190524-0603/bin/../lib/gcc/arm-none-eabi/8.2.1/thumb/v7e-m+fp/hard/crtend.o
 .ARM.attributes
                0x0000000000000b63       0x1e c:/eclipse/gnu mcu eclipse/arm embedded gcc/8.2.1-1.7-20190524-0603/bin/../lib/gcc/arm-none-eabi/8.2.1/thumb/v7e-m+fp/hard/crtn.o

.comment        0x0000000000000000       0x68
 .comment       0x0000000000000000       0x68 _build/nrf52832_xxaa/app_error.c.o
                                         0x69 (size before relaxing)
 .comment       0x0000000000000068       0x69 _build/nrf52832_xxaa/app_error_weak.c.o
 .comment       0x0000000000000068       0x69 _build/nrf52832_xxaa/app_timer.c.o
 .comment       0x0000000000000068       0x69 _build/nrf52832_xxaa/app_util_platform.c.o
 .comment       0x0000000000000068       0x69 _build/nrf52832_xxaa/nrf_atflags.c.o
 .comment       0x0000000000000068       0x69 _build/nrf52832_xxaa/nrf_atomic.c.o
 .comment       0x0000000000000068       0x69 _build/nrf52832_xxaa/nrf_section_iter.c.o
 .comment       0x0000000000000068       0x69 _build/nrf52832_xxaa/system_nrf52.c.o
 .comment       0x0000000000000068       0x69 _build/nrf52832_xxaa/nrf_drv_clock.c.o
 .comment       0x0000000000000068       0x69 _build/nrf52832_xxaa/nrfx_clock.c.o
 .comment       0x0000000000000068       0x69 _build/nrf52832_xxaa/nrfx_uart.c.o
 .comment       0x0000000000000068       0x69 _build/nrf52832_xxaa/bsp.c.o
 .comment       0x0000000000000068       0x69 _build/nrf52832_xxaa/bsp_btn_ble.c.o
 .comment       0x0000000000000068       0x69 _build/nrf52832_xxaa/main.cpp.o
 .comment       0x0000000000000068       0x69 _build/nrf52832_xxaa/ble_conn_params.c.o
 .comment       0x0000000000000068       0x69 _build/nrf52832_xxaa/ble_conn_state.c.o
 .comment       0x0000000000000068       0x69 _build/nrf52832_xxaa/ble_srv_common.c.o
 .comment       0x0000000000000068       0x69 _build/nrf52832_xxaa/nrf_sdh.c.o
 .comment       0x0000000000000068       0x69 _build/nrf52832_xxaa/nrf_sdh_ble.c.o
 .comment       0x0000000000000068       0x69 _build/nrf52832_xxaa/nrf_sdh_soc.c.o
 .comment       0x0000000000000068       0x69 _build/nrf52832_xxaa/Bluetooth.cpp.o
 .comment       0x0000000000000068       0x69 _build/nrf52832_xxaa/arduino.cpp.o
 .comment       0x0000000000000068       0x69 _build/nrf52832_xxaa/Wire.cpp.o
 .comment       0x0000000000000068       0x69 _build/nrf52832_xxaa/MPU9250.cpp.o

.debug_line     0x0000000000000000    0x15f8c
 .debug_line    0x0000000000000000       0x8f _build/nrf52832_xxaa/gcc_startup_nrf52.S.o
 .debug_line    0x000000000000008f      0x601 _build/nrf52832_xxaa/app_error.c.o
 .debug_line    0x0000000000000690      0x8b6 _build/nrf52832_xxaa/app_error_weak.c.o
 .debug_line    0x0000000000000f46     0x1812 _build/nrf52832_xxaa/app_timer.c.o
 .debug_line    0x0000000000002758      0x845 _build/nrf52832_xxaa/app_util_platform.c.o
 .debug_line    0x0000000000002f9d      0x8f8 _build/nrf52832_xxaa/nrf_atflags.c.o
 .debug_line    0x0000000000003895      0x8ce _build/nrf52832_xxaa/nrf_atomic.c.o
 .debug_line    0x0000000000004163      0x656 _build/nrf52832_xxaa/nrf_section_iter.c.o
 .debug_line    0x00000000000047b9      0x94c _build/nrf52832_xxaa/system_nrf52.c.o
 .debug_line    0x0000000000005105     0x12a5 _build/nrf52832_xxaa/nrf_drv_clock.c.o
 .debug_line    0x00000000000063aa     0x1079 _build/nrf52832_xxaa/nrfx_clock.c.o
 .debug_line    0x0000000000007423     0x1ef1 _build/nrf52832_xxaa/nrfx_uart.c.o
 .debug_line    0x0000000000009314     0x1203 _build/nrf52832_xxaa/bsp.c.o
 .debug_line    0x000000000000a517      0xc07 _build/nrf52832_xxaa/bsp_btn_ble.c.o
 .debug_line    0x000000000000b11e      0xefd _build/nrf52832_xxaa/main.cpp.o
 .debug_line    0x000000000000c01b      0xea9 _build/nrf52832_xxaa/ble_conn_params.c.o
 .debug_line    0x000000000000cec4     0x1122 _build/nrf52832_xxaa/ble_conn_state.c.o
 .debug_line    0x000000000000dfe6      0xb9b _build/nrf52832_xxaa/ble_srv_common.c.o
 .debug_line    0x000000000000eb81     0x1046 _build/nrf52832_xxaa/nrf_sdh.c.o
 .debug_line    0x000000000000fbc7      0xaeb _build/nrf52832_xxaa/nrf_sdh_ble.c.o
 .debug_line    0x00000000000106b2      0x881 _build/nrf52832_xxaa/nrf_sdh_soc.c.o
 .debug_line    0x0000000000010f33      0xb0d _build/nrf52832_xxaa/Bluetooth.cpp.o
 .debug_line    0x0000000000011a40     0x1605 _build/nrf52832_xxaa/arduino.cpp.o
 .debug_line    0x0000000000013045      0xdf2 _build/nrf52832_xxaa/Wire.cpp.o
 .debug_line    0x0000000000013e37     0x2155 _build/nrf52832_xxaa/MPU9250.cpp.o

.debug_info     0x0000000000000000    0x37ee2
 .debug_info    0x0000000000000000       0x26 _build/nrf52832_xxaa/gcc_startup_nrf52.S.o
 .debug_info    0x0000000000000026      0xbac _build/nrf52832_xxaa/app_error.c.o
 .debug_info    0x0000000000000bd2      0xf9f _build/nrf52832_xxaa/app_error_weak.c.o
 .debug_info    0x0000000000001b71     0x29ec _build/nrf52832_xxaa/app_timer.c.o
 .debug_info    0x000000000000455d     0x1305 _build/nrf52832_xxaa/app_util_platform.c.o
 .debug_info    0x0000000000005862      0xf53 _build/nrf52832_xxaa/nrf_atflags.c.o
 .debug_info    0x00000000000067b5     0x1434 _build/nrf52832_xxaa/nrf_atomic.c.o
 .debug_info    0x0000000000007be9      0xac1 _build/nrf52832_xxaa/nrf_section_iter.c.o
 .debug_info    0x00000000000086aa     0x1277 _build/nrf52832_xxaa/system_nrf52.c.o
 .debug_info    0x0000000000009921     0x2071 _build/nrf52832_xxaa/nrf_drv_clock.c.o
 .debug_info    0x000000000000b992     0x1e20 _build/nrf52832_xxaa/nrfx_clock.c.o
 .debug_info    0x000000000000d7b2     0x40d4 _build/nrf52832_xxaa/nrfx_uart.c.o
 .debug_info    0x0000000000011886     0x1e95 _build/nrf52832_xxaa/bsp.c.o
 .debug_info    0x000000000001371b     0x28bc _build/nrf52832_xxaa/bsp_btn_ble.c.o
 .debug_info    0x0000000000015fd7     0x52ee _build/nrf52832_xxaa/main.cpp.o
 .debug_info    0x000000000001b2c5     0x357c _build/nrf52832_xxaa/ble_conn_params.c.o
 .debug_info    0x000000000001e841     0x3783 _build/nrf52832_xxaa/ble_conn_state.c.o
 .debug_info    0x0000000000021fc4     0x1700 _build/nrf52832_xxaa/ble_srv_common.c.o
 .debug_info    0x00000000000236c4     0x2066 _build/nrf52832_xxaa/nrf_sdh.c.o
 .debug_info    0x000000000002572a     0x2ff6 _build/nrf52832_xxaa/nrf_sdh_ble.c.o
 .debug_info    0x0000000000028720      0xf5a _build/nrf52832_xxaa/nrf_sdh_soc.c.o
 .debug_info    0x000000000002967a     0x1e1f _build/nrf52832_xxaa/Bluetooth.cpp.o
 .debug_info    0x000000000002b499     0x3c67 _build/nrf52832_xxaa/arduino.cpp.o
 .debug_info    0x000000000002f100     0x2364 _build/nrf52832_xxaa/Wire.cpp.o
 .debug_info    0x0000000000031464     0x6a7e _build/nrf52832_xxaa/MPU9250.cpp.o

.debug_abbrev   0x0000000000000000     0x6c26
 .debug_abbrev  0x0000000000000000       0x14 _build/nrf52832_xxaa/gcc_startup_nrf52.S.o
 .debug_abbrev  0x0000000000000014      0x276 _build/nrf52832_xxaa/app_error.c.o
 .debug_abbrev  0x000000000000028a      0x2b2 _build/nrf52832_xxaa/app_error_weak.c.o
 .debug_abbrev  0x000000000000053c      0x53a _build/nrf52832_xxaa/app_timer.c.o
 .debug_abbrev  0x0000000000000a76      0x3e6 _build/nrf52832_xxaa/app_util_platform.c.o
 .debug_abbrev  0x0000000000000e5c      0x378 _build/nrf52832_xxaa/nrf_atflags.c.o
 .debug_abbrev  0x00000000000011d4      0x378 _build/nrf52832_xxaa/nrf_atomic.c.o
 .debug_abbrev  0x000000000000154c      0x206 _build/nrf52832_xxaa/nrf_section_iter.c.o
 .debug_abbrev  0x0000000000001752      0x226 _build/nrf52832_xxaa/system_nrf52.c.o